Archive member included to satisfy reference by file (symbol)

c:/program files (x86)/gnu tools arm embedded/8 2019-q3-update/bin/../lib/gcc/arm-none-eabi/8.3.1/../../../../arm-none-eabi/lib/thumb/v7e-m+fp/hard\libc_nano.a(lib_a-assert.o)
                              ../../applications/murata-dualstack-example-ns/build/alp.o (__assert_func)
c:/program files (x86)/gnu tools arm embedded/8 2019-q3-update/bin/../lib/gcc/arm-none-eabi/8.3.1/../../../../arm-none-eabi/lib/thumb/v7e-m+fp/hard\libc_nano.a(lib_a-exit.o)
                              c:/program files (x86)/gnu tools arm embedded/8 2019-q3-update/bin/../lib/gcc/arm-none-eabi/8.3.1/../../../../arm-none-eabi/lib/thumb/v7e-m+fp/hard/crt0.o (exit)
c:/program files (x86)/gnu tools arm embedded/8 2019-q3-update/bin/../lib/gcc/arm-none-eabi/8.3.1/../../../../arm-none-eabi/lib/thumb/v7e-m+fp/hard\libc_nano.a(lib_a-fprintf.o)
                              c:/program files (x86)/gnu tools arm embedded/8 2019-q3-update/bin/../lib/gcc/arm-none-eabi/8.3.1/../../../../arm-none-eabi/lib/thumb/v7e-m+fp/hard\libc_nano.a(lib_a-assert.o) (fiprintf)
c:/program files (x86)/gnu tools arm embedded/8 2019-q3-update/bin/../lib/gcc/arm-none-eabi/8.3.1/../../../../arm-none-eabi/lib/thumb/v7e-m+fp/hard\libc_nano.a(lib_a-impure.o)
                              c:/program files (x86)/gnu tools arm embedded/8 2019-q3-update/bin/../lib/gcc/arm-none-eabi/8.3.1/../../../../arm-none-eabi/lib/thumb/v7e-m+fp/hard\libc_nano.a(lib_a-exit.o) (_global_impure_ptr)
c:/program files (x86)/gnu tools arm embedded/8 2019-q3-update/bin/../lib/gcc/arm-none-eabi/8.3.1/../../../../arm-none-eabi/lib/thumb/v7e-m+fp/hard\libc_nano.a(lib_a-init.o)
                              c:/program files (x86)/gnu tools arm embedded/8 2019-q3-update/bin/../lib/gcc/arm-none-eabi/8.3.1/../../../../arm-none-eabi/lib/thumb/v7e-m+fp/hard/crt0.o (__libc_init_array)
c:/program files (x86)/gnu tools arm embedded/8 2019-q3-update/bin/../lib/gcc/arm-none-eabi/8.3.1/../../../../arm-none-eabi/lib/thumb/v7e-m+fp/hard\libc_nano.a(lib_a-memcpy-stub.o)
                              ../../applications/murata-dualstack-example-ns/build/fifo.o (memcpy)
c:/program files (x86)/gnu tools arm embedded/8 2019-q3-update/bin/../lib/gcc/arm-none-eabi/8.3.1/../../../../arm-none-eabi/lib/thumb/v7e-m+fp/hard\libc_nano.a(lib_a-memset.o)
                              c:/program files (x86)/gnu tools arm embedded/8 2019-q3-update/bin/../lib/gcc/arm-none-eabi/8.3.1/../../../../arm-none-eabi/lib/thumb/v7e-m+fp/hard/crt0.o (memset)
c:/program files (x86)/gnu tools arm embedded/8 2019-q3-update/bin/../lib/gcc/arm-none-eabi/8.3.1/../../../../arm-none-eabi/lib/thumb/v7e-m+fp/hard\libc_nano.a(lib_a-nano-vfprintf.o)
                              c:/program files (x86)/gnu tools arm embedded/8 2019-q3-update/bin/../lib/gcc/arm-none-eabi/8.3.1/../../../../arm-none-eabi/lib/thumb/v7e-m+fp/hard\libc_nano.a(lib_a-fprintf.o) (_vfprintf_r)
c:/program files (x86)/gnu tools arm embedded/8 2019-q3-update/bin/../lib/gcc/arm-none-eabi/8.3.1/../../../../arm-none-eabi/lib/thumb/v7e-m+fp/hard\libc_nano.a(lib_a-nano-vfprintf_float.o)
                              c:/program files (x86)/gnu tools arm embedded/8 2019-q3-update/bin/../lib/gcc/arm-none-eabi/8.3.1/../../../../arm-none-eabi/lib/thumb/v7e-m+fp/hard\libc_nano.a(lib_a-nano-vfprintf.o) (_printf_float)
c:/program files (x86)/gnu tools arm embedded/8 2019-q3-update/bin/../lib/gcc/arm-none-eabi/8.3.1/../../../../arm-none-eabi/lib/thumb/v7e-m+fp/hard\libc_nano.a(lib_a-nano-vfprintf_i.o)
                              c:/program files (x86)/gnu tools arm embedded/8 2019-q3-update/bin/../lib/gcc/arm-none-eabi/8.3.1/../../../../arm-none-eabi/lib/thumb/v7e-m+fp/hard\libc_nano.a(lib_a-nano-vfprintf_float.o) (_printf_common)
c:/program files (x86)/gnu tools arm embedded/8 2019-q3-update/bin/../lib/gcc/arm-none-eabi/8.3.1/../../../../arm-none-eabi/lib/thumb/v7e-m+fp/hard\libc_nano.a(lib_a-printf.o)
                              ../../applications/murata-dualstack-example-ns/build/murata-dualstack-example-ns.o (printf)
c:/program files (x86)/gnu tools arm embedded/8 2019-q3-update/bin/../lib/gcc/arm-none-eabi/8.3.1/../../../../arm-none-eabi/lib/thumb/v7e-m+fp/hard\libc_nano.a(lib_a-puts.o)
                              ../../applications/murata-dualstack-example-ns/build/murata-dualstack-example-ns.o (puts)
c:/program files (x86)/gnu tools arm embedded/8 2019-q3-update/bin/../lib/gcc/arm-none-eabi/8.3.1/../../../../arm-none-eabi/lib/thumb/v7e-m+fp/hard\libc_nano.a(lib_a-strlen.o)
                              c:/program files (x86)/gnu tools arm embedded/8 2019-q3-update/bin/../lib/gcc/arm-none-eabi/8.3.1/../../../../arm-none-eabi/lib/thumb/v7e-m+fp/hard\libc_nano.a(lib_a-nano-vfprintf_float.o) (strlen)
c:/program files (x86)/gnu tools arm embedded/8 2019-q3-update/bin/../lib/gcc/arm-none-eabi/8.3.1/../../../../arm-none-eabi/lib/thumb/v7e-m+fp/hard\libc_nano.a(lib_a-strnlen.o)
[...]
Memory Configuration

Name             Origin             Length             Attributes
RAM              0x20000000         0x00050000         xrw
FLASH            0x08000000         0x00100000         xr
*default*        0x00000000         0xffffffff

Linker script and memory map

LOAD c:/program files (x86)/gnu tools arm embedded/8 2019-q3-update/bin/../lib/gcc/arm-none-eabi/8.3.1/thumb/v7e-m+fp/hard/crti.o
LOAD c:/program files (x86)/gnu tools arm embedded/8 2019-q3-update/bin/../lib/gcc/arm-none-eabi/8.3.1/thumb/v7e-m+fp/hard/crtbegin.o
LOAD c:/program files (x86)/gnu tools arm embedded/8 2019-q3-update/bin/../lib/gcc/arm-none-eabi/8.3.1/../../../../arm-none-eabi/lib/thumb/v7e-m+fp/hard/crt0.o
LOAD ../../applications/murata-dualstack-example-ns/build/murata-dualstack-example-ns.o
LOAD ../../applications/murata-dualstack-example-ns/build/alp.o
LOAD ../../applications/murata-dualstack-example-ns/build/crc.o
LOAD ../../applications/murata-dualstack-example-ns/build/fifo.o
LOAD ../../applications/murata-dualstack-example-ns/build/modem.o
LOAD ../../applications/murata-dualstack-example-ns/build/modem_interface.o
LOAD ../../applications/murata-dualstack-example-ns/build/murata.o
LOAD ../../applications/murata-dualstack-example-ns/build/platform.o
LOAD ../../applications/murata-dualstack-example-ns/build/stm32l4xx_hal_i2c.o
LOAD ../../applications/murata-dualstack-example-ns/build/stm32l4xx_hal_i2c_ex.o
LOAD ../../applications/murata-dualstack-example-ns/build/stm32l4xx_hal_spi.o
LOAD ../../applications/murata-dualstack-example-ns/build/stm32l4xx_hal_spi_ex.o
LOAD ../../applications/murata-dualstack-example-ns/build/stm32l4xx_hal_iwdg.o
LOAD ../../applications/murata-dualstack-example-ns/build/stm32l4xx_hal_uart.o
LOAD ../../applications/murata-dualstack-example-ns/build/stm32l4xx_hal_uart_ex.o
LOAD ../../applications/murata-dualstack-example-ns/build/stm32l4xx_hal_tim.o
LOAD ../../applications/murata-dualstack-example-ns/build/stm32l4xx_hal_tim_ex.o
LOAD ../../applications/murata-dualstack-example-ns/build/stm32l4xx_hal.o
LOAD ../../applications/murata-dualstack-example-ns/build/stm32l4xx_hal_rcc.o
LOAD ../../applications/murata-dualstack-example-ns/build/stm32l4xx_hal_rcc_ex.o
LOAD ../../applications/murata-dualstack-example-ns/build/stm32l4xx_hal_flash.o
LOAD ../../applications/murata-dualstack-example-ns/build/stm32l4xx_hal_flash_ex.o
LOAD ../../applications/murata-dualstack-example-ns/build/stm32l4xx_hal_flash_ramfunc.o
LOAD ../../applications/murata-dualstack-example-ns/build/stm32l4xx_hal_gpio.o
LOAD ../../applications/murata-dualstack-example-ns/build/stm32l4xx_hal_dma.o
LOAD ../../applications/murata-dualstack-example-ns/build/stm32l4xx_hal_dma_ex.o
LOAD ../../applications/murata-dualstack-example-ns/build/stm32l4xx_hal_pwr.o
LOAD ../../applications/murata-dualstack-example-ns/build/stm32l4xx_hal_pwr_ex.o
LOAD ../../applications/murata-dualstack-example-ns/build/stm32l4xx_hal_cortex.o
LOAD ../../applications/murata-dualstack-example-ns/build/stm32l4xx_hal_crc.o
LOAD ../../applications/murata-dualstack-example-ns/build/stm32l4xx_hal_crc_ex.o
LOAD ../../applications/murata-dualstack-example-ns/build/croutine.o
LOAD ../../applications/murata-dualstack-example-ns/build/event_groups.o
LOAD ../../applications/murata-dualstack-example-ns/build/list.o
LOAD ../../applications/murata-dualstack-example-ns/build/queue.o
LOAD ../../applications/murata-dualstack-example-ns/build/stream_buffer.o
LOAD ../../applications/murata-dualstack-example-ns/build/tasks.o
LOAD ../../applications/murata-dualstack-example-ns/build/timers.o
LOAD ../../applications/murata-dualstack-example-ns/build/cmsis_os.o
LOAD ../../applications/murata-dualstack-example-ns/build/heap_4.o
LOAD ../../applications/murata-dualstack-example-ns/build/port.o
LOAD ../../applications/murata-dualstack-example-ns/build/freertos.o
LOAD ../../applications/murata-dualstack-example-ns/build/gpio.o
LOAD ../../applications/murata-dualstack-example-ns/build/i2c.o
LOAD ../../applications/murata-dualstack-example-ns/build/iwdg.o
LOAD ../../applications/murata-dualstack-example-ns/build/octa.o
LOAD ../../applications/murata-dualstack-example-ns/build/rtosmacros.o
LOAD ../../applications/murata-dualstack-example-ns/build/spi.o
LOAD ../../applications/murata-dualstack-example-ns/build/stm32l4xx_hal_msp.o
LOAD ../../applications/murata-dualstack-example-ns/build/stm32l4xx_hal_timebase_tim.o
LOAD ../../applications/murata-dualstack-example-ns/build/stm32l4xx_it.o
LOAD ../../applications/murata-dualstack-example-ns/build/sysclock.o
LOAD ../../applications/murata-dualstack-example-ns/build/system_stm32l4xx.o
LOAD ../../applications/murata-dualstack-example-ns/build/uart.o
LOAD ../../applications/murata-dualstack-example-ns/build/LSM303AGRSensor.o
LOAD ../../applications/murata-dualstack-example-ns/build/S25FL256.o
LOAD ../../applications/murata-dualstack-example-ns/build/sht31.o
LOAD ../../applications/murata-dualstack-example-ns/build/stc3115.o
LOAD ../../applications/murata-dualstack-example-ns/build/TCS3472.o
LOAD ../../applications/murata-dualstack-example-ns/build/startup_stm32l496xx.o
LOAD c:/program files (x86)/gnu tools arm embedded/8 2019-q3-update/bin/../lib/gcc/arm-none-eabi/8.3.1/../../../../arm-none-eabi/lib/thumb/v7e-m+fp/hard\libc_nano.a
LOAD c:/program files (x86)/gnu tools arm embedded/8 2019-q3-update/bin/../lib/gcc/arm-none-eabi/8.3.1/../../../../arm-none-eabi/lib/thumb/v7e-m+fp/hard\libm.a
LOAD c:/program files (x86)/gnu tools arm embedded/8 2019-q3-update/bin/../lib/gcc/arm-none-eabi/8.3.1/../../../../arm-none-eabi/lib/thumb/v7e-m+fp/hard\libnosys.a
START GROUP
LOAD c:/program files (x86)/gnu tools arm embedded/8 2019-q3-update/bin/../lib/gcc/arm-none-eabi/8.3.1/thumb/v7e-m+fp/hard\libgcc.a
LOAD c:/program files (x86)/gnu tools arm embedded/8 2019-q3-update/bin/../lib/gcc/arm-none-eabi/8.3.1/../../../../arm-none-eabi/lib/thumb/v7e-m+fp/hard\libc_nano.a
END GROUP
START GROUP
LOAD c:/program files (x86)/gnu tools arm embedded/8 2019-q3-update/bin/../lib/gcc/arm-none-eabi/8.3.1/thumb/v7e-m+fp/hard\libgcc.a
LOAD c:/program files (x86)/gnu tools arm embedded/8 2019-q3-update/bin/../lib/gcc/arm-none-eabi/8.3.1/../../../../arm-none-eabi/lib/thumb/v7e-m+fp/hard\libc_nano.a
END GROUP
LOAD c:/program files (x86)/gnu tools arm embedded/8 2019-q3-update/bin/../lib/gcc/arm-none-eabi/8.3.1/thumb/v7e-m+fp/hard/crtend.o
LOAD c:/program files (x86)/gnu tools arm embedded/8 2019-q3-update/bin/../lib/gcc/arm-none-eabi/8.3.1/thumb/v7e-m+fp/hard/crtn.o
                0x20050000                _estack = 0x20050000
                0x00000200                _Min_Heap_Size = 0x200
                0x00000400                _Min_Stack_Size = 0x400

.isr_vector     0x08000000      0x1b0
                0x08000000                . = ALIGN (0x8)
 *(.isr_vector)
 .isr_vector    0x08000000      0x1ac ../../applications/murata-dualstack-example-ns/build/startup_stm32l496xx.o
                0x08000000                g_pfnVectors
                0x080001b0                . = ALIGN (0x8)
 *fill*         0x080001ac        0x4 

.text           0x080001b0     0x9b98
                0x080001b0                . = ALIGN (0x8)
 *(.text)
 .text          0x080001b0       0x40 c:/program files (x86)/gnu tools arm embedded/8 2019-q3-update/bin/../lib/gcc/arm-none-eabi/8.3.1/thumb/v7e-m+fp/hard/crtbegin.o
 .text          0x080001f0       0x10 c:/program files (x86)/gnu tools arm embedded/8 2019-q3-update/bin/../lib/gcc/arm-none-eabi/8.3.1/../../../../arm-none-eabi/lib/thumb/v7e-m+fp/hard\libc_nano.a(lib_a-strlen.o)
                0x080001f0                strlen
 .text          0x08000200       0xa0 c:/program files (x86)/gnu tools arm embedded/8 2019-q3-update/bin/../lib/gcc/arm-none-eabi/8.3.1/../../../../arm-none-eabi/lib/thumb/v7e-m+fp/hard\libc_nano.a(lib_a-memchr.o)
                0x08000200                memchr
 .text          0x080002a0      0x378 c:/program files (x86)/gnu tools arm embedded/8 2019-q3-update/bin/../lib/gcc/arm-none-eabi/8.3.1/thumb/v7e-m+fp/hard\libgcc.a(_arm_addsubdf3.o)
                0x080002a0                __aeabi_drsub
                0x080002a8                __aeabi_dsub
                0x080002a8                __subdf3
                0x080002ac                __aeabi_dadd
                0x080002ac                __adddf3
                0x08000524                __floatunsidf
                0x08000524                __aeabi_ui2d
                0x08000544                __floatsidf
                0x08000544                __aeabi_i2d
                0x08000568                __aeabi_f2d
                0x08000568                __extendsfdf2
                0x080005ac                __floatundidf
                0x080005ac                __aeabi_ul2d
                0x080005bc                __floatdidf
                0x080005bc                __aeabi_l2d
 .text          0x08000618      0x424 c:/program files (x86)/gnu tools arm embedded/8 2019-q3-update/bin/../lib/gcc/arm-none-eabi/8.3.1/thumb/v7e-m+fp/hard\libgcc.a(_arm_muldivdf3.o)
                0x08000618                __aeabi_dmul
                0x08000618                __muldf3
                0x0800086c                __divdf3
                0x0800086c                __aeabi_ddiv
 .text          0x08000a3c      0x110 c:/program files (x86)/gnu tools arm embedded/8 2019-q3-update/bin/../lib/gcc/arm-none-eabi/8.3.1/thumb/v7e-m+fp/hard\libgcc.a(_arm_cmpdf2.o)
                0x08000a3c                __gtdf2
                0x08000a3c                __gedf2
                0x08000a44                __ltdf2
                0x08000a44                __ledf2
                0x08000a4c                __nedf2
                0x08000a4c                __eqdf2
                0x08000a4c                __cmpdf2
                0x08000ac8                __aeabi_cdrcmple
                0x08000ad8                __aeabi_cdcmpeq
                0x08000ad8                __aeabi_cdcmple
                0x08000ae8                __aeabi_dcmpeq
                0x08000afc                __aeabi_dcmplt
                0x08000b10                __aeabi_dcmple
                0x08000b24                __aeabi_dcmpge
                0x08000b38                __aeabi_dcmpgt
 .text          0x08000b4c       0x2c c:/program files (x86)/gnu tools arm embedded/8 2019-q3-update/bin/../lib/gcc/arm-none-eabi/8.3.1/thumb/v7e-m+fp/hard\libgcc.a(_arm_unorddf2.o)
                0x08000b4c                __unorddf2
                0x08000b4c                __aeabi_dcmpun
 .text          0x08000b78       0x50 c:/program files (x86)/gnu tools arm embedded/8 2019-q3-update/bin/../lib/gcc/arm-none-eabi/8.3.1/thumb/v7e-m+fp/hard\libgcc.a(_arm_fixdfsi.o)
                0x08000b78                __aeabi_d2iz
                0x08000b78                __fixdfsi
 .text          0x08000bc8       0xa0 c:/program files (x86)/gnu tools arm embedded/8 2019-q3-update/bin/../lib/gcc/arm-none-eabi/8.3.1/thumb/v7e-m+fp/hard\libgcc.a(_arm_truncdfsf2.o)
                0x08000bc8                __truncdfsf2
                0x08000bc8                __aeabi_d2f
 .text          0x08000c68       0x30 c:/program files (x86)/gnu tools arm embedded/8 2019-q3-update/bin/../lib/gcc/arm-none-eabi/8.3.1/thumb/v7e-m+fp/hard\libgcc.a(_aeabi_uldivmod.o)
                0x08000c68                __aeabi_uldivmod
 .text          0x08000c98      0x2d0 c:/program files (x86)/gnu tools arm embedded/8 2019-q3-update/bin/../lib/gcc/arm-none-eabi/8.3.1/thumb/v7e-m+fp/hard\libgcc.a(_udivmoddi4.o)
                0x08000c98                __udivmoddi4
 .text          0x08000f68        0x4 c:/program files (x86)/gnu tools arm embedded/8 2019-q3-update/bin/../lib/gcc/arm-none-eabi/8.3.1/thumb/v7e-m+fp/hard\libgcc.a(_dvmd_tls.o)
                0x08000f68                __aeabi_idiv0
                0x08000f68                __aeabi_ldiv0
 *(.text*)
 .text.InitializeTimer2
                0x08000f6c       0x58 ../../applications/murata-dualstack-example-ns/build/murata-dualstack-example-ns.o
                0x08000f6c                InitializeTimer2
 .text.InitializeTimer3
                0x08000fc4       0x58 ../../applications/murata-dualstack-example-ns/build/murata-dualstack-example-ns.o
                0x08000fc4                InitializeTimer3
 .text.goToSleep
                0x0800101c       0x38 ../../applications/murata-dualstack-example-ns/build/murata-dualstack-example-ns.o
                0x0800101c                goToSleep
 .text.LoRaWAN_send
                0x08001054       0x74 ../../applications/murata-dualstack-example-ns/build/murata-dualstack-example-ns.o
                0x08001054                LoRaWAN_send
 .text.Dash7_send_temphum
                0x080010c8       0x90 ../../applications/murata-dualstack-example-ns/build/murata-dualstack-example-ns.o
                0x080010c8                Dash7_send_temphum
 .text.Dash7_send_allInfo
                0x08001158       0x98 ../../applications/murata-dualstack-example-ns/build/murata-dualstack-example-ns.o
                0x08001158                Dash7_send_allInfo
 .text.print_temp_hum
                0x080011f0       0x44 ../../applications/murata-dualstack-example-ns/build/murata-dualstack-example-ns.o
                0x080011f0                print_temp_hum
 .text.temp_hum_measurement
                0x08001234       0x14 ../../applications/murata-dualstack-example-ns/build/murata-dualstack-example-ns.o
                0x08001234                temp_hum_measurement
 .text.ble_callback
                0x08001248       0x3c ../../applications/murata-dualstack-example-ns/build/murata-dualstack-example-ns.o
                0x08001248                ble_callback
 .text.printWelcome
                0x08001284       0x90 ../../applications/murata-dualstack-example-ns/build/murata-dualstack-example-ns.o
                0x08001284                printWelcome
 .text.quickBlink
                0x08001314       0x28 ../../applications/murata-dualstack-example-ns/build/murata-dualstack-example-ns.o
                0x08001314                quickBlink
 .text.send_message
                0x0800133c       0x7c ../../applications/murata-dualstack-example-ns/build/murata-dualstack-example-ns.o
                0x0800133c                send_message
 .text.main     0x080013b8      0x32c ../../applications/murata-dualstack-example-ns/build/murata-dualstack-example-ns.o
                0x080013b8                main
 .text.HAL_GPIO_EXTI_Callback
                0x080016e4       0x20 ../../applications/murata-dualstack-example-ns/build/murata-dualstack-example-ns.o
                0x080016e4                HAL_GPIO_EXTI_Callback
 .text.EXTI1_IRQHandler
                0x08001704       0x30 ../../applications/murata-dualstack-example-ns/build/murata-dualstack-example-ns.o
                0x08001704                EXTI1_IRQHandler
 .text.EXTI0_IRQHandler
                0x08001734       0x20 ../../applications/murata-dualstack-example-ns/build/murata-dualstack-example-ns.o
                0x08001734                EXTI0_IRQHandler
 .text.TIM2_IRQHandler
                0x08001754       0x2c ../../applications/murata-dualstack-example-ns/build/murata-dualstack-example-ns.o
                0x08001754                TIM2_IRQHandler
 .text.TIM3_IRQHandler
                0x08001780       0x48 ../../applications/murata-dualstack-example-ns/build/murata-dualstack-example-ns.o
                0x08001780                TIM3_IRQHandler
 .text.HAL_UART_RxCpltCallback
                0x080017c8       0x38 ../../applications/murata-dualstack-example-ns/build/murata-dualstack-example-ns.o
                0x080017c8                HAL_UART_RxCpltCallback
 .text.HAL_TIM_PeriodElapsedCallback
                0x08001800       0x18 ../../applications/murata-dualstack-example-ns/build/murata-dualstack-example-ns.o
                0x08001800                HAL_TIM_PeriodElapsedCallback
 .text.Error_Handler
                0x08001818        0x2 ../../applications/murata-dualstack-example-ns/build/murata-dualstack-example-ns.o
                0x08001818                Error_Handler
 *fill*         0x0800181a        0x2 
 .text.parse_op_return_tag
                0x0800181c       0x2c ../../applications/murata-dualstack-example-ns/build/alp.o
 .text.parse_op_return_status
                0x08001848      0x168 ../../applications/murata-dualstack-example-ns/build/alp.o
 .text.alp_parse_length_operand
                0x080019b0       0x38 ../../applications/murata-dualstack-example-ns/build/alp.o
                0x080019b0                alp_parse_length_operand
 .text.alp_append_length_operand
                0x080019e8       0xa4 ../../applications/murata-dualstack-example-ns/build/alp.o
                0x080019e8                alp_append_length_operand
 .text.alp_parse_file_offset_operand
                0x08001a8c       0x44 ../../applications/murata-dualstack-example-ns/build/alp.o
                0x08001a8c                alp_parse_file_offset_operand
 .text.parse_operand_file_data
                0x08001ad0       0x50 ../../applications/murata-dualstack-example-ns/build/alp.o
 .text.parse_op_write_file_data
                0x08001b20        0x8 ../../applications/murata-dualstack-example-ns/build/alp.o
 .text.parse_op_return_file_data
                0x08001b28        0x8 ../../applications/murata-dualstack-example-ns/build/alp.o
 .text.alp_append_forward_action
                0x08001b30      0x2f8 ../../applications/murata-dualstack-example-ns/build/alp.o
                0x08001b30                alp_append_forward_action
 .text.alp_append_return_file_data_action
                0x08001e28       0x74 ../../applications/murata-dualstack-example-ns/build/alp.o
                0x08001e28                alp_append_return_file_data_action
 .text.alp_parse_action
                0x08001e9c       0xa8 ../../applications/murata-dualstack-example-ns/build/alp.o
                0x08001e9c                alp_parse_action
 .text.alp_append_tag_request_action
                0x08001f44       0x50 ../../applications/murata-dualstack-example-ns/build/alp.o
                0x08001f44                alp_append_tag_request_action
 .text.update_crc
                0x08001f94       0x2c ../../applications/murata-dualstack-example-ns/build/crc.o
 .text.crc_calculate
                0x08001fc0       0x2c ../../applications/murata-dualstack-example-ns/build/crc.o
                0x08001fc0                crc_calculate
 .text.skip     0x08001fec       0x1a ../../applications/murata-dualstack-example-ns/build/fifo.o
 .text.fifo_init_filled
                0x08002006       0x10 ../../applications/murata-dualstack-example-ns/build/fifo.o
                0x08002006                fifo_init_filled
 .text.fifo_init
                0x08002016        0xc ../../applications/murata-dualstack-example-ns/build/fifo.o
                0x08002016                fifo_init
 .text.fifo_init_subview
                0x08002022       0x2e ../../applications/murata-dualstack-example-ns/build/fifo.o
                0x08002022                fifo_init_subview
 .text.fifo_put
                0x08002050       0x8a ../../applications/murata-dualstack-example-ns/build/fifo.o
                0x08002050                fifo_put
 .text.fifo_put_byte
                0x080020da       0x18 ../../applications/murata-dualstack-example-ns/build/fifo.o
                0x080020da                fifo_put_byte
 .text.fifo_get_size
                0x080020f2       0x1a ../../applications/murata-dualstack-example-ns/build/fifo.o
                0x080020f2                fifo_get_size
 .text.check_len
                0x0800210c       0x1c ../../applications/murata-dualstack-example-ns/build/fifo.o
 .text.fifo_skip
                0x08002128       0x1c ../../applications/murata-dualstack-example-ns/build/fifo.o
                0x08002128                fifo_skip
 .text.fifo_peek
                0x08002144       0x64 ../../applications/murata-dualstack-example-ns/build/fifo.o
                0x08002144                fifo_peek
 .text.fifo_pop
                0x080021a8       0x20 ../../applications/murata-dualstack-example-ns/build/fifo.o
                0x080021a8                fifo_pop
 .text.process_serial_frame
                0x080021c8      0x168 ../../applications/murata-dualstack-example-ns/build/modem.o
 .text.modem_cb_init
                0x08002330       0x2c ../../applications/murata-dualstack-example-ns/build/modem.o
                0x08002330                modem_cb_init
 .text.modem_process_fifo
                0x0800235c       0x30 ../../applications/murata-dualstack-example-ns/build/modem.o
                0x0800235c                modem_process_fifo
 .text.modem_reinit
                0x0800238c        0xc ../../applications/murata-dualstack-example-ns/build/modem.o
                0x0800238c                modem_reinit
 .text.alloc_command
                0x08002398       0x4c ../../applications/murata-dualstack-example-ns/build/modem.o
                0x08002398                alloc_command
 .text.modem_send_unsolicited_response
                0x080023e4       0x88 ../../applications/murata-dualstack-example-ns/build/modem.o
                0x080023e4                modem_send_unsolicited_response
 .text.verify_payload
                0x0800246c       0x50 ../../applications/murata-dualstack-example-ns/build/modem_interface.o
 .text.flush_modem_interface_tx_fifo
                0x080024bc       0x5c ../../applications/murata-dualstack-example-ns/build/modem_interface.o
 .text.uart_rx_cb
                0x08002518       0x28 ../../applications/murata-dualstack-example-ns/build/modem_interface.o
                0x08002518                uart_rx_cb
 .text.modem_interface_transfer_bytes
                0x08002540       0x64 ../../applications/murata-dualstack-example-ns/build/modem_interface.o
                0x08002540                modem_interface_transfer_bytes
 .text.process_rx_fifo
                0x080025a4      0x188 ../../applications/murata-dualstack-example-ns/build/modem_interface.o
                0x080025a4                process_rx_fifo
 .text.modem_interface_init
                0x0800272c       0x58 ../../applications/murata-dualstack-example-ns/build/modem_interface.o
                0x0800272c                modem_interface_init
 .text.modem_interface_register_handler
                0x08002784       0x2c ../../applications/murata-dualstack-example-ns/build/modem_interface.o
                0x08002784                modem_interface_register_handler
 .text.modem_interface_set_target_rebooted_callback
                0x080027b0        0xc ../../applications/murata-dualstack-example-ns/build/modem_interface.o
                0x080027b0                modem_interface_set_target_rebooted_callback
 .text.on_modem_command_completed_callback
                0x080027bc       0x5c ../../applications/murata-dualstack-example-ns/build/murata.o
                0x080027bc                on_modem_command_completed_callback
 .text.on_modem_return_file_data_callback
                0x08002818       0x1c ../../applications/murata-dualstack-example-ns/build/murata.o
                0x08002818                on_modem_return_file_data_callback
 .text.on_modem_write_file_data_callback
                0x08002834       0x1c ../../applications/murata-dualstack-example-ns/build/murata.o
                0x08002834                on_modem_write_file_data_callback
 .text.on_modem_interface_status_callback
                0x08002850       0x50 ../../applications/murata-dualstack-example-ns/build/murata.o
                0x08002850                on_modem_interface_status_callback
 .text.on_modem_reboot_callback
                0x080028a0       0x14 ../../applications/murata-dualstack-example-ns/build/murata.o
                0x080028a0                on_modem_reboot_callback
 .text.Murata_Initialize
                0x080028b4       0xd8 ../../applications/murata-dualstack-example-ns/build/murata.o
                0x080028b4                Murata_Initialize
 .text.Murata_LoRaWAN_Send
                0x0800298c       0x30 ../../applications/murata-dualstack-example-ns/build/murata.o
                0x0800298c                Murata_LoRaWAN_Send
 .text.Murata_Dash7_Send
                0x080029bc       0x30 ../../applications/murata-dualstack-example-ns/build/murata.o
                0x080029bc                Murata_Dash7_Send
 .text.Murata_process_fifo
                0x080029ec        0xa ../../applications/murata-dualstack-example-ns/build/murata.o
                0x080029ec                Murata_process_fifo
 *fill*         0x080029f6        0x2 
 .text.Murata_rxCallback
                0x080029f8       0x20 ../../applications/murata-dualstack-example-ns/build/murata.o
                0x080029f8                Murata_rxCallback
 .text.Initialize_Platform
                0x08002a18        0x8 ../../applications/murata-dualstack-example-ns/build/platform.o
                0x08002a18                Initialize_Platform
 .text.I2C_Flush_TXDR
                0x08002a20       0x22 ../../applications/murata-dualstack-example-ns/build/stm32l4xx_hal_i2c.o
 .text.I2C_TransferConfig
                0x08002a42       0x36 ../../applications/murata-dualstack-example-ns/build/stm32l4xx_hal_i2c.o
 .text.I2C_IsAcknowledgeFailed
                0x08002a78       0x90 ../../applications/murata-dualstack-example-ns/build/stm32l4xx_hal_i2c.o
 .text.I2C_WaitOnTXISFlagUntilTimeout
                0x08002b08       0x56 ../../applications/murata-dualstack-example-ns/build/stm32l4xx_hal_i2c.o
 .text.I2C_WaitOnFlagUntilTimeout
                0x08002b5e       0x52 ../../applications/murata-dualstack-example-ns/build/stm32l4xx_hal_i2c.o
 .text.I2C_RequestMemoryWrite
                0x08002bb0       0x74 ../../applications/murata-dualstack-example-ns/build/stm32l4xx_hal_i2c.o
 .text.I2C_WaitOnSTOPFlagUntilTimeout
                0x08002c24       0x50 ../../applications/murata-dualstack-example-ns/build/stm32l4xx_hal_i2c.o
 .text.I2C_WaitOnRXNEFlagUntilTimeout
                0x08002c74       0x98 ../../applications/murata-dualstack-example-ns/build/stm32l4xx_hal_i2c.o
 .text.HAL_I2C_Init
                0x08002d0c       0xbc ../../applications/murata-dualstack-example-ns/build/stm32l4xx_hal_i2c.o
                0x08002d0c                HAL_I2C_Init
 .text.HAL_I2C_Master_Transmit
                0x08002dc8      0x17c ../../applications/murata-dualstack-example-ns/build/stm32l4xx_hal_i2c.o
                0x08002dc8                HAL_I2C_Master_Transmit
 .text.HAL_I2C_Master_Receive
                0x08002f44      0x17c ../../applications/murata-dualstack-example-ns/build/stm32l4xx_hal_i2c.o
                0x08002f44                HAL_I2C_Master_Receive
 .text.HAL_I2C_Mem_Write
                0x080030c0      0x1a4 ../../applications/murata-dualstack-example-ns/build/stm32l4xx_hal_i2c.o
                0x080030c0                HAL_I2C_Mem_Write
 .text.HAL_I2CEx_ConfigAnalogFilter
                0x08003264       0x62 ../../applications/murata-dualstack-example-ns/build/stm32l4xx_hal_i2c_ex.o
                0x08003264                HAL_I2CEx_ConfigAnalogFilter
 .text.HAL_I2CEx_ConfigDigitalFilter
                0x080032c6       0x5e ../../applications/murata-dualstack-example-ns/build/stm32l4xx_hal_i2c_ex.o
                0x080032c6                HAL_I2CEx_ConfigDigitalFilter
 .text.HAL_SPI_Init
                0x08003324       0xb0 ../../applications/murata-dualstack-example-ns/build/stm32l4xx_hal_spi.o
                0x08003324                HAL_SPI_Init
 .text.HAL_SPI_ErrorCallback
                0x080033d4        0x2 ../../applications/murata-dualstack-example-ns/build/stm32l4xx_hal_spi.o
                0x080033d4                HAL_SPI_ErrorCallback
 *fill*         0x080033d6        0x2 
 .text.HAL_SPI_IRQHandler
                0x080033d8      0x11c ../../applications/murata-dualstack-example-ns/build/stm32l4xx_hal_spi.o
                0x080033d8                HAL_SPI_IRQHandler
 .text.SPI_DMAAbortOnError
                0x080034f4       0x12 ../../applications/murata-dualstack-example-ns/build/stm32l4xx_hal_spi.o
 .text.HAL_IWDG_Init
                0x08003506       0x58 ../../applications/murata-dualstack-example-ns/build/stm32l4xx_hal_iwdg.o
                0x08003506                HAL_IWDG_Init
 .text.UART_EndRxTransfer
                0x0800355e       0x20 ../../applications/murata-dualstack-example-ns/build/stm32l4xx_hal_uart.o
 *fill*         0x0800357e        0x2 
 .text.HAL_UART_Receive_IT
                0x08003580       0xd4 ../../applications/murata-dualstack-example-ns/build/stm32l4xx_hal_uart.o
                0x08003580                HAL_UART_Receive_IT
 .text.HAL_UART_TxCpltCallback
                0x08003654        0x2 ../../applications/murata-dualstack-example-ns/build/stm32l4xx_hal_uart.o
                0x08003654                HAL_UART_TxCpltCallback
 .text.UART_EndTransmit_IT
                0x08003656       0x1c ../../applications/murata-dualstack-example-ns/build/stm32l4xx_hal_uart.o
 .text.UART_RxISR_8BIT
                0x08003672       0x60 ../../applications/murata-dualstack-example-ns/build/stm32l4xx_hal_uart.o
 .text.UART_RxISR_16BIT
                0x080036d2       0x60 ../../applications/murata-dualstack-example-ns/build/stm32l4xx_hal_uart.o
 .text.HAL_UART_ErrorCallback
                0x08003732        0x2 ../../applications/murata-dualstack-example-ns/build/stm32l4xx_hal_uart.o
                0x08003732                HAL_UART_ErrorCallback
 .text.HAL_UART_IRQHandler
                0x08003734      0x15c ../../applications/murata-dualstack-example-ns/build/stm32l4xx_hal_uart.o
                0x08003734                HAL_UART_IRQHandler
 .text.UART_DMAAbortOnError
                0x08003890       0x14 ../../applications/murata-dualstack-example-ns/build/stm32l4xx_hal_uart.o
 .text.UART_SetConfig
                0x080038a4      0x41c ../../applications/murata-dualstack-example-ns/build/stm32l4xx_hal_uart.o
                0x080038a4                UART_SetConfig
 .text.UART_AdvFeatureConfig
                0x08003cc0       0xca ../../applications/murata-dualstack-example-ns/build/stm32l4xx_hal_uart.o
                0x08003cc0                UART_AdvFeatureConfig
 .text.UART_WaitOnFlagUntilTimeout
                0x08003d8a       0x62 ../../applications/murata-dualstack-example-ns/build/stm32l4xx_hal_uart.o
                0x08003d8a                UART_WaitOnFlagUntilTimeout
 .text.HAL_UART_Transmit
                0x08003dec       0xce ../../applications/murata-dualstack-example-ns/build/stm32l4xx_hal_uart.o
                0x08003dec                HAL_UART_Transmit
 .text.UART_CheckIdleState
                0x08003eba       0x70 ../../applications/murata-dualstack-example-ns/build/stm32l4xx_hal_uart.o
                0x08003eba                UART_CheckIdleState
 .text.HAL_UART_Init
                0x08003f2a       0x66 ../../applications/murata-dualstack-example-ns/build/stm32l4xx_hal_uart.o
                0x08003f2a                HAL_UART_Init
 .text.HAL_UARTEx_WakeupCallback
                0x08003f90        0x2 ../../applications/murata-dualstack-example-ns/build/stm32l4xx_hal_uart_ex.o
                0x08003f90                HAL_UARTEx_WakeupCallback
 .text.HAL_TIM_Base_MspInit
                0x08003f92        0x2 ../../applications/murata-dualstack-example-ns/build/stm32l4xx_hal_tim.o
                0x08003f92                HAL_TIM_Base_MspInit
 .text.HAL_TIM_Base_Start_IT
                0x08003f94       0x34 ../../applications/murata-dualstack-example-ns/build/stm32l4xx_hal_tim.o
                0x08003f94                HAL_TIM_Base_Start_IT
 .text.HAL_TIM_Base_Stop_IT
                0x08003fc8       0x2c ../../applications/murata-dualstack-example-ns/build/stm32l4xx_hal_tim.o
                0x08003fc8                HAL_TIM_Base_Stop_IT
 .text.HAL_TIM_OC_DelayElapsedCallback
                0x08003ff4        0x2 ../../applications/murata-dualstack-example-ns/build/stm32l4xx_hal_tim.o
                0x08003ff4                HAL_TIM_OC_DelayElapsedCallback
 .text.HAL_TIM_IC_CaptureCallback
                0x08003ff6        0x2 ../../applications/murata-dualstack-example-ns/build/stm32l4xx_hal_tim.o
                0x08003ff6                HAL_TIM_IC_CaptureCallback
 .text.HAL_TIM_PWM_PulseFinishedCallback
                0x08003ff8        0x2 ../../applications/murata-dualstack-example-ns/build/stm32l4xx_hal_tim.o
                0x08003ff8                HAL_TIM_PWM_PulseFinishedCallback
 .text.HAL_TIM_TriggerCallback
                0x08003ffa        0x2 ../../applications/murata-dualstack-example-ns/build/stm32l4xx_hal_tim.o
                0x08003ffa                HAL_TIM_TriggerCallback
 .text.HAL_TIM_IRQHandler
                0x08003ffc      0x19a ../../applications/murata-dualstack-example-ns/build/stm32l4xx_hal_tim.o
                0x08003ffc                HAL_TIM_IRQHandler
 *fill*         0x08004196        0x2 
 .text.TIM_Base_SetConfig
                0x08004198       0xc8 ../../applications/murata-dualstack-example-ns/build/stm32l4xx_hal_tim.o
                0x08004198                TIM_Base_SetConfig
 .text.HAL_TIM_Base_Init
                0x08004260       0x34 ../../applications/murata-dualstack-example-ns/build/stm32l4xx_hal_tim.o
                0x08004260                HAL_TIM_Base_Init
 .text.HAL_TIMEx_CommutationCallback
                0x08004294        0x2 ../../applications/murata-dualstack-example-ns/build/stm32l4xx_hal_tim_ex.o
                0x08004294                HAL_TIMEx_CommutationCallback
 .text.HAL_TIMEx_BreakCallback
                0x08004296        0x2 ../../applications/murata-dualstack-example-ns/build/stm32l4xx_hal_tim_ex.o
                0x08004296                HAL_TIMEx_BreakCallback
 .text.HAL_TIMEx_Break2Callback
                0x08004298        0x2 ../../applications/murata-dualstack-example-ns/build/stm32l4xx_hal_tim_ex.o
                0x08004298                HAL_TIMEx_Break2Callback
 .text.HAL_Init
                0x0800429a       0x1e ../../applications/murata-dualstack-example-ns/build/stm32l4xx_hal.o
                0x0800429a                HAL_Init
 .text.HAL_IncTick
                0x080042b8       0x10 ../../applications/murata-dualstack-example-ns/build/stm32l4xx_hal.o
                0x080042b8                HAL_IncTick
 .text.HAL_GetTick
                0x080042c8        0xc ../../applications/murata-dualstack-example-ns/build/stm32l4xx_hal.o
                0x080042c8                HAL_GetTick
 .text.HAL_Delay
                0x080042d4       0x1e ../../applications/murata-dualstack-example-ns/build/stm32l4xx_hal.o
                0x080042d4                HAL_Delay
 *fill*         0x080042f2        0x2 
 .text.RCC_SetFlashLatencyFromMSIRange
                0x080042f4       0x90 ../../applications/murata-dualstack-example-ns/build/stm32l4xx_hal_rcc.o
 .text.HAL_RCC_GetSysClockFreq
                0x08004384       0xd8 ../../applications/murata-dualstack-example-ns/build/stm32l4xx_hal_rcc.o
                0x08004384                HAL_RCC_GetSysClockFreq
 .text.HAL_RCC_OscConfig
                0x0800445c      0x5b4 ../../applications/murata-dualstack-example-ns/build/stm32l4xx_hal_rcc.o
                0x0800445c                HAL_RCC_OscConfig
 .text.HAL_RCC_ClockConfig
                0x08004a10      0x154 ../../applications/murata-dualstack-example-ns/build/stm32l4xx_hal_rcc.o
                0x08004a10                HAL_RCC_ClockConfig
 .text.HAL_RCC_GetHCLKFreq
                0x08004b64        0xc ../../applications/murata-dualstack-example-ns/build/stm32l4xx_hal_rcc.o
                0x08004b64                HAL_RCC_GetHCLKFreq
 .text.HAL_RCC_GetPCLK1Freq
                0x08004b70       0x24 ../../applications/murata-dualstack-example-ns/build/stm32l4xx_hal_rcc.o
                0x08004b70                HAL_RCC_GetPCLK1Freq
 .text.HAL_RCC_GetPCLK2Freq
                0x08004b94       0x24 ../../applications/murata-dualstack-example-ns/build/stm32l4xx_hal_rcc.o
                0x08004b94                HAL_RCC_GetPCLK2Freq
 .text.HAL_RCC_GetClockConfig
                0x08004bb8       0x3c ../../applications/murata-dualstack-example-ns/build/stm32l4xx_hal_rcc.o
                0x08004bb8                HAL_RCC_GetClockConfig
 .text.RCCEx_PLLSAI1_Config
                0x08004bf4      0x16c ../../applications/murata-dualstack-example-ns/build/stm32l4xx_hal_rcc_ex.o
 .text.RCCEx_PLLSAI2_Config
                0x08004d60      0x148 ../../applications/murata-dualstack-example-ns/build/stm32l4xx_hal_rcc_ex.o
 .text.HAL_RCCEx_PeriphCLKConfig
                0x08004ea8      0x474 ../../applications/murata-dualstack-example-ns/build/stm32l4xx_hal_rcc_ex.o
                0x08004ea8                HAL_RCCEx_PeriphCLKConfig
 .text.HAL_FLASH_Unlock
                0x0800531c       0x30 ../../applications/murata-dualstack-example-ns/build/stm32l4xx_hal_flash.o
                0x0800531c                HAL_FLASH_Unlock
 .text.HAL_FLASH_Lock
                0x0800534c       0x14 ../../applications/murata-dualstack-example-ns/build/stm32l4xx_hal_flash.o
                0x0800534c                HAL_FLASH_Lock
 .text.HAL_FLASH_OB_Unlock
                0x08005360       0x28 ../../applications/murata-dualstack-example-ns/build/stm32l4xx_hal_flash.o
                0x08005360                HAL_FLASH_OB_Unlock
 .text.HAL_FLASH_OB_Lock
                0x08005388       0x14 ../../applications/murata-dualstack-example-ns/build/stm32l4xx_hal_flash.o
                0x08005388                HAL_FLASH_OB_Lock
 .text.FLASH_WaitForLastOperation
                0x0800539c       0x8c ../../applications/murata-dualstack-example-ns/build/stm32l4xx_hal_flash.o
                0x0800539c                FLASH_WaitForLastOperation
 .text.HAL_FLASH_OB_Launch
                0x08005428       0x1c ../../applications/murata-dualstack-example-ns/build/stm32l4xx_hal_flash.o
                0x08005428                HAL_FLASH_OB_Launch
 .text.FLASH_OB_GetWRP
                0x08005444       0x5c ../../applications/murata-dualstack-example-ns/build/stm32l4xx_hal_flash_ex.o
 .text.FLASH_OB_GetRDP
                0x080054a0       0x20 ../../applications/murata-dualstack-example-ns/build/stm32l4xx_hal_flash_ex.o
 .text.FLASH_OB_GetUser
                0x080054c0       0x10 ../../applications/murata-dualstack-example-ns/build/stm32l4xx_hal_flash_ex.o
 .text.FLASH_OB_GetPCROP
                0x080054d0       0xc0 ../../applications/murata-dualstack-example-ns/build/stm32l4xx_hal_flash_ex.o
 .text.FLASH_OB_WRPConfig
                0x08005590       0x8c ../../applications/murata-dualstack-example-ns/build/stm32l4xx_hal_flash_ex.o
 .text.FLASH_OB_RDPConfig
                0x0800561c       0x40 ../../applications/murata-dualstack-example-ns/build/stm32l4xx_hal_flash_ex.o
 .text.FLASH_OB_UserConfig
                0x0800565c      0x138 ../../applications/murata-dualstack-example-ns/build/stm32l4xx_hal_flash_ex.o
 .text.FLASH_OB_PCROPConfig
                0x08005794       0xf4 ../../applications/murata-dualstack-example-ns/build/stm32l4xx_hal_flash_ex.o
 .text.HAL_FLASHEx_OBProgram
                0x08005888       0x94 ../../applications/murata-dualstack-example-ns/build/stm32l4xx_hal_flash_ex.o
                0x08005888                HAL_FLASHEx_OBProgram
 .text.HAL_FLASHEx_OBGetConfig
                0x0800591c       0x52 ../../applications/murata-dualstack-example-ns/build/stm32l4xx_hal_flash_ex.o
                0x0800591c                HAL_FLASHEx_OBGetConfig
 *fill*         0x0800596e        0x2 
 .text.HAL_GPIO_Init
                0x08005970      0x1b8 ../../applications/murata-dualstack-example-ns/build/stm32l4xx_hal_gpio.o
                0x08005970                HAL_GPIO_Init
 .text.HAL_GPIO_WritePin
                0x08005b28        0xa ../../applications/murata-dualstack-example-ns/build/stm32l4xx_hal_gpio.o
                0x08005b28                HAL_GPIO_WritePin
 .text.HAL_GPIO_TogglePin
                0x08005b32        0x8 ../../applications/murata-dualstack-example-ns/build/stm32l4xx_hal_gpio.o
                0x08005b32                HAL_GPIO_TogglePin
 *fill*         0x08005b3a        0x2 
 .text.HAL_GPIO_EXTI_IRQHandler
                0x08005b3c       0x1c ../../applications/murata-dualstack-example-ns/build/stm32l4xx_hal_gpio.o
                0x08005b3c                HAL_GPIO_EXTI_IRQHandler
 .text.HAL_DMA_Abort_IT
                0x08005b58       0x50 ../../applications/murata-dualstack-example-ns/build/stm32l4xx_hal_dma.o
                0x08005b58                HAL_DMA_Abort_IT
 .text.HAL_PWR_EnterSTOPMode
                0x08005ba8       0x18 ../../applications/murata-dualstack-example-ns/build/stm32l4xx_hal_pwr.o
                0x08005ba8                HAL_PWR_EnterSTOPMode
 .text.HAL_PWREx_GetVoltageRange
                0x08005bc0       0x10 ../../applications/murata-dualstack-example-ns/build/stm32l4xx_hal_pwr_ex.o
                0x08005bc0                HAL_PWREx_GetVoltageRange
 .text.HAL_PWREx_ControlVoltageScaling
                0x08005bd0       0x8c ../../applications/murata-dualstack-example-ns/build/stm32l4xx_hal_pwr_ex.o
                0x08005bd0                HAL_PWREx_ControlVoltageScaling
 .text.HAL_PWREx_EnableVddIO2
                0x08005c5c       0x10 ../../applications/murata-dualstack-example-ns/build/stm32l4xx_hal_pwr_ex.o
                0x08005c5c                HAL_PWREx_EnableVddIO2
 .text.HAL_PWREx_EnterSTOP0Mode
                0x08005c6c       0x38 ../../applications/murata-dualstack-example-ns/build/stm32l4xx_hal_pwr_ex.o
                0x08005c6c                HAL_PWREx_EnterSTOP0Mode
 .text.HAL_PWREx_EnterSTOP1Mode
                0x08005ca4       0x3c ../../applications/murata-dualstack-example-ns/build/stm32l4xx_hal_pwr_ex.o
                0x08005ca4                HAL_PWREx_EnterSTOP1Mode
 .text.HAL_NVIC_SetPriorityGrouping
                0x08005ce0       0x24 ../../applications/murata-dualstack-example-ns/build/stm32l4xx_hal_cortex.o
                0x08005ce0                HAL_NVIC_SetPriorityGrouping
 .text.HAL_NVIC_SetPriority
                0x08005d04       0x68 ../../applications/murata-dualstack-example-ns/build/stm32l4xx_hal_cortex.o
                0x08005d04                HAL_NVIC_SetPriority
 .text.HAL_NVIC_EnableIRQ
                0x08005d6c       0x18 ../../applications/murata-dualstack-example-ns/build/stm32l4xx_hal_cortex.o
                0x08005d6c                HAL_NVIC_EnableIRQ
 .text.vListInsertEnd
                0x08005d84       0x16 ../../applications/murata-dualstack-example-ns/build/list.o
                0x08005d84                vListInsertEnd
 .text.uxListRemove
                0x08005d9a       0x26 ../../applications/murata-dualstack-example-ns/build/list.o
                0x08005d9a                uxListRemove
 .text.prvResetNextTaskUnblockTime
                0x08005dc0       0x2c ../../applications/murata-dualstack-example-ns/build/tasks.o
 .text.xTaskIncrementTick
                0x08005dec      0x118 ../../applications/murata-dualstack-example-ns/build/tasks.o
                0x08005dec                xTaskIncrementTick
 .text.vTaskSwitchContext
                0x08005f04       0x9c ../../applications/murata-dualstack-example-ns/build/tasks.o
                0x08005f04                vTaskSwitchContext
 .text.vTaskNotifyGiveFromISR
                0x08005fa0       0xd0 ../../applications/murata-dualstack-example-ns/build/tasks.o
                0x08005fa0                vTaskNotifyGiveFromISR
 .text.SVC_Handler
                0x08006070       0x24 ../../applications/murata-dualstack-example-ns/build/port.o
                0x08006070                SVC_Handler
 *fill*         0x08006094        0xc 
 .text.PendSV_Handler
                0x080060a0       0x64 ../../applications/murata-dualstack-example-ns/build/port.o
                0x080060a0                PendSV_Handler
 .text.SysTick_Handler
                0x08006104       0x2c ../../applications/murata-dualstack-example-ns/build/port.o
                0x08006104                SysTick_Handler
 .text.vPortValidateInterruptPriority
                0x08006130       0x5c ../../applications/murata-dualstack-example-ns/build/port.o
                0x08006130                vPortValidateInterruptPriority
 .text.OCTA_GPIO_Init
                0x0800618c      0x33c ../../applications/murata-dualstack-example-ns/build/gpio.o
                0x0800618c                OCTA_GPIO_Init
 .text.common_I2C_Init
                0x080064c8       0x58 ../../applications/murata-dualstack-example-ns/build/i2c.o
                0x080064c8                common_I2C_Init
 .text.OCTA_IWDG_Init
                0x08006520       0x78 ../../applications/murata-dualstack-example-ns/build/iwdg.o
                0x08006520                OCTA_IWDG_Init
 .text.IWDG_feed
                0x08006598       0x10 ../../applications/murata-dualstack-example-ns/build/iwdg.o
                0x08006598                IWDG_feed
 .text.OCTA_Initialize_Common_Peripherals
                0x080065a8       0x30 ../../applications/murata-dualstack-example-ns/build/octa.o
                0x080065a8                OCTA_Initialize_Common_Peripherals
 .text.OCTA_Initialize_P1_Peripherals
                0x080065d8       0x54 ../../applications/murata-dualstack-example-ns/build/octa.o
                0x080065d8                OCTA_Initialize_P1_Peripherals
 .text.OCTA_Initialize_P2_Peripherals
                0x0800662c       0x5c ../../applications/murata-dualstack-example-ns/build/octa.o
                0x0800662c                OCTA_Initialize_P2_Peripherals
 .text.OCTA_Initialize_P3_Peripherals
                0x08006688       0x54 ../../applications/murata-dualstack-example-ns/build/octa.o
                0x08006688                OCTA_Initialize_P3_Peripherals
 .text.OCTA_Initialize_Platform
                0x080066dc       0x14 ../../applications/murata-dualstack-example-ns/build/octa.o
                0x080066dc                OCTA_Initialize_Platform
 .text.get_UID  0x080066f0       0x24 ../../applications/murata-dualstack-example-ns/build/octa.o
                0x080066f0                get_UID
 .text.platform_initialize_UART
                0x08006714       0x3c ../../applications/murata-dualstack-example-ns/build/octa.o
                0x08006714                platform_initialize_UART
 .text.platform_getHeader
                0x08006750       0x9c ../../applications/murata-dualstack-example-ns/build/octa.o
                0x08006750                platform_getHeader
 .text.RTOS_Send_Notification
                0x080067ec       0x40 ../../applications/murata-dualstack-example-ns/build/rtosmacros.o
                0x080067ec                RTOS_Send_Notification
 .text.FLASH_SPI_Init
                0x0800682c       0x4c ../../applications/murata-dualstack-example-ns/build/spi.o
                0x0800682c                FLASH_SPI_Init
 .text.HAL_MspInit
                0x08006878       0x40 ../../applications/murata-dualstack-example-ns/build/stm32l4xx_hal_msp.o
                0x08006878                HAL_MspInit
 .text.HAL_I2C_MspInit
                0x080068b8      0x18c ../../applications/murata-dualstack-example-ns/build/stm32l4xx_hal_msp.o
                0x080068b8                HAL_I2C_MspInit
 .text.HAL_UART_MspInit
                0x08006a44      0x188 ../../applications/murata-dualstack-example-ns/build/stm32l4xx_hal_msp.o
                0x08006a44                HAL_UART_MspInit
 .text.HAL_SPI_MspInit
                0x08006bcc      0x160 ../../applications/murata-dualstack-example-ns/build/stm32l4xx_hal_msp.o
                0x08006bcc                HAL_SPI_MspInit
 .text.HAL_InitTick
                0x08006d2c       0x78 ../../applications/murata-dualstack-example-ns/build/stm32l4xx_hal_timebase_tim.o
                0x08006d2c                HAL_InitTick
 .text.HAL_SuspendTick
                0x08006da4       0x14 ../../applications/murata-dualstack-example-ns/build/stm32l4xx_hal_timebase_tim.o
                0x08006da4                HAL_SuspendTick
 .text.HAL_ResumeTick
                0x08006db8       0x14 ../../applications/murata-dualstack-example-ns/build/stm32l4xx_hal_timebase_tim.o
                0x08006db8                HAL_ResumeTick
 .text.NMI_Handler
                0x08006dcc        0x2 ../../applications/murata-dualstack-example-ns/build/stm32l4xx_it.o
                0x08006dcc                NMI_Handler
 .text.HardFault_Handler
                0x08006dce        0x2 ../../applications/murata-dualstack-example-ns/build/stm32l4xx_it.o
                0x08006dce                HardFault_Handler
 .text.MemManage_Handler
                0x08006dd0        0x2 ../../applications/murata-dualstack-example-ns/build/stm32l4xx_it.o
                0x08006dd0                MemManage_Handler
 .text.BusFault_Handler
                0x08006dd2        0x2 ../../applications/murata-dualstack-example-ns/build/stm32l4xx_it.o
                0x08006dd2                BusFault_Handler
 .text.UsageFault_Handler
                0x08006dd4        0x2 ../../applications/murata-dualstack-example-ns/build/stm32l4xx_it.o
                0x08006dd4                UsageFault_Handler
 .text.DebugMon_Handler
                0x08006dd6        0x2 ../../applications/murata-dualstack-example-ns/build/stm32l4xx_it.o
                0x08006dd6                DebugMon_Handler
 .text.TIM1_UP_TIM16_IRQHandler
                0x08006dd8       0x10 ../../applications/murata-dualstack-example-ns/build/stm32l4xx_it.o
                0x08006dd8                TIM1_UP_TIM16_IRQHandler
 .text.USART2_IRQHandler
                0x08006de8       0x10 ../../applications/murata-dualstack-example-ns/build/stm32l4xx_it.o
                0x08006de8                USART2_IRQHandler
 .text.USART3_IRQHandler
                0x08006df8       0x10 ../../applications/murata-dualstack-example-ns/build/stm32l4xx_it.o
                0x08006df8                USART3_IRQHandler
 .text.UART5_IRQHandler
                0x08006e08       0x10 ../../applications/murata-dualstack-example-ns/build/stm32l4xx_it.o
                0x08006e08                UART5_IRQHandler
 .text.SPI1_IRQHandler
                0x08006e18       0x10 ../../applications/murata-dualstack-example-ns/build/stm32l4xx_it.o
                0x08006e18                SPI1_IRQHandler
 .text.SPI2_IRQHandler
                0x08006e28       0x10 ../../applications/murata-dualstack-example-ns/build/stm32l4xx_it.o
                0x08006e28                SPI2_IRQHandler
 .text.SPI3_IRQHandler
                0x08006e38       0x10 ../../applications/murata-dualstack-example-ns/build/stm32l4xx_it.o
                0x08006e38                SPI3_IRQHandler
 .text.EXTI15_10_IRQHandler
                0x08006e48        0xc ../../applications/murata-dualstack-example-ns/build/stm32l4xx_it.o
                0x08006e48                EXTI15_10_IRQHandler
 .text.SystemClock_Config
                0x08006e54       0xb8 ../../applications/murata-dualstack-example-ns/build/sysclock.o
                0x08006e54                SystemClock_Config
 .text.SystemInit
                0x08006f0c       0x48 ../../applications/murata-dualstack-example-ns/build/system_stm32l4xx.o
                0x08006f0c                SystemInit
 .text.USB_UART_Init
                0x08006f54       0x34 ../../applications/murata-dualstack-example-ns/build/uart.o
                0x08006f54                USB_UART_Init
 .text.P1_UART_Init
                0x08006f88       0x48 ../../applications/murata-dualstack-example-ns/build/uart.o
                0x08006f88                P1_UART_Init
 .text.P2_UART_Init
                0x08006fd0       0x4c ../../applications/murata-dualstack-example-ns/build/uart.o
                0x08006fd0                P2_UART_Init
 .text.P3_UART_Init
                0x0800701c       0x48 ../../applications/murata-dualstack-example-ns/build/uart.o
                0x0800701c                P3_UART_Init
 .text.BLE_UART_Init
                0x08007064       0x48 ../../applications/murata-dualstack-example-ns/build/uart.o
                0x08007064                BLE_UART_Init
 .text.__io_putchar
                0x080070ac       0x20 ../../applications/murata-dualstack-example-ns/build/uart.o
                0x080070ac                __io_putchar
 .text._write   0x080070cc       0x1c ../../applications/murata-dualstack-example-ns/build/uart.o
                0x080070cc                _write
 .text.LSM303AGR_setI2CInterface
                0x080070e8        0xc ../../applications/murata-dualstack-example-ns/build/LSM303AGRSensor.o
                0x080070e8                LSM303AGR_setI2CInterface
 .text.LSM303AGR_writeRegister
                0x080070f4       0x50 ../../applications/murata-dualstack-example-ns/build/LSM303AGRSensor.o
                0x080070f4                LSM303AGR_writeRegister
 .text.LSM303AGR_initDouble
                0x08007144       0x72 ../../applications/murata-dualstack-example-ns/build/LSM303AGRSensor.o
                0x08007144                LSM303AGR_initDouble
 .text.LSM303AGR_initDefault
                0x080071b6       0x54 ../../applications/murata-dualstack-example-ns/build/LSM303AGRSensor.o
                0x080071b6                LSM303AGR_initDefault
 *fill*         0x0800720a        0x2 
 .text.setI2CInterface_SHT31
                0x0800720c        0xc ../../applications/murata-dualstack-example-ns/build/sht31.o
                0x0800720c                setI2CInterface_SHT31
 .text.WRITE_REGISTER_SHT31
                0x08007218       0x24 ../../applications/murata-dualstack-example-ns/build/sht31.o
                0x08007218                WRITE_REGISTER_SHT31
 .text.READ_REG_SHT31
                0x0800723c       0x24 ../../applications/murata-dualstack-example-ns/build/sht31.o
                0x0800723c                READ_REG_SHT31
 .text.writeCommand
                0x08007260       0x1c ../../applications/murata-dualstack-example-ns/build/sht31.o
                0x08007260                writeCommand
 .text.SHT31_reset
                0x0800727c        0xc ../../applications/murata-dualstack-example-ns/build/sht31.o
                0x0800727c                SHT31_reset
 .text.SHT31_begin
                0x08007288        0xa ../../applications/murata-dualstack-example-ns/build/sht31.o
                0x08007288                SHT31_begin
 *fill*         0x08007292        0x6 
 .text.readTempHum
                0x08007298       0xa0 ../../applications/murata-dualstack-example-ns/build/sht31.o
                0x08007298                readTempHum
 .text.SHT31_get_temp_hum
                0x08007338       0x20 ../../applications/murata-dualstack-example-ns/build/sht31.o
                0x08007338                SHT31_get_temp_hum
 .text.Reset_Handler
                0x08007358       0x50 ../../applications/murata-dualstack-example-ns/build/startup_stm32l496xx.o
                0x08007358                Reset_Handler
 .text.Default_Handler
                0x080073a8        0x2 ../../applications/murata-dualstack-example-ns/build/startup_stm32l496xx.o
                0x080073a8                RTC_Alarm_IRQHandler
                0x080073a8                EXTI2_IRQHandler
                0x080073a8                TIM8_TRG_COM_IRQHandler
                0x080073a8                TIM8_CC_IRQHandler
                0x080073a8                TIM1_CC_IRQHandler
                0x080073a8                TSC_IRQHandler
                0x080073a8                TAMP_STAMP_IRQHandler
                0x080073a8                CAN2_RX1_IRQHandler
                0x080073a8                EXTI3_IRQHandler
                0x080073a8                LPTIM2_IRQHandler
                0x080073a8                DFSDM1_FLT1_IRQHandler
                0x080073a8                I2C3_ER_IRQHandler
                0x080073a8                DFSDM1_FLT2_IRQHandler
                0x080073a8                I2C2_EV_IRQHandler
                0x080073a8                CAN1_RX0_IRQHandler
                0x080073a8                FPU_IRQHandler
                0x080073a8                CAN2_SCE_IRQHandler
                0x080073a8                ADC1_2_IRQHandler
                0x080073a8                TIM6_DAC_IRQHandler
                0x080073a8                DCMI_IRQHandler
                0x080073a8                CAN2_RX0_IRQHandler
                0x080073a8                TIM8_UP_IRQHandler
                0x080073a8                DMA2_Channel2_IRQHandler
                0x080073a8                DMA1_Channel4_IRQHandler
                0x080073a8                SAI2_IRQHandler
                0x080073a8                DFSDM1_FLT3_IRQHandler
                0x080073a8                DMA1_Channel7_IRQHandler
                0x080073a8                CAN1_RX1_IRQHandler
                0x080073a8                LCD_IRQHandler
                0x080073a8                ADC3_IRQHandler
                0x080073a8                TIM4_IRQHandler
                0x080073a8                DMA2_Channel1_IRQHandler
                0x080073a8                QUADSPI_IRQHandler
                0x080073a8                I2C1_EV_IRQHandler
                0x080073a8                DMA1_Channel6_IRQHandler
                0x080073a8                UART4_IRQHandler
                0x080073a8                DMA2_Channel4_IRQHandler
                0x080073a8                RCC_IRQHandler
                0x080073a8                DMA1_Channel1_IRQHandler
                0x080073a8                Default_Handler
                0x080073a8                DMA2_Channel7_IRQHandler
                0x080073a8                TIM7_IRQHandler
                0x080073a8                SDMMC1_IRQHandler
                0x080073a8                CAN2_TX_IRQHandler
                0x080073a8                TIM5_IRQHandler
                0x080073a8                I2C3_EV_IRQHandler
                0x080073a8                EXTI9_5_IRQHandler
                0x080073a8                RTC_WKUP_IRQHandler
                0x080073a8                PVD_PVM_IRQHandler
                0x080073a8                CAN1_TX_IRQHandler
                0x080073a8                DMA2_Channel5_IRQHandler
                0x080073a8                CRS_IRQHandler
                0x080073a8                DMA1_Channel5_IRQHandler
                0x080073a8                EXTI4_IRQHandler
                0x080073a8                RNG_IRQHandler
                0x080073a8                TIM1_TRG_COM_TIM17_IRQHandler
                0x080073a8                DMA1_Channel3_IRQHandler
                0x080073a8                COMP_IRQHandler
                0x080073a8                WWDG_IRQHandler
                0x080073a8                I2C4_EV_IRQHandler
                0x080073a8                LPUART1_IRQHandler
                0x080073a8                DMA2_Channel6_IRQHandler
                0x080073a8                DFSDM1_FLT0_IRQHandler
                0x080073a8                I2C2_ER_IRQHandler
                0x080073a8                DMA1_Channel2_IRQHandler
                0x080073a8                TIM8_BRK_IRQHandler
                0x080073a8                CAN1_SCE_IRQHandler
                0x080073a8                FLASH_IRQHandler
                0x080073a8                USART1_IRQHandler
                0x080073a8                OTG_FS_IRQHandler
                0x080073a8                I2C1_ER_IRQHandler
                0x080073a8                FMC_IRQHandler
                0x080073a8                SWPMI1_IRQHandler
                0x080073a8                LPTIM1_IRQHandler
                0x080073a8                I2C4_ER_IRQHandler
                0x080073a8                SAI1_IRQHandler
                0x080073a8                DMA2_Channel3_IRQHandler
                0x080073a8                TIM1_BRK_TIM15_IRQHandler
 *fill*         0x080073aa        0x2 
 .text.__assert_func
                0x080073ac       0x3c c:/program files (x86)/gnu tools arm embedded/8 2019-q3-update/bin/../lib/gcc/arm-none-eabi/8.3.1/../../../../arm-none-eabi/lib/thumb/v7e-m+fp/hard\libc_nano.a(lib_a-assert.o)
                0x080073ac                __assert_func
 .text.fprintf  0x080073e8       0x24 c:/program files (x86)/gnu tools arm embedded/8 2019-q3-update/bin/../lib/gcc/arm-none-eabi/8.3.1/../../../../arm-none-eabi/lib/thumb/v7e-m+fp/hard\libc_nano.a(lib_a-fprintf.o)
                0x080073e8                fiprintf
                0x080073e8                fprintf
 .text.__libc_init_array
                0x0800740c       0x48 c:/program files (x86)/gnu tools arm embedded/8 2019-q3-update/bin/../lib/gcc/arm-none-eabi/8.3.1/../../../../arm-none-eabi/lib/thumb/v7e-m+fp/hard\libc_nano.a(lib_a-init.o)
                0x0800740c                __libc_init_array
 .text.memcpy   0x08007454       0x1c c:/program files (x86)/gnu tools arm embedded/8 2019-q3-update/bin/../lib/gcc/arm-none-eabi/8.3.1/../../../../arm-none-eabi/lib/thumb/v7e-m+fp/hard\libc_nano.a(lib_a-memcpy-stub.o)
                0x08007454                memcpy
 .text.memset   0x08007470       0x10 c:/program files (x86)/gnu tools arm embedded/8 2019-q3-update/bin/../lib/gcc/arm-none-eabi/8.3.1/../../../../arm-none-eabi/lib/thumb/v7e-m+fp/hard\libc_nano.a(lib_a-memset.o)
                0x08007470                memset
 .text.__sfputc_r
                0x08007480       0x2e c:/program files (x86)/gnu tools arm embedded/8 2019-q3-update/bin/../lib/gcc/arm-none-eabi/8.3.1/../../../../arm-none-eabi/lib/thumb/v7e-m+fp/hard\libc_nano.a(lib_a-nano-vfprintf.o)
 .text.__sfputs_r
                0x080074ae       0x24 c:/program files (x86)/gnu tools arm embedded/8 2019-q3-update/bin/../lib/gcc/arm-none-eabi/8.3.1/../../../../arm-none-eabi/lib/thumb/v7e-m+fp/hard\libc_nano.a(lib_a-nano-vfprintf.o)
                0x080074ae                __sfputs_r
 *fill*         0x080074d2        0x2 
 .text._vfprintf_r
                0x080074d4      0x250 c:/program files (x86)/gnu tools arm embedded/8 2019-q3-update/bin/../lib/gcc/arm-none-eabi/8.3.1/../../../../arm-none-eabi/lib/thumb/v7e-m+fp/hard\libc_nano.a(lib_a-nano-vfprintf.o)
                0x080074d4                _vfprintf_r
                0x080074d4                _vfiprintf_r
 .text.__cvt    0x08007724       0xba c:/program files (x86)/gnu tools arm embedded/8 2019-q3-update/bin/../lib/gcc/arm-none-eabi/8.3.1/../../../../arm-none-eabi/lib/thumb/v7e-m+fp/hard\libc_nano.a(lib_a-nano-vfprintf_float.o)
                0x08007724                __cvt
 .text.__exponent
                0x080077de       0x64 c:/program files (x86)/gnu tools arm embedded/8 2019-q3-update/bin/../lib/gcc/arm-none-eabi/8.3.1/../../../../arm-none-eabi/lib/thumb/v7e-m+fp/hard\libc_nano.a(lib_a-nano-vfprintf_float.o)
                0x080077de                __exponent
 *fill*         0x08007842        0x2 
 .text._printf_float
                0x08007844      0x454 c:/program files (x86)/gnu tools arm embedded/8 2019-q3-update/bin/../lib/gcc/arm-none-eabi/8.3.1/../../../../arm-none-eabi/lib/thumb/v7e-m+fp/hard\libc_nano.a(lib_a-nano-vfprintf_float.o)
                0x08007844                _printf_float
 .text._printf_common
                0x08007c98       0xea c:/program files (x86)/gnu tools arm embedded/8 2019-q3-update/bin/../lib/gcc/arm-none-eabi/8.3.1/../../../../arm-none-eabi/lib/thumb/v7e-m+fp/hard\libc_nano.a(lib_a-nano-vfprintf_i.o)
                0x08007c98                _printf_common
 *fill*         0x08007d82        0x2 
 .text._printf_i
                0x08007d84      0x228 c:/program files (x86)/gnu tools arm embedded/8 2019-q3-update/bin/../lib/gcc/arm-none-eabi/8.3.1/../../../../arm-none-eabi/lib/thumb/v7e-m+fp/hard\libc_nano.a(lib_a-nano-vfprintf_i.o)
                0x08007d84                _printf_i
 .text.printf   0x08007fac       0x30 c:/program files (x86)/gnu tools arm embedded/8 2019-q3-update/bin/../lib/gcc/arm-none-eabi/8.3.1/../../../../arm-none-eabi/lib/thumb/v7e-m+fp/hard\libc_nano.a(lib_a-printf.o)
                0x08007fac                iprintf
                0x08007fac                printf
 .text._puts_r  0x08007fdc       0xdc c:/program files (x86)/gnu tools arm embedded/8 2019-q3-update/bin/../lib/gcc/arm-none-eabi/8.3.1/../../../../arm-none-eabi/lib/thumb/v7e-m+fp/hard\libc_nano.a(lib_a-puts.o)
                0x08007fdc                _puts_r
 .text.puts     0x080080b8       0x10 c:/program files (x86)/gnu tools arm embedded/8 2019-q3-update/bin/../lib/gcc/arm-none-eabi/8.3.1/../../../../arm-none-eabi/lib/thumb/v7e-m+fp/hard\libc_nano.a(lib_a-puts.o)
                0x080080b8                puts
 .text.__swbuf_r
                0x080080c8       0xa4 c:/program files (x86)/gnu tools arm embedded/8 2019-q3-update/bin/../lib/gcc/arm-none-eabi/8.3.1/../../../../arm-none-eabi/lib/thumb/v7e-m+fp/hard\libc_nano.a(lib_a-wbuf.o)
                0x080080c8                __swbuf_r
 .text.__swsetup_r
                0x0800816c       0xdc c:/program files (x86)/gnu tools arm embedded/8 2019-q3-update/bin/../lib/gcc/arm-none-eabi/8.3.1/../../../../arm-none-eabi/lib/thumb/v7e-m+fp/hard\libc_nano.a(lib_a-wsetup.o)
                0x0800816c                __swsetup_r
 .text.abort    0x08008248        0xe c:/program files (x86)/gnu tools arm embedded/8 2019-q3-update/bin/../lib/gcc/arm-none-eabi/8.3.1/../../../../arm-none-eabi/lib/thumb/v7e-m+fp/hard\libc_nano.a(lib_a-abort.o)
                0x08008248                abort
 .text.quorem   0x08008256      0x112 c:/program files (x86)/gnu tools arm embedded/8 2019-q3-update/bin/../lib/gcc/arm-none-eabi/8.3.1/../../../../arm-none-eabi/lib/thumb/v7e-m+fp/hard\libc_nano.a(lib_a-dtoa.o)
 .text._dtoa_r  0x08008368      0xb74 c:/program files (x86)/gnu tools arm embedded/8 2019-q3-update/bin/../lib/gcc/arm-none-eabi/8.3.1/../../../../arm-none-eabi/lib/thumb/v7e-m+fp/hard\libc_nano.a(lib_a-dtoa.o)
                0x08008368                _dtoa_r
 .text.__sflush_r
                0x08008edc      0x10c c:/program files (x86)/gnu tools arm embedded/8 2019-q3-update/bin/../lib/gcc/arm-none-eabi/8.3.1/../../../../arm-none-eabi/lib/thumb/v7e-m+fp/hard\libc_nano.a(lib_a-fflush.o)
                0x08008edc                __sflush_r
 .text._fflush_r
                0x08008fe8       0x78 c:/program files (x86)/gnu tools arm embedded/8 2019-q3-update/bin/../lib/gcc/arm-none-eabi/8.3.1/../../../../arm-none-eabi/lib/thumb/v7e-m+fp/hard\libc_nano.a(lib_a-fflush.o)
                0x08008fe8                _fflush_r
 .text.std      0x08009060       0x48 c:/program files (x86)/gnu tools arm embedded/8 2019-q3-update/bin/../lib/gcc/arm-none-eabi/8.3.1/../../../../arm-none-eabi/lib/thumb/v7e-m+fp/hard\libc_nano.a(lib_a-findfp.o)
 .text._cleanup_r
                0x080090a8        0xc c:/program files (x86)/gnu tools arm embedded/8 2019-q3-update/bin/../lib/gcc/arm-none-eabi/8.3.1/../../../../arm-none-eabi/lib/thumb/v7e-m+fp/hard\libc_nano.a(lib_a-findfp.o)
                0x080090a8                _cleanup_r
 .text.__sfmoreglue
                0x080090b4       0x2c c:/program files (x86)/gnu tools arm embedded/8 2019-q3-update/bin/../lib/gcc/arm-none-eabi/8.3.1/../../../../arm-none-eabi/lib/thumb/v7e-m+fp/hard\libc_nano.a(lib_a-findfp.o)
                0x080090b4                __sfmoreglue
 .text.__sfp_lock_acquire
                0x080090e0        0xc c:/program files (x86)/gnu tools arm embedded/8 2019-q3-update/bin/../lib/gcc/arm-none-eabi/8.3.1/../../../../arm-none-eabi/lib/thumb/v7e-m+fp/hard\libc_nano.a(lib_a-findfp.o)
                0x080090e0                __sfp_lock_acquire
 .text.__sfp_lock_release
                0x080090ec        0xc c:/program files (x86)/gnu tools arm embedded/8 2019-q3-update/bin/../lib/gcc/arm-none-eabi/8.3.1/../../../../arm-none-eabi/lib/thumb/v7e-m+fp/hard\libc_nano.a(lib_a-findfp.o)
                0x080090ec                __sfp_lock_release
 .text.__sinit_lock_acquire
                0x080090f8        0xc c:/program files (x86)/gnu tools arm embedded/8 2019-q3-update/bin/../lib/gcc/arm-none-eabi/8.3.1/../../../../arm-none-eabi/lib/thumb/v7e-m+fp/hard\libc_nano.a(lib_a-findfp.o)
                0x080090f8                __sinit_lock_acquire
 .text.__sinit_lock_release
                0x08009104        0xc c:/program files (x86)/gnu tools arm embedded/8 2019-q3-update/bin/../lib/gcc/arm-none-eabi/8.3.1/../../../../arm-none-eabi/lib/thumb/v7e-m+fp/hard\libc_nano.a(lib_a-findfp.o)
                0x08009104                __sinit_lock_release
 .text.__sinit  0x08009110       0x70 c:/program files (x86)/gnu tools arm embedded/8 2019-q3-update/bin/../lib/gcc/arm-none-eabi/8.3.1/../../../../arm-none-eabi/lib/thumb/v7e-m+fp/hard\libc_nano.a(lib_a-findfp.o)
                0x08009110                __sinit
 .text.__sfp    0x08009180       0x8c c:/program files (x86)/gnu tools arm embedded/8 2019-q3-update/bin/../lib/gcc/arm-none-eabi/8.3.1/../../../../arm-none-eabi/lib/thumb/v7e-m+fp/hard\libc_nano.a(lib_a-findfp.o)
                0x08009180                __sfp
 .text._fwalk_reent
                0x0800920c       0x3c c:/program files (x86)/gnu tools arm embedded/8 2019-q3-update/bin/../lib/gcc/arm-none-eabi/8.3.1/../../../../arm-none-eabi/lib/thumb/v7e-m+fp/hard\libc_nano.a(lib_a-fwalk.o)
                0x0800920c                _fwalk_reent
 .text._localeconv_r
                0x08009248        0x8 c:/program files (x86)/gnu tools arm embedded/8 2019-q3-update/bin/../lib/gcc/arm-none-eabi/8.3.1/../../../../arm-none-eabi/lib/thumb/v7e-m+fp/hard\libc_nano.a(lib_a-localeconv.o)
                0x08009248                _localeconv_r
 .text.__retarget_lock_init_recursive
                0x08009250        0x2 c:/program files (x86)/gnu tools arm embedded/8 2019-q3-update/bin/../lib/gcc/arm-none-eabi/8.3.1/../../../../arm-none-eabi/lib/thumb/v7e-m+fp/hard\libc_nano.a(lib_a-lock.o)
                0x08009250                __retarget_lock_init_recursive
 .text.__retarget_lock_acquire_recursive
                0x08009252        0x2 c:/program files (x86)/gnu tools arm embedded/8 2019-q3-update/bin/../lib/gcc/arm-none-eabi/8.3.1/../../../../arm-none-eabi/lib/thumb/v7e-m+fp/hard\libc_nano.a(lib_a-lock.o)
                0x08009252                __retarget_lock_acquire_recursive
 .text.__retarget_lock_release_recursive
                0x08009254        0x2 c:/program files (x86)/gnu tools arm embedded/8 2019-q3-update/bin/../lib/gcc/arm-none-eabi/8.3.1/../../../../arm-none-eabi/lib/thumb/v7e-m+fp/hard\libc_nano.a(lib_a-lock.o)
                0x08009254                __retarget_lock_release_recursive
 .text.__swhatbuf_r
                0x08009256       0x48 c:/program files (x86)/gnu tools arm embedded/8 2019-q3-update/bin/../lib/gcc/arm-none-eabi/8.3.1/../../../../arm-none-eabi/lib/thumb/v7e-m+fp/hard\libc_nano.a(lib_a-makebuf.o)
                0x08009256                __swhatbuf_r
 *fill*         0x0800929e        0x2 
 .text.__smakebuf_r
                0x080092a0       0x80 c:/program files (x86)/gnu tools arm embedded/8 2019-q3-update/bin/../lib/gcc/arm-none-eabi/8.3.1/../../../../arm-none-eabi/lib/thumb/v7e-m+fp/hard\libc_nano.a(lib_a-makebuf.o)
                0x080092a0                __smakebuf_r
 .text.malloc   0x08009320       0x10 c:/program files (x86)/gnu tools arm embedded/8 2019-q3-update/bin/../lib/gcc/arm-none-eabi/8.3.1/../../../../arm-none-eabi/lib/thumb/v7e-m+fp/hard\libc_nano.a(lib_a-malloc.o)
                0x08009320                malloc
 .text._Balloc  0x08009330       0x68 c:/program files (x86)/gnu tools arm embedded/8 2019-q3-update/bin/../lib/gcc/arm-none-eabi/8.3.1/../../../../arm-none-eabi/lib/thumb/v7e-m+fp/hard\libc_nano.a(lib_a-mprec.o)
                0x08009330                _Balloc
 .text._Bfree   0x08009398       0x2e c:/program files (x86)/gnu tools arm embedded/8 2019-q3-update/bin/../lib/gcc/arm-none-eabi/8.3.1/../../../../arm-none-eabi/lib/thumb/v7e-m+fp/hard\libc_nano.a(lib_a-mprec.o)
                0x08009398                _Bfree
 .text.__multadd
                0x080093c6       0x76 c:/program files (x86)/gnu tools arm embedded/8 2019-q3-update/bin/../lib/gcc/arm-none-eabi/8.3.1/../../../../arm-none-eabi/lib/thumb/v7e-m+fp/hard\libc_nano.a(lib_a-mprec.o)
                0x080093c6                __multadd
 .text.__hi0bits
                0x0800943c       0x40 c:/program files (x86)/gnu tools arm embedded/8 2019-q3-update/bin/../lib/gcc/arm-none-eabi/8.3.1/../../../../arm-none-eabi/lib/thumb/v7e-m+fp/hard\libc_nano.a(lib_a-mprec.o)
                0x0800943c                __hi0bits
 .text.__lo0bits
                0x0800947c       0x60 c:/program files (x86)/gnu tools arm embedded/8 2019-q3-update/bin/../lib/gcc/arm-none-eabi/8.3.1/../../../../arm-none-eabi/lib/thumb/v7e-m+fp/hard\libc_nano.a(lib_a-mprec.o)
                0x0800947c                __lo0bits
 .text.__i2b    0x080094dc       0x12 c:/program files (x86)/gnu tools arm embedded/8 2019-q3-update/bin/../lib/gcc/arm-none-eabi/8.3.1/../../../../arm-none-eabi/lib/thumb/v7e-m+fp/hard\libc_nano.a(lib_a-mprec.o)
                0x080094dc                __i2b
 .text.__multiply
                0x080094ee      0x120 c:/program files (x86)/gnu tools arm embedded/8 2019-q3-update/bin/../lib/gcc/arm-none-eabi/8.3.1/../../../../arm-none-eabi/lib/thumb/v7e-m+fp/hard\libc_nano.a(lib_a-mprec.o)
                0x080094ee                __multiply
 *fill*         0x0800960e        0x2 
 .text.__pow5mult
                0x08009610       0x9c c:/program files (x86)/gnu tools arm embedded/8 2019-q3-update/bin/../lib/gcc/arm-none-eabi/8.3.1/../../../../arm-none-eabi/lib/thumb/v7e-m+fp/hard\libc_nano.a(lib_a-mprec.o)
                0x08009610                __pow5mult
 .text.__lshift
                0x080096ac       0xa6 c:/program files (x86)/gnu tools arm embedded/8 2019-q3-update/bin/../lib/gcc/arm-none-eabi/8.3.1/../../../../arm-none-eabi/lib/thumb/v7e-m+fp/hard\libc_nano.a(lib_a-mprec.o)
                0x080096ac                __lshift
 .text.__mcmp   0x08009752       0x34 c:/program files (x86)/gnu tools arm embedded/8 2019-q3-update/bin/../lib/gcc/arm-none-eabi/8.3.1/../../../../arm-none-eabi/lib/thumb/v7e-m+fp/hard\libc_nano.a(lib_a-mprec.o)
                0x08009752                __mcmp
 .text.__mdiff  0x08009786       0xba c:/program files (x86)/gnu tools arm embedded/8 2019-q3-update/bin/../lib/gcc/arm-none-eabi/8.3.1/../../../../arm-none-eabi/lib/thumb/v7e-m+fp/hard\libc_nano.a(lib_a-mprec.o)
                0x08009786                __mdiff
 .text.__d2b    0x08009840       0x9c c:/program files (x86)/gnu tools arm embedded/8 2019-q3-update/bin/../lib/gcc/arm-none-eabi/8.3.1/../../../../arm-none-eabi/lib/thumb/v7e-m+fp/hard\libc_nano.a(lib_a-mprec.o)
                0x08009840                __d2b
 .text._calloc_r
                0x080098dc       0x1c c:/program files (x86)/gnu tools arm embedded/8 2019-q3-update/bin/../lib/gcc/arm-none-eabi/8.3.1/../../../../arm-none-eabi/lib/thumb/v7e-m+fp/hard\libc_nano.a(lib_a-nano-callocr.o)
                0x080098dc                _calloc_r
 .text._free_r  0x080098f8       0x9c c:/program files (x86)/gnu tools arm embedded/8 2019-q3-update/bin/../lib/gcc/arm-none-eabi/8.3.1/../../../../arm-none-eabi/lib/thumb/v7e-m+fp/hard\libc_nano.a(lib_a-nano-freer.o)
                0x080098f8                _free_r
 .text._malloc_r
                0x08009994       0xb4 c:/program files (x86)/gnu tools arm embedded/8 2019-q3-update/bin/../lib/gcc/arm-none-eabi/8.3.1/../../../../arm-none-eabi/lib/thumb/v7e-m+fp/hard\libc_nano.a(lib_a-nano-mallocr.o)
                0x08009994                _malloc_r
 .text._sbrk_r  0x08009a48       0x20 c:/program files (x86)/gnu tools arm embedded/8 2019-q3-update/bin/../lib/gcc/arm-none-eabi/8.3.1/../../../../arm-none-eabi/lib/thumb/v7e-m+fp/hard\libc_nano.a(lib_a-sbrkr.o)
                0x08009a48                _sbrk_r
 .text._raise_r
                0x08009a68       0x50 c:/program files (x86)/gnu tools arm embedded/8 2019-q3-update/bin/../lib/gcc/arm-none-eabi/8.3.1/../../../../arm-none-eabi/lib/thumb/v7e-m+fp/hard\libc_nano.a(lib_a-signal.o)
                0x08009a68                _raise_r
 .text.raise    0x08009ab8       0x10 c:/program files (x86)/gnu tools arm embedded/8 2019-q3-update/bin/../lib/gcc/arm-none-eabi/8.3.1/../../../../arm-none-eabi/lib/thumb/v7e-m+fp/hard\libc_nano.a(lib_a-signal.o)
                0x08009ab8                raise
 .text._kill_r  0x08009ac8       0x24 c:/program files (x86)/gnu tools arm embedded/8 2019-q3-update/bin/../lib/gcc/arm-none-eabi/8.3.1/../../../../arm-none-eabi/lib/thumb/v7e-m+fp/hard\libc_nano.a(lib_a-signalr.o)
                0x08009ac8                _kill_r
 .text._getpid_r
                0x08009aec        0x4 c:/program files (x86)/gnu tools arm embedded/8 2019-q3-update/bin/../lib/gcc/arm-none-eabi/8.3.1/../../../../arm-none-eabi/lib/thumb/v7e-m+fp/hard\libc_nano.a(lib_a-signalr.o)
                0x08009aec                _getpid_r
 .text.__sread  0x08009af0       0x22 c:/program files (x86)/gnu tools arm embedded/8 2019-q3-update/bin/../lib/gcc/arm-none-eabi/8.3.1/../../../../arm-none-eabi/lib/thumb/v7e-m+fp/hard\libc_nano.a(lib_a-stdio.o)
                0x08009af0                __sread
 .text.__swrite
                0x08009b12       0x38 c:/program files (x86)/gnu tools arm embedded/8 2019-q3-update/bin/../lib/gcc/arm-none-eabi/8.3.1/../../../../arm-none-eabi/lib/thumb/v7e-m+fp/hard\libc_nano.a(lib_a-stdio.o)
                0x08009b12                __swrite
 .text.__sseek  0x08009b4a       0x24 c:/program files (x86)/gnu tools arm embedded/8 2019-q3-update/bin/../lib/gcc/arm-none-eabi/8.3.1/../../../../arm-none-eabi/lib/thumb/v7e-m+fp/hard\libc_nano.a(lib_a-stdio.o)
                0x08009b4a                __sseek
 .text.__sclose
                0x08009b6e        0x8 c:/program files (x86)/gnu tools arm embedded/8 2019-q3-update/bin/../lib/gcc/arm-none-eabi/8.3.1/../../../../arm-none-eabi/lib/thumb/v7e-m+fp/hard\libc_nano.a(lib_a-stdio.o)
                0x08009b6e                __sclose
 *fill*         0x08009b76        0x2 
 .text._write_r
                0x08009b78       0x24 c:/program files (x86)/gnu tools arm embedded/8 2019-q3-update/bin/../lib/gcc/arm-none-eabi/8.3.1/../../../../arm-none-eabi/lib/thumb/v7e-m+fp/hard\libc_nano.a(lib_a-writer.o)
                0x08009b78                _write_r
 .text._close_r
                0x08009b9c       0x20 c:/program files (x86)/gnu tools arm embedded/8 2019-q3-update/bin/../lib/gcc/arm-none-eabi/8.3.1/../../../../arm-none-eabi/lib/thumb/v7e-m+fp/hard\libc_nano.a(lib_a-closer.o)
                0x08009b9c                _close_r
 .text._fstat_r
                0x08009bbc       0x24 c:/program files (x86)/gnu tools arm embedded/8 2019-q3-update/bin/../lib/gcc/arm-none-eabi/8.3.1/../../../../arm-none-eabi/lib/thumb/v7e-m+fp/hard\libc_nano.a(lib_a-fstatr.o)
                0x08009bbc                _fstat_r
 .text._isatty_r
                0x08009be0       0x20 c:/program files (x86)/gnu tools arm embedded/8 2019-q3-update/bin/../lib/gcc/arm-none-eabi/8.3.1/../../../../arm-none-eabi/lib/thumb/v7e-m+fp/hard\libc_nano.a(lib_a-isattyr.o)
                0x08009be0                _isatty_r
 .text._lseek_r
                0x08009c00       0x24 c:/program files (x86)/gnu tools arm embedded/8 2019-q3-update/bin/../lib/gcc/arm-none-eabi/8.3.1/../../../../arm-none-eabi/lib/thumb/v7e-m+fp/hard\libc_nano.a(lib_a-lseekr.o)
                0x08009c00                _lseek_r
 .text.__ascii_mbtowc
                0x08009c24       0x24 c:/program files (x86)/gnu tools arm embedded/8 2019-q3-update/bin/../lib/gcc/arm-none-eabi/8.3.1/../../../../arm-none-eabi/lib/thumb/v7e-m+fp/hard\libc_nano.a(lib_a-mbtowc_r.o)
                0x08009c24                __ascii_mbtowc
 .text.__malloc_lock
                0x08009c48        0xc c:/program files (x86)/gnu tools arm embedded/8 2019-q3-update/bin/../lib/gcc/arm-none-eabi/8.3.1/../../../../arm-none-eabi/lib/thumb/v7e-m+fp/hard\libc_nano.a(lib_a-mlock.o)
                0x08009c48                __malloc_lock
 .text.__malloc_unlock
                0x08009c54        0xc c:/program files (x86)/gnu tools arm embedded/8 2019-q3-update/bin/../lib/gcc/arm-none-eabi/8.3.1/../../../../arm-none-eabi/lib/thumb/v7e-m+fp/hard\libc_nano.a(lib_a-mlock.o)
                0x08009c54                __malloc_unlock
 .text._read_r  0x08009c60       0x24 c:/program files (x86)/gnu tools arm embedded/8 2019-q3-update/bin/../lib/gcc/arm-none-eabi/8.3.1/../../../../arm-none-eabi/lib/thumb/v7e-m+fp/hard\libc_nano.a(lib_a-readr.o)
                0x08009c60                _read_r
 .text.__ascii_wctomb
                0x08009c84       0x1a c:/program files (x86)/gnu tools arm embedded/8 2019-q3-update/bin/../lib/gcc/arm-none-eabi/8.3.1/../../../../arm-none-eabi/lib/thumb/v7e-m+fp/hard\libc_nano.a(lib_a-wctomb_r.o)
                0x08009c84                __ascii_wctomb
 *fill*         0x08009c9e        0x2 
 .text._close   0x08009ca0       0x10 c:/program files (x86)/gnu tools arm embedded/8 2019-q3-update/bin/../lib/gcc/arm-none-eabi/8.3.1/../../../../arm-none-eabi/lib/thumb/v7e-m+fp/hard\libnosys.a(close.o)
                0x08009ca0                _close
 .text._fstat   0x08009cb0       0x10 c:/program files (x86)/gnu tools arm embedded/8 2019-q3-update/bin/../lib/gcc/arm-none-eabi/8.3.1/../../../../arm-none-eabi/lib/thumb/v7e-m+fp/hard\libnosys.a(fstat.o)
                0x08009cb0                _fstat
 .text._getpid  0x08009cc0       0x10 c:/program files (x86)/gnu tools arm embedded/8 2019-q3-update/bin/../lib/gcc/arm-none-eabi/8.3.1/../../../../arm-none-eabi/lib/thumb/v7e-m+fp/hard\libnosys.a(getpid.o)
                0x08009cc0                _getpid
 .text._isatty  0x08009cd0       0x10 c:/program files (x86)/gnu tools arm embedded/8 2019-q3-update/bin/../lib/gcc/arm-none-eabi/8.3.1/../../../../arm-none-eabi/lib/thumb/v7e-m+fp/hard\libnosys.a(isatty.o)
                0x08009cd0                _isatty
 .text._kill    0x08009ce0       0x10 c:/program files (x86)/gnu tools arm embedded/8 2019-q3-update/bin/../lib/gcc/arm-none-eabi/8.3.1/../../../../arm-none-eabi/lib/thumb/v7e-m+fp/hard\libnosys.a(kill.o)
                0x08009ce0                _kill
 .text._lseek   0x08009cf0       0x10 c:/program files (x86)/gnu tools arm embedded/8 2019-q3-update/bin/../lib/gcc/arm-none-eabi/8.3.1/../../../../arm-none-eabi/lib/thumb/v7e-m+fp/hard\libnosys.a(lseek.o)
                0x08009cf0                _lseek
 .text._read    0x08009d00       0x10 c:/program files (x86)/gnu tools arm embedded/8 2019-q3-update/bin/../lib/gcc/arm-none-eabi/8.3.1/../../../../arm-none-eabi/lib/thumb/v7e-m+fp/hard\libnosys.a(read.o)
                0x08009d00                _read
 .text._sbrk    0x08009d10       0x1c c:/program files (x86)/gnu tools arm embedded/8 2019-q3-update/bin/../lib/gcc/arm-none-eabi/8.3.1/../../../../arm-none-eabi/lib/thumb/v7e-m+fp/hard\libnosys.a(sbrk.o)
                0x08009d10                _sbrk
 .text._exit    0x08009d2c        0x4 c:/program files (x86)/gnu tools arm embedded/8 2019-q3-update/bin/../lib/gcc/arm-none-eabi/8.3.1/../../../../arm-none-eabi/lib/thumb/v7e-m+fp/hard\libnosys.a(_exit.o)
                0x08009d2c                _exit
 *(.glue_7)
 .glue_7        0x08009d30        0x0 linker stubs
 *(.glue_7t)
 .glue_7t       0x08009d30        0x0 linker stubs
 *(.eh_frame)
 .eh_frame      0x08009d30        0x0 c:/program files (x86)/gnu tools arm embedded/8 2019-q3-update/bin/../lib/gcc/arm-none-eabi/8.3.1/thumb/v7e-m+fp/hard/crtbegin.o
 *(.init)
 .init          0x08009d30        0x4 c:/program files (x86)/gnu tools arm embedded/8 2019-q3-update/bin/../lib/gcc/arm-none-eabi/8.3.1/thumb/v7e-m+fp/hard/crti.o
                0x08009d30                _init
 .init          0x08009d34        0x8 c:/program files (x86)/gnu tools arm embedded/8 2019-q3-update/bin/../lib/gcc/arm-none-eabi/8.3.1/thumb/v7e-m+fp/hard/crtn.o
 *(.fini)
 .fini          0x08009d3c        0x4 c:/program files (x86)/gnu tools arm embedded/8 2019-q3-update/bin/../lib/gcc/arm-none-eabi/8.3.1/thumb/v7e-m+fp/hard/crti.o
                0x08009d3c                _fini
 .fini          0x08009d40        0x8 c:/program files (x86)/gnu tools arm embedded/8 2019-q3-update/bin/../lib/gcc/arm-none-eabi/8.3.1/thumb/v7e-m+fp/hard/crtn.o
                0x08009d48                . = ALIGN (0x8)
                0x08009d48                _etext = .

.vfp11_veneer   0x08009d48        0x0
 .vfp11_veneer  0x08009d48        0x0 linker stubs

.v4_bx          0x08009d48        0x0
 .v4_bx         0x08009d48        0x0 linker stubs

.iplt           0x08009d48        0x0
 .iplt          0x08009d48        0x0 c:/program files (x86)/gnu tools arm embedded/8 2019-q3-update/bin/../lib/gcc/arm-none-eabi/8.3.1/thumb/v7e-m+fp/hard/crtbegin.o

.rodata         0x08009d48     0x1510
                0x08009d48                . = ALIGN (0x8)
 *(.rodata)
 *(.rodata*)
 .rodata.EXTI1_IRQHandler.str1.4
                0x08009d48       0x14 ../../applications/murata-dualstack-example-ns/build/murata-dualstack-example-ns.o
 .rodata.HAL_GPIO_EXTI_Callback.str1.4
                0x08009d5c       0x15 ../../applications/murata-dualstack-example-ns/build/murata-dualstack-example-ns.o
 *fill*         0x08009d71        0x3 
 .rodata.LoRaWAN_send.str1.4
                0x08009d74       0x25 ../../applications/murata-dualstack-example-ns/build/murata-dualstack-example-ns.o
 *fill*         0x08009d99        0x3 
 .rodata.TIM3_IRQHandler.str1.4
                0x08009d9c       0x11 ../../applications/murata-dualstack-example-ns/build/murata-dualstack-example-ns.o
 .rodata.ble_callback.str1.4
                0x08009dad       0x11 ../../applications/murata-dualstack-example-ns/build/murata-dualstack-example-ns.o
                                  0x5 (size before relaxing)
 *fill*         0x08009dad        0x3 
 .rodata.goToSleep.str1.4
                0x08009db0       0x31 ../../applications/murata-dualstack-example-ns/build/murata-dualstack-example-ns.o
 *fill*         0x08009de1        0x3 
 .rodata.main.str1.4
                0x08009de4      0x1f0 ../../applications/murata-dualstack-example-ns/build/murata-dualstack-example-ns.o
 .rodata.printWelcome.str1.4
                0x08009fd4       0x55 ../../applications/murata-dualstack-example-ns/build/murata-dualstack-example-ns.o
                                 0x5c (size before relaxing)
 *fill*         0x0800a029        0x3 
 .rodata.print_temp_hum.str1.4
                0x0800a02c       0x31 ../../applications/murata-dualstack-example-ns/build/murata-dualstack-example-ns.o
                                 0x35 (size before relaxing)
 *fill*         0x0800a05d        0x3 
 .rodata.send_message.str1.4
                0x0800a060       0x3d ../../applications/murata-dualstack-example-ns/build/murata-dualstack-example-ns.o
 *fill*         0x0800a09d        0x3 
 .rodata.__func__.6325
                0x0800a0a0       0x19 ../../applications/murata-dualstack-example-ns/build/alp.o
 *fill*         0x0800a0b9        0x3 
 .rodata.__func__.6857
                0x0800a0bc       0x1a ../../applications/murata-dualstack-example-ns/build/alp.o
 *fill*         0x0800a0d6        0x2 
 .rodata.__func__.6867
                0x0800a0d8       0x1e ../../applications/murata-dualstack-example-ns/build/alp.o
 *fill*         0x0800a0f6        0x2 
 .rodata.__func__.6894
                0x0800a0f8       0x1a ../../applications/murata-dualstack-example-ns/build/alp.o
 *fill*         0x0800a112        0x2 
 .rodata.__func__.6907
                0x0800a114       0x23 ../../applications/murata-dualstack-example-ns/build/alp.o
 *fill*         0x0800a137        0x1 
 .rodata.__func__.6929
                0x0800a138       0x18 ../../applications/murata-dualstack-example-ns/build/alp.o
 .rodata.__func__.6944
                0x0800a150       0x14 ../../applications/murata-dualstack-example-ns/build/alp.o
 .rodata.__func__.6951
                0x0800a164       0x17 ../../applications/murata-dualstack-example-ns/build/alp.o
 *fill*         0x0800a17b        0x1 
 .rodata.__func__.6961
                0x0800a17c       0x11 ../../applications/murata-dualstack-example-ns/build/alp.o
 *fill*         0x0800a18d        0x3 
 .rodata.__func__.6998
                0x0800a190       0x1e ../../applications/murata-dualstack-example-ns/build/alp.o
 *fill*         0x0800a1ae        0x2 
 .rodata.alp_append_file_offset_operand.str1.4
                0x0800a1b0       0x2c ../../applications/murata-dualstack-example-ns/build/alp.o
 .rodata.alp_append_forward_action.str1.4
                0x0800a1dc      0x61a ../../applications/murata-dualstack-example-ns/build/alp.o
 *fill*         0x0800a7f6        0x2 
 .rodata.alp_append_length_operand.str1.4
                0x0800a7f8       0x97 ../../applications/murata-dualstack-example-ns/build/alp.o
 *fill*         0x0800a88f        0x1 
 .rodata.alp_append_return_file_data_action.str1.4
                0x0800a890       0x68 ../../applications/murata-dualstack-example-ns/build/alp.o
 .rodata.alp_append_tag_request_action.str1.4
                0x0800a8f8       0x53 ../../applications/murata-dualstack-example-ns/build/alp.o
 *fill*         0x0800a94b        0x1 
 .rodata.alp_parse_action.str1.4
                0x0800a94c       0x26 ../../applications/murata-dualstack-example-ns/build/alp.o
 *fill*         0x0800a972        0x2 
 .rodata.alp_parse_file_offset_operand.str1.4
                0x0800a974       0x13 ../../applications/murata-dualstack-example-ns/build/alp.o
 *fill*         0x0800a987        0x1 
 .rodata.parse_op_return_status.str1.4
                0x0800a988       0xc4 ../../applications/murata-dualstack-example-ns/build/alp.o
 .rodata.parse_op_return_tag.str1.4
                0x0800aa4c       0x69 ../../applications/murata-dualstack-example-ns/build/alp.o
 *fill*         0x0800aab5        0x3 
 .rodata.parse_operand_file_data.str1.4
                0x0800aab8       0x59 ../../applications/murata-dualstack-example-ns/build/alp.o
 *fill*         0x0800ab11        0x3 
 .rodata.alloc_command.str1.4
                0x0800ab14       0x1a ../../applications/murata-dualstack-example-ns/build/modem.o
 *fill*         0x0800ab2e        0x2 
 .rodata.process_serial_frame.str1.4
                0x0800ab30       0x46 ../../applications/murata-dualstack-example-ns/build/modem.o
                                 0x7a (size before relaxing)
 *fill*         0x0800ab76        0x2 
 .rodata.process_rx_fifo.str1.4
                0x0800ab78       0x73 ../../applications/murata-dualstack-example-ns/build/modem_interface.o
 *fill*         0x0800abeb        0x1 
 .rodata.Murata_Dash7_Send.str1.4
                0x0800abec       0x2d ../../applications/murata-dualstack-example-ns/build/murata.o
 *fill*         0x0800ac19        0x3 
 .rodata.Murata_Initialize.str1.4
                0x0800ac1c       0xde ../../applications/murata-dualstack-example-ns/build/murata.o
 *fill*         0x0800acfa        0x2 
 .rodata.Murata_LoRaWAN_Send.str1.4
                0x0800acfc       0x2f ../../applications/murata-dualstack-example-ns/build/murata.o
 *fill*         0x0800ad2b        0x1 
 .rodata.on_modem_command_completed_callback.str1.4
                0x0800ad2c       0x3c ../../applications/murata-dualstack-example-ns/build/murata.o
 .rodata.on_modem_interface_status_callback.str1.4
                0x0800ad68       0x84 ../../applications/murata-dualstack-example-ns/build/murata.o
 .rodata.on_modem_reboot_callback.str1.4
                0x0800adec       0x28 ../../applications/murata-dualstack-example-ns/build/murata.o
 .rodata.on_modem_return_file_data_callback.str1.4
                0x0800ae14       0x46 ../../applications/murata-dualstack-example-ns/build/murata.o
 *fill*         0x0800ae5a        0x2 
 .rodata.on_modem_write_file_data_callback.str1.4
                0x0800ae5c       0x45 ../../applications/murata-dualstack-example-ns/build/murata.o
 *fill*         0x0800aea1        0x3 
 .rodata.OCTA_Initialize_Common_Peripherals.str1.4
                0x0800aea4       0x2b ../../applications/murata-dualstack-example-ns/build/octa.o
 *fill*         0x0800aecf        0x1 
 .rodata.OCTA_Initialize_P2_Peripherals.str1.4
                0x0800aed0       0x29 ../../applications/murata-dualstack-example-ns/build/octa.o
 *fill*         0x0800aef9        0x3 
 .rodata.platform_getHeader.str1.4
                0x0800aefc       0x14 ../../applications/murata-dualstack-example-ns/build/octa.o
                                 0x13 (size before relaxing)
 .rodata.AHBPrescTable
                0x0800af10       0x10 ../../applications/murata-dualstack-example-ns/build/system_stm32l4xx.o
                0x0800af10                AHBPrescTable
 .rodata.APBPrescTable
                0x0800af20        0x8 ../../applications/murata-dualstack-example-ns/build/system_stm32l4xx.o
                0x0800af20                APBPrescTable
 .rodata.MSIRangeTable
                0x0800af28       0x30 ../../applications/murata-dualstack-example-ns/build/system_stm32l4xx.o
                0x0800af28                MSIRangeTable
 .rodata.__assert_func.str1.1
                0x0800af58       0x3c c:/program files (x86)/gnu tools arm embedded/8 2019-q3-update/bin/../lib/gcc/arm-none-eabi/8.3.1/../../../../arm-none-eabi/lib/thumb/v7e-m+fp/hard\libc_nano.a(lib_a-assert.o)
                                 0x3d (size before relaxing)
 .rodata._global_impure_ptr
                0x0800af94        0x4 c:/program files (x86)/gnu tools arm embedded/8 2019-q3-update/bin/../lib/gcc/arm-none-eabi/8.3.1/../../../../arm-none-eabi/lib/thumb/v7e-m+fp/hard\libc_nano.a(lib_a-impure.o)
                0x0800af94                _global_impure_ptr
 .rodata._vfprintf_r.str1.1
                0x0800af98       0x11 c:/program files (x86)/gnu tools arm embedded/8 2019-q3-update/bin/../lib/gcc/arm-none-eabi/8.3.1/../../../../arm-none-eabi/lib/thumb/v7e-m+fp/hard\libc_nano.a(lib_a-nano-vfprintf.o)
 .rodata._printf_float.str1.1
                0x0800afa9       0x12 c:/program files (x86)/gnu tools arm embedded/8 2019-q3-update/bin/../lib/gcc/arm-none-eabi/8.3.1/../../../../arm-none-eabi/lib/thumb/v7e-m+fp/hard\libc_nano.a(lib_a-nano-vfprintf_float.o)
 .rodata._printf_i.str1.1
                0x0800afbb       0x22 c:/program files (x86)/gnu tools arm embedded/8 2019-q3-update/bin/../lib/gcc/arm-none-eabi/8.3.1/../../../../arm-none-eabi/lib/thumb/v7e-m+fp/hard\libc_nano.a(lib_a-nano-vfprintf_i.o)
 .rodata._dtoa_r.str1.1