Archive member included to satisfy reference by file (symbol)

c:/program files (x86)/gnu tools arm embedded/8 2019-q3-update/bin/../lib/gcc/arm-none-eabi/8.3.1/../../../../arm-none-eabi/lib/thumb/v7e-m+fp/hard\libc_nano.a(lib_a-assert.o)
                              ../../applications/murata-dualstack-example-ns/build/alp.o (__assert_func)
c:/program files (x86)/gnu tools arm embedded/8 2019-q3-update/bin/../lib/gcc/arm-none-eabi/8.3.1/../../../../arm-none-eabi/lib/thumb/v7e-m+fp/hard\libc_nano.a(lib_a-exit.o)
                              c:/program files (x86)/gnu tools arm embedded/8 2019-q3-update/bin/../lib/gcc/arm-none-eabi/8.3.1/../../../../arm-none-eabi/lib/thumb/v7e-m+fp/hard/crt0.o (exit)
c:/program files (x86)/gnu tools arm embedded/8 2019-q3-update/bin/../lib/gcc/arm-none-eabi/8.3.1/../../../../arm-none-eabi/lib/thumb/v7e-m+fp/hard\libc_nano.a(lib_a-fprintf.o)
                              c:/program files (x86)/gnu tools arm embedded/8 2019-q3-update/bin/../lib/gcc/arm-none-eabi/8.3.1/../../../../arm-none-eabi/lib/thumb/v7e-m+fp/hard\libc_nano.a(lib_a-assert.o) (fiprintf)
c:/program files (x86)/gnu tools arm embedded/8 2019-q3-update/bin/../lib/gcc/arm-none-eabi/8.3.1/../../../../arm-none-eabi/lib/thumb/v7e-m+fp/hard\libc_nano.a(lib_a-impure.o)
                              c:/program files (x86)/gnu tools arm embedded/8 2019-q3-update/bin/../lib/gcc/arm-none-eabi/8.3.1/../../../../arm-none-eabi/lib/thumb/v7e-m+fp/hard\libc_nano.a(lib_a-exit.o) (_global_impure_ptr)
c:/program files (x86)/gnu tools arm embedded/8 2019-q3-update/bin/../lib/gcc/arm-none-eabi/8.3.1/../../../../arm-none-eabi/lib/thumb/v7e-m+fp/hard\libc_nano.a(lib_a-init.o)
                              c:/program files (x86)/gnu tools arm embedded/8 2019-q3-update/bin/../lib/gcc/arm-none-eabi/8.3.1/../../../../arm-none-eabi/lib/thumb/v7e-m+fp/hard/crt0.o (__libc_init_array)
c:/program files (x86)/gnu tools arm embedded/8 2019-q3-update/bin/../lib/gcc/arm-none-eabi/8.3.1/../../../../arm-none-eabi/lib/thumb/v7e-m+fp/hard\libc_nano.a(lib_a-memcpy-stub.o)
                              ../../applications/murata-dualstack-example-ns/build/fifo.o (memcpy)
c:/program files (x86)/gnu tools arm embedded/8 2019-q3-update/bin/../lib/gcc/arm-none-eabi/8.3.1/../../../../arm-none-eabi/lib/thumb/v7e-m+fp/hard\libc_nano.a(lib_a-memset.o)
                              c:/program files (x86)/gnu tools arm embedded/8 2019-q3-update/bin/../lib/gcc/arm-none-eabi/8.3.1/../../../../arm-none-eabi/lib/thumb/v7e-m+fp/hard/crt0.o (memset)
c:/program files (x86)/gnu tools arm embedded/8 2019-q3-update/bin/../lib/gcc/arm-none-eabi/8.3.1/../../../../arm-none-eabi/lib/thumb/v7e-m+fp/hard\libc_nano.a(lib_a-nano-vfprintf.o)
                              c:/program files (x86)/gnu tools arm embedded/8 2019-q3-update/bin/../lib/gcc/arm-none-eabi/8.3.1/../../../../arm-none-eabi/lib/thumb/v7e-m+fp/hard\libc_nano.a(lib_a-fprintf.o) (_vfprintf_r)
c:/program files (x86)/gnu tools arm embedded/8 2019-q3-update/bin/../lib/gcc/arm-none-eabi/8.3.1/../../../../arm-none-eabi/lib/thumb/v7e-m+fp/hard\libc_nano.a(lib_a-nano-vfprintf_i.o)
                              c:/program files (x86)/gnu tools arm embedded/8 2019-q3-update/bin/../lib/gcc/arm-none-eabi/8.3.1/../../../../arm-none-eabi/lib/thumb/v7e-m+fp/hard\libc_nano.a(lib_a-nano-vfprintf.o) (_printf_i)
c:/program files (x86)/gnu tools arm embedded/8 2019-q3-update/bin/../lib/gcc/arm-none-eabi/8.3.1/../../../../arm-none-eabi/lib/thumb/v7e-m+fp/hard\libc_nano.a(lib_a-printf.o)
                              ../../applications/murata-dualstack-example-ns/build/murata-dualstack-example-ns.o (printf)
c:/program files (x86)/gnu tools arm embedded/8 2019-q3-update/bin/../lib/gcc/arm-none-eabi/8.3.1/../../../../arm-none-eabi/lib/thumb/v7e-m+fp/hard\libc_nano.a(lib_a-puts.o)
                              ../../applications/murata-dualstack-example-ns/build/murata-dualstack-example-ns.o (puts)
c:/program files (x86)/gnu tools arm embedded/8 2019-q3-update/bin/../lib/gcc/arm-none-eabi/8.3.1/../../../../arm-none-eabi/lib/thumb/v7e-m+fp/hard\libc_nano.a(lib_a-strnlen.o)
                              ../../applications/murata-dualstack-example-ns/build/modem_interface.o (strnlen)
c:/program files (x86)/gnu tools arm embedded/8 2019-q3-update/bin/../lib/gcc/arm-none-eabi/8.3.1/../../../../arm-none-eabi/lib/thumb/v7e-m+fp/hard\libc_nano.a(lib_a-wbuf.o)
                              c:/program files (x86)/gnu tools arm embedded/8 2019-q3-update/bin/../lib/gcc/arm-none-eabi/8.3.1/../../../../arm-none-eabi/lib/thumb/v7e-m+fp/hard\libc_nano.a(lib_a-nano-vfprintf.o) (__swbuf_r)
c:/program files (x86)/gnu tools arm embedded/8 2019-q3-update/bin/../lib/gcc/arm-none-eabi/8.3.1/../../../../arm-none-eabi/lib/thumb/v7e-m+fp/hard\libc_nano.a(lib_a-wsetup.o)
[...]
Memory Configuration

Name             Origin             Length             Attributes
RAM              0x20000000         0x00050000         xrw
FLASH            0x08000000         0x00100000         xr
*default*        0x00000000         0xffffffff

Linker script and memory map

LOAD c:/program files (x86)/gnu tools arm embedded/8 2019-q3-update/bin/../lib/gcc/arm-none-eabi/8.3.1/thumb/v7e-m+fp/hard/crti.o
LOAD c:/program files (x86)/gnu tools arm embedded/8 2019-q3-update/bin/../lib/gcc/arm-none-eabi/8.3.1/thumb/v7e-m+fp/hard/crtbegin.o
LOAD c:/program files (x86)/gnu tools arm embedded/8 2019-q3-update/bin/../lib/gcc/arm-none-eabi/8.3.1/../../../../arm-none-eabi/lib/thumb/v7e-m+fp/hard/crt0.o
LOAD ../../applications/murata-dualstack-example-ns/build/murata-dualstack-example-ns.o
LOAD ../../applications/murata-dualstack-example-ns/build/alp.o
LOAD ../../applications/murata-dualstack-example-ns/build/crc.o
LOAD ../../applications/murata-dualstack-example-ns/build/fifo.o
LOAD ../../applications/murata-dualstack-example-ns/build/modem.o
LOAD ../../applications/murata-dualstack-example-ns/build/modem_interface.o
LOAD ../../applications/murata-dualstack-example-ns/build/murata.o
LOAD ../../applications/murata-dualstack-example-ns/build/platform.o
LOAD ../../applications/murata-dualstack-example-ns/build/stm32l4xx_hal_i2c.o
LOAD ../../applications/murata-dualstack-example-ns/build/stm32l4xx_hal_i2c_ex.o
LOAD ../../applications/murata-dualstack-example-ns/build/stm32l4xx_hal_spi.o
LOAD ../../applications/murata-dualstack-example-ns/build/stm32l4xx_hal_spi_ex.o
LOAD ../../applications/murata-dualstack-example-ns/build/stm32l4xx_hal_iwdg.o
LOAD ../../applications/murata-dualstack-example-ns/build/stm32l4xx_hal_uart.o
LOAD ../../applications/murata-dualstack-example-ns/build/stm32l4xx_hal_uart_ex.o
LOAD ../../applications/murata-dualstack-example-ns/build/stm32l4xx_hal_tim.o
LOAD ../../applications/murata-dualstack-example-ns/build/stm32l4xx_hal_tim_ex.o
LOAD ../../applications/murata-dualstack-example-ns/build/stm32l4xx_hal.o
LOAD ../../applications/murata-dualstack-example-ns/build/stm32l4xx_hal_rcc.o
LOAD ../../applications/murata-dualstack-example-ns/build/stm32l4xx_hal_rcc_ex.o
LOAD ../../applications/murata-dualstack-example-ns/build/stm32l4xx_hal_flash.o
LOAD ../../applications/murata-dualstack-example-ns/build/stm32l4xx_hal_flash_ex.o
LOAD ../../applications/murata-dualstack-example-ns/build/stm32l4xx_hal_flash_ramfunc.o
LOAD ../../applications/murata-dualstack-example-ns/build/stm32l4xx_hal_gpio.o
LOAD ../../applications/murata-dualstack-example-ns/build/stm32l4xx_hal_dma.o
LOAD ../../applications/murata-dualstack-example-ns/build/stm32l4xx_hal_dma_ex.o
LOAD ../../applications/murata-dualstack-example-ns/build/stm32l4xx_hal_pwr.o
LOAD ../../applications/murata-dualstack-example-ns/build/stm32l4xx_hal_pwr_ex.o
LOAD ../../applications/murata-dualstack-example-ns/build/stm32l4xx_hal_cortex.o
LOAD ../../applications/murata-dualstack-example-ns/build/stm32l4xx_hal_crc.o
LOAD ../../applications/murata-dualstack-example-ns/build/stm32l4xx_hal_crc_ex.o
LOAD ../../applications/murata-dualstack-example-ns/build/croutine.o
LOAD ../../applications/murata-dualstack-example-ns/build/event_groups.o
LOAD ../../applications/murata-dualstack-example-ns/build/list.o
LOAD ../../applications/murata-dualstack-example-ns/build/queue.o
LOAD ../../applications/murata-dualstack-example-ns/build/stream_buffer.o
LOAD ../../applications/murata-dualstack-example-ns/build/tasks.o
LOAD ../../applications/murata-dualstack-example-ns/build/timers.o
LOAD ../../applications/murata-dualstack-example-ns/build/cmsis_os.o
LOAD ../../applications/murata-dualstack-example-ns/build/heap_4.o
LOAD ../../applications/murata-dualstack-example-ns/build/port.o
LOAD ../../applications/murata-dualstack-example-ns/build/freertos.o
LOAD ../../applications/murata-dualstack-example-ns/build/gpio.o
LOAD ../../applications/murata-dualstack-example-ns/build/i2c.o
LOAD ../../applications/murata-dualstack-example-ns/build/iwdg.o
LOAD ../../applications/murata-dualstack-example-ns/build/octa.o
LOAD ../../applications/murata-dualstack-example-ns/build/rtosmacros.o
LOAD ../../applications/murata-dualstack-example-ns/build/spi.o
LOAD ../../applications/murata-dualstack-example-ns/build/stm32l4xx_hal_msp.o
LOAD ../../applications/murata-dualstack-example-ns/build/stm32l4xx_hal_timebase_tim.o
LOAD ../../applications/murata-dualstack-example-ns/build/stm32l4xx_it.o
LOAD ../../applications/murata-dualstack-example-ns/build/sysclock.o
LOAD ../../applications/murata-dualstack-example-ns/build/system_stm32l4xx.o
LOAD ../../applications/murata-dualstack-example-ns/build/uart.o
LOAD ../../applications/murata-dualstack-example-ns/build/LSM303AGRSensor.o
LOAD ../../applications/murata-dualstack-example-ns/build/S25FL256.o
LOAD ../../applications/murata-dualstack-example-ns/build/sht31.o
LOAD ../../applications/murata-dualstack-example-ns/build/stc3115.o
LOAD ../../applications/murata-dualstack-example-ns/build/TCS3472.o
LOAD ../../applications/murata-dualstack-example-ns/build/startup_stm32l496xx.o
LOAD c:/program files (x86)/gnu tools arm embedded/8 2019-q3-update/bin/../lib/gcc/arm-none-eabi/8.3.1/../../../../arm-none-eabi/lib/thumb/v7e-m+fp/hard\libc_nano.a
LOAD c:/program files (x86)/gnu tools arm embedded/8 2019-q3-update/bin/../lib/gcc/arm-none-eabi/8.3.1/../../../../arm-none-eabi/lib/thumb/v7e-m+fp/hard\libm.a
LOAD c:/program files (x86)/gnu tools arm embedded/8 2019-q3-update/bin/../lib/gcc/arm-none-eabi/8.3.1/../../../../arm-none-eabi/lib/thumb/v7e-m+fp/hard\libnosys.a
START GROUP
LOAD c:/program files (x86)/gnu tools arm embedded/8 2019-q3-update/bin/../lib/gcc/arm-none-eabi/8.3.1/thumb/v7e-m+fp/hard\libgcc.a
LOAD c:/program files (x86)/gnu tools arm embedded/8 2019-q3-update/bin/../lib/gcc/arm-none-eabi/8.3.1/../../../../arm-none-eabi/lib/thumb/v7e-m+fp/hard\libc_nano.a
END GROUP
START GROUP
LOAD c:/program files (x86)/gnu tools arm embedded/8 2019-q3-update/bin/../lib/gcc/arm-none-eabi/8.3.1/thumb/v7e-m+fp/hard\libgcc.a
LOAD c:/program files (x86)/gnu tools arm embedded/8 2019-q3-update/bin/../lib/gcc/arm-none-eabi/8.3.1/../../../../arm-none-eabi/lib/thumb/v7e-m+fp/hard\libc_nano.a
END GROUP
LOAD c:/program files (x86)/gnu tools arm embedded/8 2019-q3-update/bin/../lib/gcc/arm-none-eabi/8.3.1/thumb/v7e-m+fp/hard/crtend.o
LOAD c:/program files (x86)/gnu tools arm embedded/8 2019-q3-update/bin/../lib/gcc/arm-none-eabi/8.3.1/thumb/v7e-m+fp/hard/crtn.o
                0x20050000                _estack = 0x20050000
                0x00000200                _Min_Heap_Size = 0x200
                0x00000400                _Min_Stack_Size = 0x400

.isr_vector     0x08000000      0x1b0
                0x08000000                . = ALIGN (0x8)
 *(.isr_vector)
 .isr_vector    0x08000000      0x1ac ../../applications/murata-dualstack-example-ns/build/startup_stm32l496xx.o
                0x08000000                g_pfnVectors
                0x080001b0                . = ALIGN (0x8)
 *fill*         0x080001ac        0x4 

.text           0x080001b0     0x7368
                0x080001b0                . = ALIGN (0x8)
 *(.text)
 .text          0x080001b0       0x40 c:/program files (x86)/gnu tools arm embedded/8 2019-q3-update/bin/../lib/gcc/arm-none-eabi/8.3.1/thumb/v7e-m+fp/hard/crtbegin.o
 .text          0x080001f0       0xa0 c:/program files (x86)/gnu tools arm embedded/8 2019-q3-update/bin/../lib/gcc/arm-none-eabi/8.3.1/../../../../arm-none-eabi/lib/thumb/v7e-m+fp/hard\libc_nano.a(lib_a-memchr.o)
                0x080001f0                memchr
 .text          0x08000290      0x378 c:/program files (x86)/gnu tools arm embedded/8 2019-q3-update/bin/../lib/gcc/arm-none-eabi/8.3.1/thumb/v7e-m+fp/hard\libgcc.a(_arm_addsubdf3.o)
                0x08000290                __aeabi_drsub
                0x08000298                __aeabi_dsub
                0x08000298                __subdf3
                0x0800029c                __aeabi_dadd
                0x0800029c                __adddf3
                0x08000514                __floatunsidf
                0x08000514                __aeabi_ui2d
                0x08000534                __floatsidf
                0x08000534                __aeabi_i2d
                0x08000558                __aeabi_f2d
                0x08000558                __extendsfdf2
                0x0800059c                __floatundidf
                0x0800059c                __aeabi_ul2d
                0x080005ac                __floatdidf
                0x080005ac                __aeabi_l2d
 .text          0x08000608      0x424 c:/program files (x86)/gnu tools arm embedded/8 2019-q3-update/bin/../lib/gcc/arm-none-eabi/8.3.1/thumb/v7e-m+fp/hard\libgcc.a(_arm_muldivdf3.o)
                0x08000608                __aeabi_dmul
                0x08000608                __muldf3
                0x0800085c                __divdf3
                0x0800085c                __aeabi_ddiv
 .text          0x08000a2c       0xa0 c:/program files (x86)/gnu tools arm embedded/8 2019-q3-update/bin/../lib/gcc/arm-none-eabi/8.3.1/thumb/v7e-m+fp/hard\libgcc.a(_arm_truncdfsf2.o)
                0x08000a2c                __truncdfsf2
                0x08000a2c                __aeabi_d2f
 .text          0x08000acc       0x30 c:/program files (x86)/gnu tools arm embedded/8 2019-q3-update/bin/../lib/gcc/arm-none-eabi/8.3.1/thumb/v7e-m+fp/hard\libgcc.a(_aeabi_uldivmod.o)
                0x08000acc                __aeabi_uldivmod
 .text          0x08000afc      0x2d0 c:/program files (x86)/gnu tools arm embedded/8 2019-q3-update/bin/../lib/gcc/arm-none-eabi/8.3.1/thumb/v7e-m+fp/hard\libgcc.a(_udivmoddi4.o)
                0x08000afc                __udivmoddi4
 .text          0x08000dcc        0x4 c:/program files (x86)/gnu tools arm embedded/8 2019-q3-update/bin/../lib/gcc/arm-none-eabi/8.3.1/thumb/v7e-m+fp/hard\libgcc.a(_dvmd_tls.o)
                0x08000dcc                __aeabi_idiv0
                0x08000dcc                __aeabi_ldiv0
 *(.text*)
 .text.Dash7_send_temphum
                0x08000dd0       0x74 ../../applications/murata-dualstack-example-ns/build/murata-dualstack-example-ns.o
                0x08000dd0                Dash7_send_temphum
 .text.print_temp_hum
                0x08000e44       0x44 ../../applications/murata-dualstack-example-ns/build/murata-dualstack-example-ns.o
                0x08000e44                print_temp_hum
 .text.temp_hum_measurement
                0x08000e88       0x14 ../../applications/murata-dualstack-example-ns/build/murata-dualstack-example-ns.o
                0x08000e88                temp_hum_measurement
 .text.HAL_UART_RxCpltCallback
                0x08000e9c       0x20 ../../applications/murata-dualstack-example-ns/build/murata-dualstack-example-ns.o
                0x08000e9c                HAL_UART_RxCpltCallback
 .text.printWelcome
                0x08000ebc       0x90 ../../applications/murata-dualstack-example-ns/build/murata-dualstack-example-ns.o
                0x08000ebc                printWelcome
 .text.main     0x08000f4c      0x10c ../../applications/murata-dualstack-example-ns/build/murata-dualstack-example-ns.o
                0x08000f4c                main
 .text.HAL_GPIO_EXTI_Callback
                0x08001058       0x20 ../../applications/murata-dualstack-example-ns/build/murata-dualstack-example-ns.o
                0x08001058                HAL_GPIO_EXTI_Callback
 .text.HAL_TIM_PeriodElapsedCallback
                0x08001078       0x18 ../../applications/murata-dualstack-example-ns/build/murata-dualstack-example-ns.o
                0x08001078                HAL_TIM_PeriodElapsedCallback
 .text.Error_Handler
                0x08001090        0x2 ../../applications/murata-dualstack-example-ns/build/murata-dualstack-example-ns.o
                0x08001090                Error_Handler
 *fill*         0x08001092        0x2 
 .text.parse_op_return_tag
                0x08001094       0x2c ../../applications/murata-dualstack-example-ns/build/alp.o
 .text.parse_op_return_status
                0x080010c0      0x168 ../../applications/murata-dualstack-example-ns/build/alp.o
 .text.alp_parse_length_operand
                0x08001228       0x38 ../../applications/murata-dualstack-example-ns/build/alp.o
                0x08001228                alp_parse_length_operand
 .text.alp_append_length_operand
                0x08001260       0xa4 ../../applications/murata-dualstack-example-ns/build/alp.o
                0x08001260                alp_append_length_operand
 .text.alp_parse_file_offset_operand
                0x08001304       0x44 ../../applications/murata-dualstack-example-ns/build/alp.o
                0x08001304                alp_parse_file_offset_operand
 .text.parse_operand_file_data
                0x08001348       0x50 ../../applications/murata-dualstack-example-ns/build/alp.o
 .text.parse_op_write_file_data
                0x08001398        0x8 ../../applications/murata-dualstack-example-ns/build/alp.o
 .text.parse_op_return_file_data
                0x080013a0        0x8 ../../applications/murata-dualstack-example-ns/build/alp.o
 .text.alp_append_forward_action
                0x080013a8      0x2f8 ../../applications/murata-dualstack-example-ns/build/alp.o
                0x080013a8                alp_append_forward_action
 .text.alp_append_return_file_data_action
                0x080016a0       0x74 ../../applications/murata-dualstack-example-ns/build/alp.o
                0x080016a0                alp_append_return_file_data_action
 .text.alp_parse_action
                0x08001714       0xa8 ../../applications/murata-dualstack-example-ns/build/alp.o
                0x08001714                alp_parse_action
 .text.alp_append_tag_request_action
                0x080017bc       0x50 ../../applications/murata-dualstack-example-ns/build/alp.o
                0x080017bc                alp_append_tag_request_action
 .text.update_crc
                0x0800180c       0x2c ../../applications/murata-dualstack-example-ns/build/crc.o
 .text.crc_calculate
                0x08001838       0x2c ../../applications/murata-dualstack-example-ns/build/crc.o
                0x08001838                crc_calculate
 .text.skip     0x08001864       0x1a ../../applications/murata-dualstack-example-ns/build/fifo.o
 .text.fifo_init_filled
                0x0800187e       0x10 ../../applications/murata-dualstack-example-ns/build/fifo.o
                0x0800187e                fifo_init_filled
 .text.fifo_init
                0x0800188e        0xc ../../applications/murata-dualstack-example-ns/build/fifo.o
                0x0800188e                fifo_init
 .text.fifo_init_subview
                0x0800189a       0x2e ../../applications/murata-dualstack-example-ns/build/fifo.o
                0x0800189a                fifo_init_subview
 .text.fifo_put
                0x080018c8       0x8a ../../applications/murata-dualstack-example-ns/build/fifo.o
                0x080018c8                fifo_put
 .text.fifo_put_byte
                0x08001952       0x18 ../../applications/murata-dualstack-example-ns/build/fifo.o
                0x08001952                fifo_put_byte
 .text.fifo_get_size
                0x0800196a       0x1a ../../applications/murata-dualstack-example-ns/build/fifo.o
                0x0800196a                fifo_get_size
 .text.check_len
                0x08001984       0x1c ../../applications/murata-dualstack-example-ns/build/fifo.o
 .text.fifo_skip
                0x080019a0       0x1c ../../applications/murata-dualstack-example-ns/build/fifo.o
                0x080019a0                fifo_skip
 .text.fifo_peek
                0x080019bc       0x64 ../../applications/murata-dualstack-example-ns/build/fifo.o
                0x080019bc                fifo_peek
 .text.fifo_pop
                0x08001a20       0x20 ../../applications/murata-dualstack-example-ns/build/fifo.o
                0x08001a20                fifo_pop
 .text.process_serial_frame
                0x08001a40      0x168 ../../applications/murata-dualstack-example-ns/build/modem.o
 .text.modem_cb_init
                0x08001ba8       0x2c ../../applications/murata-dualstack-example-ns/build/modem.o
                0x08001ba8                modem_cb_init
 .text.modem_process_fifo
                0x08001bd4       0x30 ../../applications/murata-dualstack-example-ns/build/modem.o
                0x08001bd4                modem_process_fifo
 .text.modem_reinit
                0x08001c04        0xc ../../applications/murata-dualstack-example-ns/build/modem.o
                0x08001c04                modem_reinit
 .text.alloc_command
                0x08001c10       0x4c ../../applications/murata-dualstack-example-ns/build/modem.o
                0x08001c10                alloc_command
 .text.modem_send_unsolicited_response
                0x08001c5c       0x88 ../../applications/murata-dualstack-example-ns/build/modem.o
                0x08001c5c                modem_send_unsolicited_response
 .text.verify_payload
                0x08001ce4       0x50 ../../applications/murata-dualstack-example-ns/build/modem_interface.o
 .text.flush_modem_interface_tx_fifo
                0x08001d34       0x5c ../../applications/murata-dualstack-example-ns/build/modem_interface.o
 .text.uart_rx_cb
                0x08001d90       0x28 ../../applications/murata-dualstack-example-ns/build/modem_interface.o
                0x08001d90                uart_rx_cb
 .text.modem_interface_transfer_bytes
                0x08001db8       0x64 ../../applications/murata-dualstack-example-ns/build/modem_interface.o
                0x08001db8                modem_interface_transfer_bytes
 .text.process_rx_fifo
                0x08001e1c      0x190 ../../applications/murata-dualstack-example-ns/build/modem_interface.o
                0x08001e1c                process_rx_fifo
 .text.modem_interface_init
                0x08001fac       0x58 ../../applications/murata-dualstack-example-ns/build/modem_interface.o
                0x08001fac                modem_interface_init
 .text.modem_interface_register_handler
                0x08002004       0x2c ../../applications/murata-dualstack-example-ns/build/modem_interface.o
                0x08002004                modem_interface_register_handler
 .text.modem_interface_set_target_rebooted_callback
                0x08002030        0xc ../../applications/murata-dualstack-example-ns/build/modem_interface.o
                0x08002030                modem_interface_set_target_rebooted_callback
 .text.on_modem_command_completed_callback
                0x0800203c       0x14 ../../applications/murata-dualstack-example-ns/build/murata.o
                0x0800203c                on_modem_command_completed_callback
 .text.on_modem_return_file_data_callback
                0x08002050       0x1c ../../applications/murata-dualstack-example-ns/build/murata.o
                0x08002050                on_modem_return_file_data_callback
 .text.on_modem_write_file_data_callback
                0x0800206c       0x1c ../../applications/murata-dualstack-example-ns/build/murata.o
                0x0800206c                on_modem_write_file_data_callback
 .text.on_modem_interface_status_callback
                0x08002088       0x84 ../../applications/murata-dualstack-example-ns/build/murata.o
                0x08002088                on_modem_interface_status_callback
 .text.on_modem_reboot_callback
                0x0800210c       0x14 ../../applications/murata-dualstack-example-ns/build/murata.o
                0x0800210c                on_modem_reboot_callback
 .text.Murata_Initialize
                0x08002120       0xd8 ../../applications/murata-dualstack-example-ns/build/murata.o
                0x08002120                Murata_Initialize
 .text.Murata_Dash7_Send
                0x080021f8       0x30 ../../applications/murata-dualstack-example-ns/build/murata.o
                0x080021f8                Murata_Dash7_Send
 .text.Murata_process_fifo
                0x08002228        0xa ../../applications/murata-dualstack-example-ns/build/murata.o
                0x08002228                Murata_process_fifo
 *fill*         0x08002232        0x2 
 .text.Murata_rxCallback
                0x08002234       0x20 ../../applications/murata-dualstack-example-ns/build/murata.o
                0x08002234                Murata_rxCallback
 .text.Initialize_Platform
                0x08002254        0x8 ../../applications/murata-dualstack-example-ns/build/platform.o
                0x08002254                Initialize_Platform
 .text.I2C_Flush_TXDR
                0x0800225c       0x22 ../../applications/murata-dualstack-example-ns/build/stm32l4xx_hal_i2c.o
 .text.I2C_TransferConfig
                0x0800227e       0x36 ../../applications/murata-dualstack-example-ns/build/stm32l4xx_hal_i2c.o
 .text.I2C_IsAcknowledgeFailed
                0x080022b4       0x90 ../../applications/murata-dualstack-example-ns/build/stm32l4xx_hal_i2c.o
 .text.I2C_WaitOnTXISFlagUntilTimeout
                0x08002344       0x56 ../../applications/murata-dualstack-example-ns/build/stm32l4xx_hal_i2c.o
 .text.I2C_WaitOnFlagUntilTimeout
                0x0800239a       0x52 ../../applications/murata-dualstack-example-ns/build/stm32l4xx_hal_i2c.o
 .text.I2C_RequestMemoryWrite
                0x080023ec       0x74 ../../applications/murata-dualstack-example-ns/build/stm32l4xx_hal_i2c.o
 .text.I2C_WaitOnSTOPFlagUntilTimeout
                0x08002460       0x50 ../../applications/murata-dualstack-example-ns/build/stm32l4xx_hal_i2c.o
 .text.I2C_WaitOnRXNEFlagUntilTimeout
                0x080024b0       0x98 ../../applications/murata-dualstack-example-ns/build/stm32l4xx_hal_i2c.o
 .text.HAL_I2C_Init
                0x08002548       0xbc ../../applications/murata-dualstack-example-ns/build/stm32l4xx_hal_i2c.o
                0x08002548                HAL_I2C_Init
 .text.HAL_I2C_Master_Transmit
                0x08002604      0x17c ../../applications/murata-dualstack-example-ns/build/stm32l4xx_hal_i2c.o
                0x08002604                HAL_I2C_Master_Transmit
 .text.HAL_I2C_Master_Receive
                0x08002780      0x17c ../../applications/murata-dualstack-example-ns/build/stm32l4xx_hal_i2c.o
                0x08002780                HAL_I2C_Master_Receive
 .text.HAL_I2C_Mem_Write
                0x080028fc      0x1a4 ../../applications/murata-dualstack-example-ns/build/stm32l4xx_hal_i2c.o
                0x080028fc                HAL_I2C_Mem_Write
 .text.HAL_I2CEx_ConfigAnalogFilter
                0x08002aa0       0x62 ../../applications/murata-dualstack-example-ns/build/stm32l4xx_hal_i2c_ex.o
                0x08002aa0                HAL_I2CEx_ConfigAnalogFilter
 .text.HAL_I2CEx_ConfigDigitalFilter
                0x08002b02       0x5e ../../applications/murata-dualstack-example-ns/build/stm32l4xx_hal_i2c_ex.o
                0x08002b02                HAL_I2CEx_ConfigDigitalFilter
 .text.HAL_SPI_Init
                0x08002b60       0xb0 ../../applications/murata-dualstack-example-ns/build/stm32l4xx_hal_spi.o
                0x08002b60                HAL_SPI_Init
 .text.HAL_SPI_ErrorCallback
                0x08002c10        0x2 ../../applications/murata-dualstack-example-ns/build/stm32l4xx_hal_spi.o
                0x08002c10                HAL_SPI_ErrorCallback
 *fill*         0x08002c12        0x2 
 .text.HAL_SPI_IRQHandler
                0x08002c14      0x11c ../../applications/murata-dualstack-example-ns/build/stm32l4xx_hal_spi.o
                0x08002c14                HAL_SPI_IRQHandler
 .text.SPI_DMAAbortOnError
                0x08002d30       0x12 ../../applications/murata-dualstack-example-ns/build/stm32l4xx_hal_spi.o
 .text.HAL_IWDG_Init
                0x08002d42       0x58 ../../applications/murata-dualstack-example-ns/build/stm32l4xx_hal_iwdg.o
                0x08002d42                HAL_IWDG_Init
 .text.UART_EndRxTransfer
                0x08002d9a       0x20 ../../applications/murata-dualstack-example-ns/build/stm32l4xx_hal_uart.o
 *fill*         0x08002dba        0x2 
 .text.HAL_UART_Receive_IT
                0x08002dbc       0xd4 ../../applications/murata-dualstack-example-ns/build/stm32l4xx_hal_uart.o
                0x08002dbc                HAL_UART_Receive_IT
 .text.HAL_UART_TxCpltCallback
                0x08002e90        0x2 ../../applications/murata-dualstack-example-ns/build/stm32l4xx_hal_uart.o
                0x08002e90                HAL_UART_TxCpltCallback
 .text.UART_EndTransmit_IT
                0x08002e92       0x1c ../../applications/murata-dualstack-example-ns/build/stm32l4xx_hal_uart.o
 .text.UART_RxISR_8BIT
                0x08002eae       0x60 ../../applications/murata-dualstack-example-ns/build/stm32l4xx_hal_uart.o
 .text.UART_RxISR_16BIT
                0x08002f0e       0x60 ../../applications/murata-dualstack-example-ns/build/stm32l4xx_hal_uart.o
 .text.HAL_UART_ErrorCallback
                0x08002f6e        0x2 ../../applications/murata-dualstack-example-ns/build/stm32l4xx_hal_uart.o
                0x08002f6e                HAL_UART_ErrorCallback
 .text.HAL_UART_IRQHandler
                0x08002f70      0x15c ../../applications/murata-dualstack-example-ns/build/stm32l4xx_hal_uart.o
                0x08002f70                HAL_UART_IRQHandler
 .text.UART_DMAAbortOnError
                0x080030cc       0x14 ../../applications/murata-dualstack-example-ns/build/stm32l4xx_hal_uart.o
 .text.UART_SetConfig
                0x080030e0      0x41c ../../applications/murata-dualstack-example-ns/build/stm32l4xx_hal_uart.o
                0x080030e0                UART_SetConfig
 .text.UART_AdvFeatureConfig
                0x080034fc       0xca ../../applications/murata-dualstack-example-ns/build/stm32l4xx_hal_uart.o
                0x080034fc                UART_AdvFeatureConfig
 .text.UART_WaitOnFlagUntilTimeout
                0x080035c6       0x62 ../../applications/murata-dualstack-example-ns/build/stm32l4xx_hal_uart.o
                0x080035c6                UART_WaitOnFlagUntilTimeout
 .text.HAL_UART_Transmit
                0x08003628       0xce ../../applications/murata-dualstack-example-ns/build/stm32l4xx_hal_uart.o
                0x08003628                HAL_UART_Transmit
 .text.UART_CheckIdleState
                0x080036f6       0x70 ../../applications/murata-dualstack-example-ns/build/stm32l4xx_hal_uart.o
                0x080036f6                UART_CheckIdleState
 .text.HAL_UART_Init
                0x08003766       0x66 ../../applications/murata-dualstack-example-ns/build/stm32l4xx_hal_uart.o
                0x08003766                HAL_UART_Init
 .text.HAL_UARTEx_WakeupCallback
                0x080037cc        0x2 ../../applications/murata-dualstack-example-ns/build/stm32l4xx_hal_uart_ex.o
                0x080037cc                HAL_UARTEx_WakeupCallback
 .text.HAL_TIM_Base_MspInit
                0x080037ce        0x2 ../../applications/murata-dualstack-example-ns/build/stm32l4xx_hal_tim.o
                0x080037ce                HAL_TIM_Base_MspInit
 .text.HAL_TIM_Base_Start_IT
                0x080037d0       0x34 ../../applications/murata-dualstack-example-ns/build/stm32l4xx_hal_tim.o
                0x080037d0                HAL_TIM_Base_Start_IT
 .text.HAL_TIM_OC_DelayElapsedCallback
                0x08003804        0x2 ../../applications/murata-dualstack-example-ns/build/stm32l4xx_hal_tim.o
                0x08003804                HAL_TIM_OC_DelayElapsedCallback
 .text.HAL_TIM_IC_CaptureCallback
                0x08003806        0x2 ../../applications/murata-dualstack-example-ns/build/stm32l4xx_hal_tim.o
                0x08003806                HAL_TIM_IC_CaptureCallback
 .text.HAL_TIM_PWM_PulseFinishedCallback
                0x08003808        0x2 ../../applications/murata-dualstack-example-ns/build/stm32l4xx_hal_tim.o
                0x08003808                HAL_TIM_PWM_PulseFinishedCallback
 .text.HAL_TIM_TriggerCallback
                0x0800380a        0x2 ../../applications/murata-dualstack-example-ns/build/stm32l4xx_hal_tim.o
                0x0800380a                HAL_TIM_TriggerCallback
 .text.HAL_TIM_IRQHandler
                0x0800380c      0x19a ../../applications/murata-dualstack-example-ns/build/stm32l4xx_hal_tim.o
                0x0800380c                HAL_TIM_IRQHandler
 *fill*         0x080039a6        0x2 
 .text.TIM_Base_SetConfig
                0x080039a8       0xc8 ../../applications/murata-dualstack-example-ns/build/stm32l4xx_hal_tim.o
                0x080039a8                TIM_Base_SetConfig
 .text.HAL_TIM_Base_Init
                0x08003a70       0x34 ../../applications/murata-dualstack-example-ns/build/stm32l4xx_hal_tim.o
                0x08003a70                HAL_TIM_Base_Init
 .text.HAL_TIMEx_CommutationCallback
                0x08003aa4        0x2 ../../applications/murata-dualstack-example-ns/build/stm32l4xx_hal_tim_ex.o
                0x08003aa4                HAL_TIMEx_CommutationCallback
 .text.HAL_TIMEx_BreakCallback
                0x08003aa6        0x2 ../../applications/murata-dualstack-example-ns/build/stm32l4xx_hal_tim_ex.o
                0x08003aa6                HAL_TIMEx_BreakCallback
 .text.HAL_TIMEx_Break2Callback
                0x08003aa8        0x2 ../../applications/murata-dualstack-example-ns/build/stm32l4xx_hal_tim_ex.o
                0x08003aa8                HAL_TIMEx_Break2Callback
 .text.HAL_Init
                0x08003aaa       0x1e ../../applications/murata-dualstack-example-ns/build/stm32l4xx_hal.o
                0x08003aaa                HAL_Init
 .text.HAL_IncTick
                0x08003ac8       0x10 ../../applications/murata-dualstack-example-ns/build/stm32l4xx_hal.o
                0x08003ac8                HAL_IncTick
 .text.HAL_GetTick
                0x08003ad8        0xc ../../applications/murata-dualstack-example-ns/build/stm32l4xx_hal.o
                0x08003ad8                HAL_GetTick
 .text.HAL_Delay
                0x08003ae4       0x1e ../../applications/murata-dualstack-example-ns/build/stm32l4xx_hal.o
                0x08003ae4                HAL_Delay
 *fill*         0x08003b02        0x2 
 .text.RCC_SetFlashLatencyFromMSIRange
                0x08003b04       0x90 ../../applications/murata-dualstack-example-ns/build/stm32l4xx_hal_rcc.o
 .text.HAL_RCC_GetSysClockFreq
                0x08003b94       0xd8 ../../applications/murata-dualstack-example-ns/build/stm32l4xx_hal_rcc.o
                0x08003b94                HAL_RCC_GetSysClockFreq
 .text.HAL_RCC_OscConfig
                0x08003c6c      0x5b4 ../../applications/murata-dualstack-example-ns/build/stm32l4xx_hal_rcc.o
                0x08003c6c                HAL_RCC_OscConfig
 .text.HAL_RCC_ClockConfig
                0x08004220      0x154 ../../applications/murata-dualstack-example-ns/build/stm32l4xx_hal_rcc.o
                0x08004220                HAL_RCC_ClockConfig
 .text.HAL_RCC_GetHCLKFreq
                0x08004374        0xc ../../applications/murata-dualstack-example-ns/build/stm32l4xx_hal_rcc.o
                0x08004374                HAL_RCC_GetHCLKFreq
 .text.HAL_RCC_GetPCLK1Freq
                0x08004380       0x24 ../../applications/murata-dualstack-example-ns/build/stm32l4xx_hal_rcc.o
                0x08004380                HAL_RCC_GetPCLK1Freq
 .text.HAL_RCC_GetPCLK2Freq
                0x080043a4       0x24 ../../applications/murata-dualstack-example-ns/build/stm32l4xx_hal_rcc.o
                0x080043a4                HAL_RCC_GetPCLK2Freq
 .text.HAL_RCC_GetClockConfig
                0x080043c8       0x3c ../../applications/murata-dualstack-example-ns/build/stm32l4xx_hal_rcc.o
                0x080043c8                HAL_RCC_GetClockConfig
 .text.RCCEx_PLLSAI1_Config
                0x08004404      0x16c ../../applications/murata-dualstack-example-ns/build/stm32l4xx_hal_rcc_ex.o
 .text.RCCEx_PLLSAI2_Config
                0x08004570      0x148 ../../applications/murata-dualstack-example-ns/build/stm32l4xx_hal_rcc_ex.o
 .text.HAL_RCCEx_PeriphCLKConfig
                0x080046b8      0x474 ../../applications/murata-dualstack-example-ns/build/stm32l4xx_hal_rcc_ex.o
                0x080046b8                HAL_RCCEx_PeriphCLKConfig
 .text.HAL_GPIO_Init
                0x08004b2c      0x1b8 ../../applications/murata-dualstack-example-ns/build/stm32l4xx_hal_gpio.o
                0x08004b2c                HAL_GPIO_Init
 .text.HAL_GPIO_WritePin
                0x08004ce4        0xa ../../applications/murata-dualstack-example-ns/build/stm32l4xx_hal_gpio.o
                0x08004ce4                HAL_GPIO_WritePin
 .text.HAL_GPIO_TogglePin
                0x08004cee        0x8 ../../applications/murata-dualstack-example-ns/build/stm32l4xx_hal_gpio.o
                0x08004cee                HAL_GPIO_TogglePin
 *fill*         0x08004cf6        0x2 
 .text.HAL_GPIO_EXTI_IRQHandler
                0x08004cf8       0x1c ../../applications/murata-dualstack-example-ns/build/stm32l4xx_hal_gpio.o
                0x08004cf8                HAL_GPIO_EXTI_IRQHandler
 .text.HAL_DMA_Abort_IT
                0x08004d14       0x50 ../../applications/murata-dualstack-example-ns/build/stm32l4xx_hal_dma.o
                0x08004d14                HAL_DMA_Abort_IT
 .text.HAL_PWREx_GetVoltageRange
                0x08004d64       0x10 ../../applications/murata-dualstack-example-ns/build/stm32l4xx_hal_pwr_ex.o
                0x08004d64                HAL_PWREx_GetVoltageRange
 .text.HAL_PWREx_ControlVoltageScaling
                0x08004d74       0x8c ../../applications/murata-dualstack-example-ns/build/stm32l4xx_hal_pwr_ex.o
                0x08004d74                HAL_PWREx_ControlVoltageScaling
 .text.HAL_PWREx_EnableVddIO2
                0x08004e00       0x10 ../../applications/murata-dualstack-example-ns/build/stm32l4xx_hal_pwr_ex.o
                0x08004e00                HAL_PWREx_EnableVddIO2
 .text.HAL_NVIC_SetPriorityGrouping
                0x08004e10       0x24 ../../applications/murata-dualstack-example-ns/build/stm32l4xx_hal_cortex.o
                0x08004e10                HAL_NVIC_SetPriorityGrouping
 .text.HAL_NVIC_SetPriority
                0x08004e34       0x68 ../../applications/murata-dualstack-example-ns/build/stm32l4xx_hal_cortex.o
                0x08004e34                HAL_NVIC_SetPriority
 .text.HAL_NVIC_EnableIRQ
                0x08004e9c       0x18 ../../applications/murata-dualstack-example-ns/build/stm32l4xx_hal_cortex.o
                0x08004e9c                HAL_NVIC_EnableIRQ
 .text.vListInsertEnd
                0x08004eb4       0x16 ../../applications/murata-dualstack-example-ns/build/list.o
                0x08004eb4                vListInsertEnd
 .text.uxListRemove
                0x08004eca       0x26 ../../applications/murata-dualstack-example-ns/build/list.o
                0x08004eca                uxListRemove
 .text.prvResetNextTaskUnblockTime
                0x08004ef0       0x2c ../../applications/murata-dualstack-example-ns/build/tasks.o
 .text.xTaskIncrementTick
                0x08004f1c      0x118 ../../applications/murata-dualstack-example-ns/build/tasks.o
                0x08004f1c                xTaskIncrementTick
 .text.vTaskSwitchContext
                0x08005034       0x9c ../../applications/murata-dualstack-example-ns/build/tasks.o
                0x08005034                vTaskSwitchContext
 .text.vTaskNotifyGiveFromISR
                0x080050d0       0xd0 ../../applications/murata-dualstack-example-ns/build/tasks.o
                0x080050d0                vTaskNotifyGiveFromISR
 .text.SVC_Handler
                0x080051a0       0x24 ../../applications/murata-dualstack-example-ns/build/port.o
                0x080051a0                SVC_Handler
 *fill*         0x080051c4        0xc 
 .text.PendSV_Handler
                0x080051d0       0x64 ../../applications/murata-dualstack-example-ns/build/port.o
                0x080051d0                PendSV_Handler
 .text.SysTick_Handler
                0x08005234       0x2c ../../applications/murata-dualstack-example-ns/build/port.o
                0x08005234                SysTick_Handler
 .text.vPortValidateInterruptPriority
                0x08005260       0x5c ../../applications/murata-dualstack-example-ns/build/port.o
                0x08005260                vPortValidateInterruptPriority
 .text.OCTA_GPIO_Init
                0x080052bc      0x324 ../../applications/murata-dualstack-example-ns/build/gpio.o
                0x080052bc                OCTA_GPIO_Init
 .text.common_I2C_Init
                0x080055e0       0x58 ../../applications/murata-dualstack-example-ns/build/i2c.o
                0x080055e0                common_I2C_Init
 .text.OCTA_IWDG_Init
                0x08005638       0x2c ../../applications/murata-dualstack-example-ns/build/iwdg.o
                0x08005638                OCTA_IWDG_Init
 .text.IWDG_feed
                0x08005664       0x10 ../../applications/murata-dualstack-example-ns/build/iwdg.o
                0x08005664                IWDG_feed
 .text.OCTA_Initialize_Common_Peripherals
                0x08005674       0x1c ../../applications/murata-dualstack-example-ns/build/octa.o
                0x08005674                OCTA_Initialize_Common_Peripherals
 .text.OCTA_Initialize_P1_Peripherals
                0x08005690       0x54 ../../applications/murata-dualstack-example-ns/build/octa.o
                0x08005690                OCTA_Initialize_P1_Peripherals
 .text.OCTA_Initialize_P2_Peripherals
                0x080056e4       0x54 ../../applications/murata-dualstack-example-ns/build/octa.o
                0x080056e4                OCTA_Initialize_P2_Peripherals
 .text.OCTA_Initialize_P3_Peripherals
                0x08005738       0x54 ../../applications/murata-dualstack-example-ns/build/octa.o
                0x08005738                OCTA_Initialize_P3_Peripherals
 .text.OCTA_Initialize_Platform
                0x0800578c       0x14 ../../applications/murata-dualstack-example-ns/build/octa.o
                0x0800578c                OCTA_Initialize_Platform
 .text.get_UID  0x080057a0       0x24 ../../applications/murata-dualstack-example-ns/build/octa.o
                0x080057a0                get_UID
 .text.platform_initialize_UART
                0x080057c4       0x3c ../../applications/murata-dualstack-example-ns/build/octa.o
                0x080057c4                platform_initialize_UART
 .text.platform_getHeader
                0x08005800       0x9c ../../applications/murata-dualstack-example-ns/build/octa.o
                0x08005800                platform_getHeader
 .text.RTOS_Send_Notification
                0x0800589c       0x40 ../../applications/murata-dualstack-example-ns/build/rtosmacros.o
                0x0800589c                RTOS_Send_Notification
 .text.FLASH_SPI_Init
                0x080058dc       0x4c ../../applications/murata-dualstack-example-ns/build/spi.o
                0x080058dc                FLASH_SPI_Init
 .text.HAL_MspInit
                0x08005928       0x40 ../../applications/murata-dualstack-example-ns/build/stm32l4xx_hal_msp.o
                0x08005928                HAL_MspInit
 .text.HAL_I2C_MspInit
                0x08005968      0x18c ../../applications/murata-dualstack-example-ns/build/stm32l4xx_hal_msp.o
                0x08005968                HAL_I2C_MspInit
 .text.HAL_UART_MspInit
                0x08005af4      0x188 ../../applications/murata-dualstack-example-ns/build/stm32l4xx_hal_msp.o
                0x08005af4                HAL_UART_MspInit
 .text.HAL_SPI_MspInit
                0x08005c7c      0x160 ../../applications/murata-dualstack-example-ns/build/stm32l4xx_hal_msp.o
                0x08005c7c                HAL_SPI_MspInit
 .text.HAL_InitTick
                0x08005ddc       0x78 ../../applications/murata-dualstack-example-ns/build/stm32l4xx_hal_timebase_tim.o
                0x08005ddc                HAL_InitTick
 .text.NMI_Handler
                0x08005e54        0x2 ../../applications/murata-dualstack-example-ns/build/stm32l4xx_it.o
                0x08005e54                NMI_Handler
 .text.HardFault_Handler
                0x08005e56        0x2 ../../applications/murata-dualstack-example-ns/build/stm32l4xx_it.o
                0x08005e56                HardFault_Handler
 .text.MemManage_Handler
                0x08005e58        0x2 ../../applications/murata-dualstack-example-ns/build/stm32l4xx_it.o
                0x08005e58                MemManage_Handler
 .text.BusFault_Handler
                0x08005e5a        0x2 ../../applications/murata-dualstack-example-ns/build/stm32l4xx_it.o
                0x08005e5a                BusFault_Handler
 .text.UsageFault_Handler
                0x08005e5c        0x2 ../../applications/murata-dualstack-example-ns/build/stm32l4xx_it.o
                0x08005e5c                UsageFault_Handler
 .text.DebugMon_Handler
                0x08005e5e        0x2 ../../applications/murata-dualstack-example-ns/build/stm32l4xx_it.o
                0x08005e5e                DebugMon_Handler
 .text.TIM1_UP_TIM16_IRQHandler
                0x08005e60       0x10 ../../applications/murata-dualstack-example-ns/build/stm32l4xx_it.o
                0x08005e60                TIM1_UP_TIM16_IRQHandler
 .text.USART2_IRQHandler
                0x08005e70       0x10 ../../applications/murata-dualstack-example-ns/build/stm32l4xx_it.o
                0x08005e70                USART2_IRQHandler
 .text.USART3_IRQHandler
                0x08005e80       0x10 ../../applications/murata-dualstack-example-ns/build/stm32l4xx_it.o
                0x08005e80                USART3_IRQHandler
 .text.UART5_IRQHandler
                0x08005e90       0x10 ../../applications/murata-dualstack-example-ns/build/stm32l4xx_it.o
                0x08005e90                UART5_IRQHandler
 .text.SPI1_IRQHandler
                0x08005ea0       0x10 ../../applications/murata-dualstack-example-ns/build/stm32l4xx_it.o
                0x08005ea0                SPI1_IRQHandler
 .text.SPI2_IRQHandler
                0x08005eb0       0x10 ../../applications/murata-dualstack-example-ns/build/stm32l4xx_it.o
                0x08005eb0                SPI2_IRQHandler
 .text.SPI3_IRQHandler
                0x08005ec0       0x10 ../../applications/murata-dualstack-example-ns/build/stm32l4xx_it.o
                0x08005ec0                SPI3_IRQHandler
 .text.EXTI15_10_IRQHandler
                0x08005ed0        0xc ../../applications/murata-dualstack-example-ns/build/stm32l4xx_it.o
                0x08005ed0                EXTI15_10_IRQHandler
 .text.SystemClock_Config
                0x08005edc       0xb8 ../../applications/murata-dualstack-example-ns/build/sysclock.o
                0x08005edc                SystemClock_Config
 .text.SystemInit
                0x08005f94       0x48 ../../applications/murata-dualstack-example-ns/build/system_stm32l4xx.o
                0x08005f94                SystemInit
 .text.USB_UART_Init
                0x08005fdc       0x34 ../../applications/murata-dualstack-example-ns/build/uart.o
                0x08005fdc                USB_UART_Init
 .text.P1_UART_Init
                0x08006010       0x48 ../../applications/murata-dualstack-example-ns/build/uart.o
                0x08006010                P1_UART_Init
 .text.P2_UART_Init
                0x08006058       0x48 ../../applications/murata-dualstack-example-ns/build/uart.o
                0x08006058                P2_UART_Init
 .text.P3_UART_Init
                0x080060a0       0x48 ../../applications/murata-dualstack-example-ns/build/uart.o
                0x080060a0                P3_UART_Init
 .text.__io_putchar
                0x080060e8       0x20 ../../applications/murata-dualstack-example-ns/build/uart.o
                0x080060e8                __io_putchar
 .text._write   0x08006108       0x1c ../../applications/murata-dualstack-example-ns/build/uart.o
                0x08006108                _write
 .text.LSM303AGR_setI2CInterface
                0x08006124        0xc ../../applications/murata-dualstack-example-ns/build/LSM303AGRSensor.o
                0x08006124                LSM303AGR_setI2CInterface
 .text.LSM303AGR_writeRegister
                0x08006130       0x50 ../../applications/murata-dualstack-example-ns/build/LSM303AGRSensor.o
                0x08006130                LSM303AGR_writeRegister
 .text.LSM303AGR_init
                0x08006180       0x72 ../../applications/murata-dualstack-example-ns/build/LSM303AGRSensor.o
                0x08006180                LSM303AGR_init
 *fill*         0x080061f2        0x2 
 .text.setI2CInterface_SHT31
                0x080061f4        0xc ../../applications/murata-dualstack-example-ns/build/sht31.o
                0x080061f4                setI2CInterface_SHT31
 .text.WRITE_REGISTER_SHT31
                0x08006200       0x24 ../../applications/murata-dualstack-example-ns/build/sht31.o
                0x08006200                WRITE_REGISTER_SHT31
 .text.READ_REG_SHT31
                0x08006224       0x24 ../../applications/murata-dualstack-example-ns/build/sht31.o
                0x08006224                READ_REG_SHT31
 .text.writeCommand
                0x08006248       0x1c ../../applications/murata-dualstack-example-ns/build/sht31.o
                0x08006248                writeCommand
 .text.SHT31_reset
                0x08006264        0xc ../../applications/murata-dualstack-example-ns/build/sht31.o
                0x08006264                SHT31_reset
 .text.SHT31_begin
                0x08006270        0xa ../../applications/murata-dualstack-example-ns/build/sht31.o
                0x08006270                SHT31_begin
 *fill*         0x0800627a        0x6 
 .text.readTempHum
                0x08006280       0xa0 ../../applications/murata-dualstack-example-ns/build/sht31.o
                0x08006280                readTempHum
 .text.SHT31_get_temp_hum
                0x08006320       0x20 ../../applications/murata-dualstack-example-ns/build/sht31.o
                0x08006320                SHT31_get_temp_hum
 .text.Reset_Handler
                0x08006340       0x50 ../../applications/murata-dualstack-example-ns/build/startup_stm32l496xx.o
                0x08006340                Reset_Handler
 .text.Default_Handler
                0x08006390        0x2 ../../applications/murata-dualstack-example-ns/build/startup_stm32l496xx.o
                0x08006390                RTC_Alarm_IRQHandler
                0x08006390                EXTI2_IRQHandler
                0x08006390                TIM8_TRG_COM_IRQHandler
                0x08006390                TIM8_CC_IRQHandler
                0x08006390                TIM1_CC_IRQHandler
                0x08006390                TSC_IRQHandler
                0x08006390                TAMP_STAMP_IRQHandler
                0x08006390                CAN2_RX1_IRQHandler
                0x08006390                EXTI3_IRQHandler
                0x08006390                LPTIM2_IRQHandler
                0x08006390                DFSDM1_FLT1_IRQHandler
                0x08006390                I2C3_ER_IRQHandler
                0x08006390                DFSDM1_FLT2_IRQHandler
                0x08006390                EXTI0_IRQHandler
                0x08006390                I2C2_EV_IRQHandler
                0x08006390                CAN1_RX0_IRQHandler
                0x08006390                FPU_IRQHandler
                0x08006390                CAN2_SCE_IRQHandler
                0x08006390                ADC1_2_IRQHandler
                0x08006390                TIM6_DAC_IRQHandler
                0x08006390                DCMI_IRQHandler
                0x08006390                CAN2_RX0_IRQHandler
                0x08006390                TIM8_UP_IRQHandler
                0x08006390                DMA2_Channel2_IRQHandler
                0x08006390                DMA1_Channel4_IRQHandler
                0x08006390                SAI2_IRQHandler
                0x08006390                DFSDM1_FLT3_IRQHandler
                0x08006390                DMA1_Channel7_IRQHandler
                0x08006390                CAN1_RX1_IRQHandler
                0x08006390                LCD_IRQHandler
                0x08006390                ADC3_IRQHandler
                0x08006390                TIM4_IRQHandler
                0x08006390                DMA2_Channel1_IRQHandler
                0x08006390                QUADSPI_IRQHandler
                0x08006390                I2C1_EV_IRQHandler
                0x08006390                DMA1_Channel6_IRQHandler
                0x08006390                UART4_IRQHandler
                0x08006390                DMA2_Channel4_IRQHandler
                0x08006390                TIM3_IRQHandler
                0x08006390                RCC_IRQHandler
                0x08006390                DMA1_Channel1_IRQHandler
                0x08006390                Default_Handler
                0x08006390                DMA2_Channel7_IRQHandler
                0x08006390                TIM7_IRQHandler
                0x08006390                SDMMC1_IRQHandler
                0x08006390                CAN2_TX_IRQHandler
                0x08006390                TIM5_IRQHandler
                0x08006390                I2C3_EV_IRQHandler
                0x08006390                EXTI9_5_IRQHandler
                0x08006390                RTC_WKUP_IRQHandler
                0x08006390                PVD_PVM_IRQHandler
                0x08006390                CAN1_TX_IRQHandler
                0x08006390                DMA2_Channel5_IRQHandler
                0x08006390                CRS_IRQHandler
                0x08006390                DMA1_Channel5_IRQHandler
                0x08006390                EXTI4_IRQHandler
                0x08006390                RNG_IRQHandler
                0x08006390                TIM1_TRG_COM_TIM17_IRQHandler
                0x08006390                DMA1_Channel3_IRQHandler
                0x08006390                COMP_IRQHandler
                0x08006390                WWDG_IRQHandler
                0x08006390                I2C4_EV_IRQHandler
                0x08006390                LPUART1_IRQHandler
                0x08006390                DMA2_Channel6_IRQHandler
                0x08006390                TIM2_IRQHandler
                0x08006390                EXTI1_IRQHandler
                0x08006390                DFSDM1_FLT0_IRQHandler
                0x08006390                I2C2_ER_IRQHandler
                0x08006390                DMA1_Channel2_IRQHandler
                0x08006390                TIM8_BRK_IRQHandler
                0x08006390                CAN1_SCE_IRQHandler
                0x08006390                FLASH_IRQHandler
                0x08006390                USART1_IRQHandler
                0x08006390                OTG_FS_IRQHandler
                0x08006390                I2C1_ER_IRQHandler
                0x08006390                FMC_IRQHandler
                0x08006390                SWPMI1_IRQHandler
                0x08006390                LPTIM1_IRQHandler
                0x08006390                I2C4_ER_IRQHandler
                0x08006390                SAI1_IRQHandler
                0x08006390                DMA2_Channel3_IRQHandler
                0x08006390                TIM1_BRK_TIM15_IRQHandler
 *fill*         0x08006392        0x2 
 .text.__assert_func
                0x08006394       0x3c c:/program files (x86)/gnu tools arm embedded/8 2019-q3-update/bin/../lib/gcc/arm-none-eabi/8.3.1/../../../../arm-none-eabi/lib/thumb/v7e-m+fp/hard\libc_nano.a(lib_a-assert.o)
                0x08006394                __assert_func
 .text.fprintf  0x080063d0       0x24 c:/program files (x86)/gnu tools arm embedded/8 2019-q3-update/bin/../lib/gcc/arm-none-eabi/8.3.1/../../../../arm-none-eabi/lib/thumb/v7e-m+fp/hard\libc_nano.a(lib_a-fprintf.o)
                0x080063d0                fiprintf
                0x080063d0                fprintf
 .text.__libc_init_array
                0x080063f4       0x48 c:/program files (x86)/gnu tools arm embedded/8 2019-q3-update/bin/../lib/gcc/arm-none-eabi/8.3.1/../../../../arm-none-eabi/lib/thumb/v7e-m+fp/hard\libc_nano.a(lib_a-init.o)
                0x080063f4                __libc_init_array
 .text.memcpy   0x0800643c       0x1c c:/program files (x86)/gnu tools arm embedded/8 2019-q3-update/bin/../lib/gcc/arm-none-eabi/8.3.1/../../../../arm-none-eabi/lib/thumb/v7e-m+fp/hard\libc_nano.a(lib_a-memcpy-stub.o)
                0x0800643c                memcpy
 .text.memset   0x08006458       0x10 c:/program files (x86)/gnu tools arm embedded/8 2019-q3-update/bin/../lib/gcc/arm-none-eabi/8.3.1/../../../../arm-none-eabi/lib/thumb/v7e-m+fp/hard\libc_nano.a(lib_a-memset.o)
                0x08006458                memset
 .text.__sfputc_r
                0x08006468       0x2e c:/program files (x86)/gnu tools arm embedded/8 2019-q3-update/bin/../lib/gcc/arm-none-eabi/8.3.1/../../../../arm-none-eabi/lib/thumb/v7e-m+fp/hard\libc_nano.a(lib_a-nano-vfprintf.o)
 .text.__sfputs_r
                0x08006496       0x24 c:/program files (x86)/gnu tools arm embedded/8 2019-q3-update/bin/../lib/gcc/arm-none-eabi/8.3.1/../../../../arm-none-eabi/lib/thumb/v7e-m+fp/hard\libc_nano.a(lib_a-nano-vfprintf.o)
                0x08006496                __sfputs_r
 *fill*         0x080064ba        0x2 
 .text._vfprintf_r
                0x080064bc      0x250 c:/program files (x86)/gnu tools arm embedded/8 2019-q3-update/bin/../lib/gcc/arm-none-eabi/8.3.1/../../../../arm-none-eabi/lib/thumb/v7e-m+fp/hard\libc_nano.a(lib_a-nano-vfprintf.o)
                0x080064bc                _vfprintf_r
                0x080064bc                _vfiprintf_r
 .text._printf_common
                0x0800670c       0xea c:/program files (x86)/gnu tools arm embedded/8 2019-q3-update/bin/../lib/gcc/arm-none-eabi/8.3.1/../../../../arm-none-eabi/lib/thumb/v7e-m+fp/hard\libc_nano.a(lib_a-nano-vfprintf_i.o)
                0x0800670c                _printf_common
 *fill*         0x080067f6        0x2 
 .text._printf_i
                0x080067f8      0x228 c:/program files (x86)/gnu tools arm embedded/8 2019-q3-update/bin/../lib/gcc/arm-none-eabi/8.3.1/../../../../arm-none-eabi/lib/thumb/v7e-m+fp/hard\libc_nano.a(lib_a-nano-vfprintf_i.o)
                0x080067f8                _printf_i
 .text.printf   0x08006a20       0x30 c:/program files (x86)/gnu tools arm embedded/8 2019-q3-update/bin/../lib/gcc/arm-none-eabi/8.3.1/../../../../arm-none-eabi/lib/thumb/v7e-m+fp/hard\libc_nano.a(lib_a-printf.o)
                0x08006a20                iprintf
                0x08006a20                printf
 .text._puts_r  0x08006a50       0xdc c:/program files (x86)/gnu tools arm embedded/8 2019-q3-update/bin/../lib/gcc/arm-none-eabi/8.3.1/../../../../arm-none-eabi/lib/thumb/v7e-m+fp/hard\libc_nano.a(lib_a-puts.o)
                0x08006a50                _puts_r
 .text.puts     0x08006b2c       0x10 c:/program files (x86)/gnu tools arm embedded/8 2019-q3-update/bin/../lib/gcc/arm-none-eabi/8.3.1/../../../../arm-none-eabi/lib/thumb/v7e-m+fp/hard\libc_nano.a(lib_a-puts.o)
                0x08006b2c                puts
 .text.__swbuf_r
                0x08006b3c       0xa4 c:/program files (x86)/gnu tools arm embedded/8 2019-q3-update/bin/../lib/gcc/arm-none-eabi/8.3.1/../../../../arm-none-eabi/lib/thumb/v7e-m+fp/hard\libc_nano.a(lib_a-wbuf.o)
                0x08006b3c                __swbuf_r
 .text.__swsetup_r
                0x08006be0       0xdc c:/program files (x86)/gnu tools arm embedded/8 2019-q3-update/bin/../lib/gcc/arm-none-eabi/8.3.1/../../../../arm-none-eabi/lib/thumb/v7e-m+fp/hard\libc_nano.a(lib_a-wsetup.o)
                0x08006be0                __swsetup_r
 .text.abort    0x08006cbc        0xe c:/program files (x86)/gnu tools arm embedded/8 2019-q3-update/bin/../lib/gcc/arm-none-eabi/8.3.1/../../../../arm-none-eabi/lib/thumb/v7e-m+fp/hard\libc_nano.a(lib_a-abort.o)
                0x08006cbc                abort
 *fill*         0x08006cca        0x2 
 .text.__sflush_r
                0x08006ccc      0x10c c:/program files (x86)/gnu tools arm embedded/8 2019-q3-update/bin/../lib/gcc/arm-none-eabi/8.3.1/../../../../arm-none-eabi/lib/thumb/v7e-m+fp/hard\libc_nano.a(lib_a-fflush.o)
                0x08006ccc                __sflush_r
 .text._fflush_r
                0x08006dd8       0x78 c:/program files (x86)/gnu tools arm embedded/8 2019-q3-update/bin/../lib/gcc/arm-none-eabi/8.3.1/../../../../arm-none-eabi/lib/thumb/v7e-m+fp/hard\libc_nano.a(lib_a-fflush.o)
                0x08006dd8                _fflush_r
 .text.std      0x08006e50       0x48 c:/program files (x86)/gnu tools arm embedded/8 2019-q3-update/bin/../lib/gcc/arm-none-eabi/8.3.1/../../../../arm-none-eabi/lib/thumb/v7e-m+fp/hard\libc_nano.a(lib_a-findfp.o)
 .text._cleanup_r
                0x08006e98        0xc c:/program files (x86)/gnu tools arm embedded/8 2019-q3-update/bin/../lib/gcc/arm-none-eabi/8.3.1/../../../../arm-none-eabi/lib/thumb/v7e-m+fp/hard\libc_nano.a(lib_a-findfp.o)
                0x08006e98                _cleanup_r
 .text.__sfmoreglue
                0x08006ea4       0x2c c:/program files (x86)/gnu tools arm embedded/8 2019-q3-update/bin/../lib/gcc/arm-none-eabi/8.3.1/../../../../arm-none-eabi/lib/thumb/v7e-m+fp/hard\libc_nano.a(lib_a-findfp.o)
                0x08006ea4                __sfmoreglue
 .text.__sfp_lock_acquire
                0x08006ed0        0xc c:/program files (x86)/gnu tools arm embedded/8 2019-q3-update/bin/../lib/gcc/arm-none-eabi/8.3.1/../../../../arm-none-eabi/lib/thumb/v7e-m+fp/hard\libc_nano.a(lib_a-findfp.o)
                0x08006ed0                __sfp_lock_acquire
 .text.__sfp_lock_release
                0x08006edc        0xc c:/program files (x86)/gnu tools arm embedded/8 2019-q3-update/bin/../lib/gcc/arm-none-eabi/8.3.1/../../../../arm-none-eabi/lib/thumb/v7e-m+fp/hard\libc_nano.a(lib_a-findfp.o)
                0x08006edc                __sfp_lock_release
 .text.__sinit_lock_acquire
                0x08006ee8        0xc c:/program files (x86)/gnu tools arm embedded/8 2019-q3-update/bin/../lib/gcc/arm-none-eabi/8.3.1/../../../../arm-none-eabi/lib/thumb/v7e-m+fp/hard\libc_nano.a(lib_a-findfp.o)
                0x08006ee8                __sinit_lock_acquire
 .text.__sinit_lock_release
                0x08006ef4        0xc c:/program files (x86)/gnu tools arm embedded/8 2019-q3-update/bin/../lib/gcc/arm-none-eabi/8.3.1/../../../../arm-none-eabi/lib/thumb/v7e-m+fp/hard\libc_nano.a(lib_a-findfp.o)
                0x08006ef4                __sinit_lock_release
 .text.__sinit  0x08006f00       0x70 c:/program files (x86)/gnu tools arm embedded/8 2019-q3-update/bin/../lib/gcc/arm-none-eabi/8.3.1/../../../../arm-none-eabi/lib/thumb/v7e-m+fp/hard\libc_nano.a(lib_a-findfp.o)
                0x08006f00                __sinit
 .text.__sfp    0x08006f70       0x8c c:/program files (x86)/gnu tools arm embedded/8 2019-q3-update/bin/../lib/gcc/arm-none-eabi/8.3.1/../../../../arm-none-eabi/lib/thumb/v7e-m+fp/hard\libc_nano.a(lib_a-findfp.o)
                0x08006f70                __sfp
 .text._fwalk_reent
                0x08006ffc       0x3c c:/program files (x86)/gnu tools arm embedded/8 2019-q3-update/bin/../lib/gcc/arm-none-eabi/8.3.1/../../../../arm-none-eabi/lib/thumb/v7e-m+fp/hard\libc_nano.a(lib_a-fwalk.o)
                0x08006ffc                _fwalk_reent
 .text.__retarget_lock_init_recursive
                0x08007038        0x2 c:/program files (x86)/gnu tools arm embedded/8 2019-q3-update/bin/../lib/gcc/arm-none-eabi/8.3.1/../../../../arm-none-eabi/lib/thumb/v7e-m+fp/hard\libc_nano.a(lib_a-lock.o)
                0x08007038                __retarget_lock_init_recursive
 .text.__retarget_lock_acquire_recursive
                0x0800703a        0x2 c:/program files (x86)/gnu tools arm embedded/8 2019-q3-update/bin/../lib/gcc/arm-none-eabi/8.3.1/../../../../arm-none-eabi/lib/thumb/v7e-m+fp/hard\libc_nano.a(lib_a-lock.o)
                0x0800703a                __retarget_lock_acquire_recursive
 .text.__retarget_lock_release_recursive
                0x0800703c        0x2 c:/program files (x86)/gnu tools arm embedded/8 2019-q3-update/bin/../lib/gcc/arm-none-eabi/8.3.1/../../../../arm-none-eabi/lib/thumb/v7e-m+fp/hard\libc_nano.a(lib_a-lock.o)
                0x0800703c                __retarget_lock_release_recursive
 .text.__swhatbuf_r
                0x0800703e       0x48 c:/program files (x86)/gnu tools arm embedded/8 2019-q3-update/bin/../lib/gcc/arm-none-eabi/8.3.1/../../../../arm-none-eabi/lib/thumb/v7e-m+fp/hard\libc_nano.a(lib_a-makebuf.o)
                0x0800703e                __swhatbuf_r
 *fill*         0x08007086        0x2 
 .text.__smakebuf_r
                0x08007088       0x80 c:/program files (x86)/gnu tools arm embedded/8 2019-q3-update/bin/../lib/gcc/arm-none-eabi/8.3.1/../../../../arm-none-eabi/lib/thumb/v7e-m+fp/hard\libc_nano.a(lib_a-makebuf.o)
                0x08007088                __smakebuf_r
 .text._free_r  0x08007108       0x9c c:/program files (x86)/gnu tools arm embedded/8 2019-q3-update/bin/../lib/gcc/arm-none-eabi/8.3.1/../../../../arm-none-eabi/lib/thumb/v7e-m+fp/hard\libc_nano.a(lib_a-nano-freer.o)
                0x08007108                _free_r
 .text._malloc_r
                0x080071a4       0xb4 c:/program files (x86)/gnu tools arm embedded/8 2019-q3-update/bin/../lib/gcc/arm-none-eabi/8.3.1/../../../../arm-none-eabi/lib/thumb/v7e-m+fp/hard\libc_nano.a(lib_a-nano-mallocr.o)
                0x080071a4                _malloc_r
 .text._sbrk_r  0x08007258       0x20 c:/program files (x86)/gnu tools arm embedded/8 2019-q3-update/bin/../lib/gcc/arm-none-eabi/8.3.1/../../../../arm-none-eabi/lib/thumb/v7e-m+fp/hard\libc_nano.a(lib_a-sbrkr.o)
                0x08007258                _sbrk_r
 .text._raise_r
                0x08007278       0x50 c:/program files (x86)/gnu tools arm embedded/8 2019-q3-update/bin/../lib/gcc/arm-none-eabi/8.3.1/../../../../arm-none-eabi/lib/thumb/v7e-m+fp/hard\libc_nano.a(lib_a-signal.o)
                0x08007278                _raise_r
 .text.raise    0x080072c8       0x10 c:/program files (x86)/gnu tools arm embedded/8 2019-q3-update/bin/../lib/gcc/arm-none-eabi/8.3.1/../../../../arm-none-eabi/lib/thumb/v7e-m+fp/hard\libc_nano.a(lib_a-signal.o)
                0x080072c8                raise
 .text._kill_r  0x080072d8       0x24 c:/program files (x86)/gnu tools arm embedded/8 2019-q3-update/bin/../lib/gcc/arm-none-eabi/8.3.1/../../../../arm-none-eabi/lib/thumb/v7e-m+fp/hard\libc_nano.a(lib_a-signalr.o)
                0x080072d8                _kill_r
 .text._getpid_r
                0x080072fc        0x4 c:/program files (x86)/gnu tools arm embedded/8 2019-q3-update/bin/../lib/gcc/arm-none-eabi/8.3.1/../../../../arm-none-eabi/lib/thumb/v7e-m+fp/hard\libc_nano.a(lib_a-signalr.o)
                0x080072fc                _getpid_r
 .text.__sread  0x08007300       0x22 c:/program files (x86)/gnu tools arm embedded/8 2019-q3-update/bin/../lib/gcc/arm-none-eabi/8.3.1/../../../../arm-none-eabi/lib/thumb/v7e-m+fp/hard\libc_nano.a(lib_a-stdio.o)
                0x08007300                __sread
 .text.__swrite
                0x08007322       0x38 c:/program files (x86)/gnu tools arm embedded/8 2019-q3-update/bin/../lib/gcc/arm-none-eabi/8.3.1/../../../../arm-none-eabi/lib/thumb/v7e-m+fp/hard\libc_nano.a(lib_a-stdio.o)
                0x08007322                __swrite
 .text.__sseek  0x0800735a       0x24 c:/program files (x86)/gnu tools arm embedded/8 2019-q3-update/bin/../lib/gcc/arm-none-eabi/8.3.1/../../../../arm-none-eabi/lib/thumb/v7e-m+fp/hard\libc_nano.a(lib_a-stdio.o)
                0x0800735a                __sseek
 .text.__sclose
                0x0800737e        0x8 c:/program files (x86)/gnu tools arm embedded/8 2019-q3-update/bin/../lib/gcc/arm-none-eabi/8.3.1/../../../../arm-none-eabi/lib/thumb/v7e-m+fp/hard\libc_nano.a(lib_a-stdio.o)
                0x0800737e                __sclose
 *fill*         0x08007386        0x2 
 .text._write_r
                0x08007388       0x24 c:/program files (x86)/gnu tools arm embedded/8 2019-q3-update/bin/../lib/gcc/arm-none-eabi/8.3.1/../../../../arm-none-eabi/lib/thumb/v7e-m+fp/hard\libc_nano.a(lib_a-writer.o)
                0x08007388                _write_r
 .text._close_r
                0x080073ac       0x20 c:/program files (x86)/gnu tools arm embedded/8 2019-q3-update/bin/../lib/gcc/arm-none-eabi/8.3.1/../../../../arm-none-eabi/lib/thumb/v7e-m+fp/hard\libc_nano.a(lib_a-closer.o)
                0x080073ac                _close_r
 .text._fstat_r
                0x080073cc       0x24 c:/program files (x86)/gnu tools arm embedded/8 2019-q3-update/bin/../lib/gcc/arm-none-eabi/8.3.1/../../../../arm-none-eabi/lib/thumb/v7e-m+fp/hard\libc_nano.a(lib_a-fstatr.o)
                0x080073cc                _fstat_r
 .text._isatty_r
                0x080073f0       0x20 c:/program files (x86)/gnu tools arm embedded/8 2019-q3-update/bin/../lib/gcc/arm-none-eabi/8.3.1/../../../../arm-none-eabi/lib/thumb/v7e-m+fp/hard\libc_nano.a(lib_a-isattyr.o)
                0x080073f0                _isatty_r
 .text._lseek_r
                0x08007410       0x24 c:/program files (x86)/gnu tools arm embedded/8 2019-q3-update/bin/../lib/gcc/arm-none-eabi/8.3.1/../../../../arm-none-eabi/lib/thumb/v7e-m+fp/hard\libc_nano.a(lib_a-lseekr.o)
                0x08007410                _lseek_r
 .text.__malloc_lock
                0x08007434        0xc c:/program files (x86)/gnu tools arm embedded/8 2019-q3-update/bin/../lib/gcc/arm-none-eabi/8.3.1/../../../../arm-none-eabi/lib/thumb/v7e-m+fp/hard\libc_nano.a(lib_a-mlock.o)
                0x08007434                __malloc_lock
 .text.__malloc_unlock
                0x08007440        0xc c:/program files (x86)/gnu tools arm embedded/8 2019-q3-update/bin/../lib/gcc/arm-none-eabi/8.3.1/../../../../arm-none-eabi/lib/thumb/v7e-m+fp/hard\libc_nano.a(lib_a-mlock.o)
                0x08007440                __malloc_unlock
 .text._read_r  0x0800744c       0x24 c:/program files (x86)/gnu tools arm embedded/8 2019-q3-update/bin/../lib/gcc/arm-none-eabi/8.3.1/../../../../arm-none-eabi/lib/thumb/v7e-m+fp/hard\libc_nano.a(lib_a-readr.o)
                0x0800744c                _read_r
 .text._close   0x08007470       0x10 c:/program files (x86)/gnu tools arm embedded/8 2019-q3-update/bin/../lib/gcc/arm-none-eabi/8.3.1/../../../../arm-none-eabi/lib/thumb/v7e-m+fp/hard\libnosys.a(close.o)
                0x08007470                _close
 .text._fstat   0x08007480       0x10 c:/program files (x86)/gnu tools arm embedded/8 2019-q3-update/bin/../lib/gcc/arm-none-eabi/8.3.1/../../../../arm-none-eabi/lib/thumb/v7e-m+fp/hard\libnosys.a(fstat.o)
                0x08007480                _fstat
 .text._getpid  0x08007490       0x10 c:/program files (x86)/gnu tools arm embedded/8 2019-q3-update/bin/../lib/gcc/arm-none-eabi/8.3.1/../../../../arm-none-eabi/lib/thumb/v7e-m+fp/hard\libnosys.a(getpid.o)
                0x08007490                _getpid
 .text._isatty  0x080074a0       0x10 c:/program files (x86)/gnu tools arm embedded/8 2019-q3-update/bin/../lib/gcc/arm-none-eabi/8.3.1/../../../../arm-none-eabi/lib/thumb/v7e-m+fp/hard\libnosys.a(isatty.o)
                0x080074a0                _isatty
 .text._kill    0x080074b0       0x10 c:/program files (x86)/gnu tools arm embedded/8 2019-q3-update/bin/../lib/gcc/arm-none-eabi/8.3.1/../../../../arm-none-eabi/lib/thumb/v7e-m+fp/hard\libnosys.a(kill.o)
                0x080074b0                _kill
 .text._lseek   0x080074c0       0x10 c:/program files (x86)/gnu tools arm embedded/8 2019-q3-update/bin/../lib/gcc/arm-none-eabi/8.3.1/../../../../arm-none-eabi/lib/thumb/v7e-m+fp/hard\libnosys.a(lseek.o)
                0x080074c0                _lseek
 .text._read    0x080074d0       0x10 c:/program files (x86)/gnu tools arm embedded/8 2019-q3-update/bin/../lib/gcc/arm-none-eabi/8.3.1/../../../../arm-none-eabi/lib/thumb/v7e-m+fp/hard\libnosys.a(read.o)
                0x080074d0                _read
 .text._sbrk    0x080074e0       0x1c c:/program files (x86)/gnu tools arm embedded/8 2019-q3-update/bin/../lib/gcc/arm-none-eabi/8.3.1/../../../../arm-none-eabi/lib/thumb/v7e-m+fp/hard\libnosys.a(sbrk.o)
                0x080074e0                _sbrk
 .text._exit    0x080074fc        0x4 c:/program files (x86)/gnu tools arm embedded/8 2019-q3-update/bin/../lib/gcc/arm-none-eabi/8.3.1/../../../../arm-none-eabi/lib/thumb/v7e-m+fp/hard\libnosys.a(_exit.o)
                0x080074fc                _exit
 *(.glue_7)
 .glue_7        0x08007500        0x0 linker stubs
 *(.glue_7t)
 .glue_7t       0x08007500        0x0 linker stubs
 *(.eh_frame)
 .eh_frame      0x08007500        0x0 c:/program files (x86)/gnu tools arm embedded/8 2019-q3-update/bin/../lib/gcc/arm-none-eabi/8.3.1/thumb/v7e-m+fp/hard/crtbegin.o
 *(.init)
 .init          0x08007500        0x4 c:/program files (x86)/gnu tools arm embedded/8 2019-q3-update/bin/../lib/gcc/arm-none-eabi/8.3.1/thumb/v7e-m+fp/hard/crti.o
                0x08007500                _init
 .init          0x08007504        0x8 c:/program files (x86)/gnu tools arm embedded/8 2019-q3-update/bin/../lib/gcc/arm-none-eabi/8.3.1/thumb/v7e-m+fp/hard/crtn.o
 *(.fini)
 .fini          0x0800750c        0x4 c:/program files (x86)/gnu tools arm embedded/8 2019-q3-update/bin/../lib/gcc/arm-none-eabi/8.3.1/thumb/v7e-m+fp/hard/crti.o
                0x0800750c                _fini
 .fini          0x08007510        0x8 c:/program files (x86)/gnu tools arm embedded/8 2019-q3-update/bin/../lib/gcc/arm-none-eabi/8.3.1/thumb/v7e-m+fp/hard/crtn.o
                0x08007518                . = ALIGN (0x8)
                0x08007518                _etext = .

.vfp11_veneer   0x08007518        0x0
 .vfp11_veneer  0x08007518        0x0 linker stubs

.v4_bx          0x08007518        0x0
 .v4_bx         0x08007518        0x0 linker stubs

.iplt           0x08007518        0x0
 .iplt          0x08007518        0x0 c:/program files (x86)/gnu tools arm embedded/8 2019-q3-update/bin/../lib/gcc/arm-none-eabi/8.3.1/thumb/v7e-m+fp/hard/crtbegin.o

.rodata         0x08007518     0x1158
                0x08007518                . = ALIGN (0x8)
 *(.rodata)
 *(.rodata*)
 .rodata.HAL_GPIO_EXTI_Callback.str1.4
                0x08007518       0x1b ../../applications/murata-dualstack-example-ns/build/murata-dualstack-example-ns.o
 *fill*         0x08007533        0x1 
 .rodata.LoRaWAN_send.str1.4
                0x08007534       0x25 ../../applications/murata-dualstack-example-ns/build/murata-dualstack-example-ns.o
 *fill*         0x08007559        0x3 
 .rodata.main.str1.4
                0x0800755c       0x8e ../../applications/murata-dualstack-example-ns/build/murata-dualstack-example-ns.o
 *fill*         0x080075ea        0x2 
 .rodata.printWelcome.str1.4
                0x080075ec       0x74 ../../applications/murata-dualstack-example-ns/build/murata-dualstack-example-ns.o
 .rodata.print_temp_hum.str1.4
                0x08007660       0x31 ../../applications/murata-dualstack-example-ns/build/murata-dualstack-example-ns.o
                                 0x35 (size before relaxing)
 *fill*         0x08007691        0x3 
 .rodata.__func__.6325
                0x08007694       0x19 ../../applications/murata-dualstack-example-ns/build/alp.o
 *fill*         0x080076ad        0x3 
 .rodata.__func__.6857
                0x080076b0       0x1a ../../applications/murata-dualstack-example-ns/build/alp.o
 *fill*         0x080076ca        0x2 
 .rodata.__func__.6867
                0x080076cc       0x1e ../../applications/murata-dualstack-example-ns/build/alp.o
 *fill*         0x080076ea        0x2 
 .rodata.__func__.6894
                0x080076ec       0x1a ../../applications/murata-dualstack-example-ns/build/alp.o
 *fill*         0x08007706        0x2 
 .rodata.__func__.6907
                0x08007708       0x23 ../../applications/murata-dualstack-example-ns/build/alp.o
 *fill*         0x0800772b        0x1 
 .rodata.__func__.6929
                0x0800772c       0x18 ../../applications/murata-dualstack-example-ns/build/alp.o
 .rodata.__func__.6944
                0x08007744       0x14 ../../applications/murata-dualstack-example-ns/build/alp.o
 .rodata.__func__.6951
                0x08007758       0x17 ../../applications/murata-dualstack-example-ns/build/alp.o
 *fill*         0x0800776f        0x1 
 .rodata.__func__.6961
                0x08007770       0x11 ../../applications/murata-dualstack-example-ns/build/alp.o
 *fill*         0x08007781        0x3 
 .rodata.__func__.6998
                0x08007784       0x1e ../../applications/murata-dualstack-example-ns/build/alp.o
 *fill*         0x080077a2        0x2 
 .rodata.alp_append_file_offset_operand.str1.4
                0x080077a4       0x2c ../../applications/murata-dualstack-example-ns/build/alp.o
 .rodata.alp_append_forward_action.str1.4
                0x080077d0      0x61a ../../applications/murata-dualstack-example-ns/build/alp.o
 *fill*         0x08007dea        0x2 
 .rodata.alp_append_length_operand.str1.4
                0x08007dec       0x97 ../../applications/murata-dualstack-example-ns/build/alp.o
 *fill*         0x08007e83        0x1 
 .rodata.alp_append_return_file_data_action.str1.4
                0x08007e84       0x68 ../../applications/murata-dualstack-example-ns/build/alp.o
 .rodata.alp_append_tag_request_action.str1.4
                0x08007eec       0x53 ../../applications/murata-dualstack-example-ns/build/alp.o
 *fill*         0x08007f3f        0x1 
 .rodata.alp_parse_action.str1.4
                0x08007f40       0x26 ../../applications/murata-dualstack-example-ns/build/alp.o
 *fill*         0x08007f66        0x2 
 .rodata.alp_parse_file_offset_operand.str1.4
                0x08007f68       0x13 ../../applications/murata-dualstack-example-ns/build/alp.o
 *fill*         0x08007f7b        0x1 
 .rodata.parse_op_return_status.str1.4
                0x08007f7c       0xc4 ../../applications/murata-dualstack-example-ns/build/alp.o
 .rodata.parse_op_return_tag.str1.4
                0x08008040       0x69 ../../applications/murata-dualstack-example-ns/build/alp.o
 *fill*         0x080080a9        0x3 
 .rodata.parse_operand_file_data.str1.4
                0x080080ac       0x59 ../../applications/murata-dualstack-example-ns/build/alp.o
 *fill*         0x08008105        0x3 
 .rodata.alloc_command.str1.4
                0x08008108       0x1a ../../applications/murata-dualstack-example-ns/build/modem.o
 *fill*         0x08008122        0x2 
 .rodata.process_serial_frame.str1.4
                0x08008124       0x46 ../../applications/murata-dualstack-example-ns/build/modem.o
                                 0x7a (size before relaxing)
 *fill*         0x0800816a        0x2 
 .rodata.process_rx_fifo.str1.4
                0x0800816c       0x93 ../../applications/murata-dualstack-example-ns/build/modem_interface.o
 *fill*         0x080081ff        0x1 
 .rodata.Murata_Dash7_Send.str1.4
                0x08008200       0x2d ../../applications/murata-dualstack-example-ns/build/murata.o
 *fill*         0x0800822d        0x3 
 .rodata.Murata_Initialize.str1.4
                0x08008230       0xde ../../applications/murata-dualstack-example-ns/build/murata.o
 *fill*         0x0800830e        0x2 
 .rodata.on_modem_command_completed_callback.str1.4
                0x08008310       0x3c ../../applications/murata-dualstack-example-ns/build/murata.o
 .rodata.on_modem_interface_status_callback.str1.4
                0x0800834c      0x139 ../../applications/murata-dualstack-example-ns/build/murata.o
 *fill*         0x08008485        0x3 
 .rodata.on_modem_reboot_callback.str1.4
                0x08008488       0x28 ../../applications/murata-dualstack-example-ns/build/murata.o
 .rodata.on_modem_return_file_data_callback.str1.4
                0x080084b0       0x46 ../../applications/murata-dualstack-example-ns/build/murata.o
 *fill*         0x080084f6        0x2 
 .rodata.on_modem_write_file_data_callback.str1.4
                0x080084f8       0x45 ../../applications/murata-dualstack-example-ns/build/murata.o
 *fill*         0x0800853d        0x3 
 .rodata.platform_getHeader.str1.4
                0x08008540       0x14 ../../applications/murata-dualstack-example-ns/build/octa.o
                                 0x13 (size before relaxing)
 .rodata.AHBPrescTable
                0x08008554       0x10 ../../applications/murata-dualstack-example-ns/build/system_stm32l4xx.o
                0x08008554                AHBPrescTable
 .rodata.APBPrescTable
                0x08008564        0x8 ../../applications/murata-dualstack-example-ns/build/system_stm32l4xx.o
                0x08008564                APBPrescTable
 .rodata.MSIRangeTable
                0x0800856c       0x30 ../../applications/murata-dualstack-example-ns/build/system_stm32l4xx.o
                0x0800856c                MSIRangeTable
 .rodata.__assert_func.str1.1
                0x0800859c       0x3c c:/program files (x86)/gnu tools arm embedded/8 2019-q3-update/bin/../lib/gcc/arm-none-eabi/8.3.1/../../../../arm-none-eabi/lib/thumb/v7e-m+fp/hard\libc_nano.a(lib_a-assert.o)
                                 0x3d (size before relaxing)
 .rodata._global_impure_ptr
                0x080085d8        0x4 c:/program files (x86)/gnu tools arm embedded/8 2019-q3-update/bin/../lib/gcc/arm-none-eabi/8.3.1/../../../../arm-none-eabi/lib/thumb/v7e-m+fp/hard\libc_nano.a(lib_a-impure.o)
                0x080085d8                _global_impure_ptr
 .rodata._vfprintf_r.str1.1
                0x080085dc       0x11 c:/program files (x86)/gnu tools arm embedded/8 2019-q3-update/bin/../lib/gcc/arm-none-eabi/8.3.1/../../../../arm-none-eabi/lib/thumb/v7e-m+fp/hard\libc_nano.a(lib_a-nano-vfprintf.o)
 .rodata._printf_i.str1.1
                0x080085ed       0x22 c:/program files (x86)/gnu tools arm embedded/8 2019-q3-update/bin/../lib/gcc/arm-none-eabi/8.3.1/../../../../arm-none-eabi/lib/thumb/v7e-m+fp/hard\libc_nano.a(lib_a-nano-vfprintf_i.o)
 *fill*         0x0800860f        0x1 
 .rodata.__sf_fake_stderr
                0x08008610       0x20 c:/program files (x86)/gnu tools arm embedded/8 2019-q3-update/bin/../lib/gcc/arm-none-eabi/8.3.1/../../../../arm-none-eabi/lib/thumb/v7e-m+fp/hard\libc_nano.a(lib_a-findfp.o)
                0x08008610                __sf_fake_stderr
 .rodata.__sf_fake_stdin
                0x08008630       0x20 c:/program files (x86)/gnu tools arm embedded/8 2019-q3-update/bin/../lib/gcc/arm-none-eabi/8.3.1/../../../../arm-none-eabi/lib/thumb/v7e-m+fp/hard\libc_nano.a(lib_a-findfp.o)
                0x08008630                __sf_fake_stdin
 .rodata.__sf_fake_stdout
                0x08008650       0x20 c:/program files (x86)/gnu tools arm embedded/8 2019-q3-update/bin/../lib/gcc/arm-none-eabi/8.3.1/../../../../arm-none-eabi/lib/thumb/v7e-m+fp/hard\libc_nano.a(lib_a-findfp.o)
                0x08008650                __sf_fake_stdout
                0x08008670                . = ALIGN (0x8)

.ARM.extab      0x08008670        0x0
                0x08008670                . = ALIGN (0x8)
 *(.ARM.extab* .gnu.linkonce.armextab.*)
                0x08008670                . = ALIGN (0x8)

.ARM            0x08008670        0x8
                0x08008670                . = ALIGN (0x8)
                0x08008670                __exidx_start = .
 *(.ARM.exidx*)
 .ARM.exidx     0x08008670        0x8 c:/program files (x86)/gnu tools arm embedded/8 2019-q3-update/bin/../lib/gcc/arm-none-eabi/8.3.1/thumb/v7e-m+fp/hard\libgcc.a(_udivmoddi4.o)
                0x08008678                __exidx_end = .
                0x08008678                . = ALIGN (0x8)

.rel.dyn        0x08008678        0x0
 .rel.iplt      0x08008678        0x0 c:/program files (x86)/gnu tools arm embedded/8 2019-q3-update/bin/../lib/gcc/arm-none-eabi/8.3.1/thumb/v7e-m+fp/hard/crtbegin.o

.preinit_array  0x08008678        0x0
                0x08008678                . = ALIGN (0x8)
                0x08008678                PROVIDE (__preinit_array_start = .)
 *(.preinit_array*)
                0x08008678                PROVIDE (__preinit_array_end = .)
                0x08008678                . = ALIGN (0x8)

.init_array     0x08008678        0x8
                0x08008678                . = ALIGN (0x8)
                0x08008678                PROVIDE (__init_array_start = .)
 *(SORT_BY_NAME(.init_array.*))
 *(.init_array*)
 .init_array    0x08008678        0x4 c:/program files (x86)/gnu tools arm embedded/8 2019-q3-update/bin/../lib/gcc/arm-none-eabi/8.3.1/thumb/v7e-m+fp/hard/crtbegin.o
                0x0800867c                PROVIDE (__init_array_end = .)
                0x08008680                . = ALIGN (0x8)
 *fill*         0x0800867c        0x4 

.fini_array     0x08008680        0x8
                0x08008680                . = ALIGN (0x8)
                [!provide]                PROVIDE (__fini_array_start = .)
 *(SORT_BY_NAME(.fini_array.*))
 *(.fini_array*)
 .fini_array    0x08008680        0x4 c:/program files (x86)/gnu tools arm embedded/8 2019-q3-update/bin/../lib/gcc/arm-none-eabi/8.3.1/thumb/v7e-m+fp/hard/crtbegin.o
                [!provide]                PROVIDE (__fini_array_end = .)
                0x08008688                . = ALIGN (0x8)
 *fill*         0x08008684        0x4 
                0x08008688                _sidata = LOADADDR (.data)

.data           0x20000000       0xe0 load address 0x08008688
                0x20000000                . = ALIGN (0x8)
                0x20000000                _sdata = .
 *(.data)
 *(.data*)
 .data.modem_callbacks
                0x20000000       0x14 ../../applications/murata-dualstack-example-ns/build/murata.o
                0x20000000                modem_callbacks
 .data.session_config_d7
                0x20000014       0x30 ../../applications/murata-dualstack-example-ns/build/murata.o
                0x20000014                session_config_d7
 .data.session_config_lora
                0x20000044       0x30 ../../applications/murata-dualstack-example-ns/build/murata.o
                0x20000044                session_config_lora
 .data.SystemCoreClock
                0x20000074        0x4 ../../applications/murata-dualstack-example-ns/build/system_stm32l4xx.o
                0x20000074                SystemCoreClock
 .data._impure_ptr
                0x20000078        0x4 c:/program files (x86)/gnu tools arm embedded/8 2019-q3-update/bin/../lib/gcc/arm-none-eabi/8.3.1/../../../../arm-none-eabi/lib/thumb/v7e-m+fp/hard\libc_nano.a(lib_a-impure.o)
                0x20000078                _impure_ptr
 .data.impure_data
                0x2000007c       0x60 c:/program files (x86)/gnu tools arm embedded/8 2019-q3-update/bin/../lib/gcc/arm-none-eabi/8.3.1/../../../../arm-none-eabi/lib/thumb/v7e-m+fp/hard\libc_nano.a(lib_a-impure.o)
                0x200000e0                . = ALIGN (0x8)
 *fill*         0x200000dc        0x4 
                0x200000e0                _edata = .

.igot.plt       0x200000e0        0x0 load address 0x08008768
 .igot.plt      0x200000e0        0x0 c:/program files (x86)/gnu tools arm embedded/8 2019-q3-update/bin/../lib/gcc/arm-none-eabi/8.3.1/thumb/v7e-m+fp/hard/crtbegin.o
                0x200000e0                . = ALIGN (0x4)

.bss            0x200000e0      0xca0 load address 0x08008768
                0x200000e0                _sbss = .
                0x200000e0                __bss_start__ = _sbss
 *(.bss)
 .bss           0x200000e0       0x1c c:/program files (x86)/gnu tools arm embedded/8 2019-q3-update/bin/../lib/gcc/arm-none-eabi/8.3.1/thumb/v7e-m+fp/hard/crtbegin.o
 *(.bss*)
 .bss.DASH7_Counter
                0x200000fc        0x2 ../../applications/murata-dualstack-example-ns/build/murata-dualstack-example-ns.o
                0x200000fc                DASH7_Counter
 .bss.murata_data_ready
                0x200000fe        0x1 ../../applications/murata-dualstack-example-ns/build/murata-dualstack-example-ns.o
                0x200000fe                murata_data_ready
 .bss.murata_init
                0x200000ff        0x1 ../../applications/murata-dualstack-example-ns/build/murata-dualstack-example-ns.o
                0x200000ff                murata_init
 .bss.rep_counter
                0x20000100        0x2 ../../applications/murata-dualstack-example-ns/build/murata-dualstack-example-ns.o
                0x20000100                rep_counter
 .bss.temperatureflag
                0x20000102        0x1 ../../applications/murata-dualstack-example-ns/build/murata-dualstack-example-ns.o
                0x20000102                temperatureflag
 *fill*         0x20000103        0x1 
 .bss.crc       0x20000104        0x2 ../../applications/murata-dualstack-example-ns/build/crc.o
 *fill*         0x20000106        0x2 
 .bss.callbacks
                0x20000108        0x4 ../../applications/murata-dualstack-example-ns/build/modem.o
 .bss.command   0x2000010c      0x114 ../../applications/murata-dualstack-example-ns/build/modem.o
 .bss.next_tag_id
                0x20000220        0x1 ../../applications/murata-dualstack-example-ns/build/modem.o
 *fill*         0x20000221        0x3 
 .bss.alp_handler
                0x20000224        0x4 ../../applications/murata-dualstack-example-ns/build/modem_interface.o
 .bss.logging_handler
                0x20000228        0x4 ../../applications/murata-dualstack-example-ns/build/modem_interface.o
 .bss.modem_interface_tx_buffer
                0x2000022c       0xff ../../applications/murata-dualstack-example-ns/build/modem_interface.o
 *fill*         0x2000032b        0x1 
 .bss.modem_interface_tx_fifo
                0x2000032c       0x10 ../../applications/murata-dualstack-example-ns/build/modem_interface.o
 .bss.packet_down_counter
                0x2000033c        0x1 ../../applications/murata-dualstack-example-ns/build/modem_interface.o
 .bss.packet_up_counter
                0x2000033d        0x1 ../../applications/murata-dualstack-example-ns/build/modem_interface.o
 .bss.parsed_header
                0x2000033e        0x1 ../../applications/murata-dualstack-example-ns/build/modem_interface.o
 *fill*         0x2000033f        0x1 
 .bss.payload.9606
                0x20000340       0xf9 ../../applications/murata-dualstack-example-ns/build/modem_interface.o
 .bss.payload_len
                0x20000439        0x1 ../../applications/murata-dualstack-example-ns/build/modem_interface.o
 *fill*         0x2000043a        0x2 
 .bss.ping_response_handler
                0x2000043c        0x4 ../../applications/murata-dualstack-example-ns/build/modem_interface.o
 .bss.rx_buffer
                0x20000440      0x100 ../../applications/murata-dualstack-example-ns/build/modem_interface.o
 .bss.target_rebooted_cb
                0x20000540        0x4 ../../applications/murata-dualstack-example-ns/build/modem_interface.o
 .bss.use_scheduler
                0x20000544        0x1 ../../applications/murata-dualstack-example-ns/build/murata.o
                0x20000544                use_scheduler
 *fill*         0x20000545        0x3 
 .bss.pxCurrentTCB
                0x20000548        0x4 ../../applications/murata-dualstack-example-ns/build/tasks.o
                0x20000548                pxCurrentTCB
 .bss.pxDelayedTaskList
                0x2000054c        0x4 ../../applications/murata-dualstack-example-ns/build/tasks.o
 .bss.pxOverflowDelayedTaskList
                0x20000550        0x4 ../../applications/murata-dualstack-example-ns/build/tasks.o
 .bss.pxReadyTasksLists
                0x20000554       0x8c ../../applications/murata-dualstack-example-ns/build/tasks.o
 .bss.uxPendedTicks
                0x200005e0        0x4 ../../applications/murata-dualstack-example-ns/build/tasks.o
 .bss.uxSchedulerSuspended
                0x200005e4        0x4 ../../applications/murata-dualstack-example-ns/build/tasks.o
 .bss.uxTopReadyPriority
                0x200005e8        0x4 ../../applications/murata-dualstack-example-ns/build/tasks.o
 .bss.xNextTaskUnblockTime
                0x200005ec        0x4 ../../applications/murata-dualstack-example-ns/build/tasks.o
 .bss.xNumOfOverflows
                0x200005f0        0x4 ../../applications/murata-dualstack-example-ns/build/tasks.o
 .bss.xPendingReadyList
                0x200005f4       0x14 ../../applications/murata-dualstack-example-ns/build/tasks.o
 .bss.xTickCount
                0x20000608        0x4 ../../applications/murata-dualstack-example-ns/build/tasks.o
 .bss.xYieldPending
                0x2000060c        0x4 ../../applications/murata-dualstack-example-ns/build/tasks.o
 .bss.ucMaxSysCallPriority
                0x20000610        0x1 ../../applications/murata-dualstack-example-ns/build/port.o
 *fill*         0x20000611        0x3 
 .bss.ulMaxPRIGROUPValue
                0x20000614        0x4 ../../applications/murata-dualstack-example-ns/build/port.o
 .bss.__malloc_free_list
                0x20000618        0x4 c:/program files (x86)/gnu tools arm embedded/8 2019-q3-update/bin/../lib/gcc/arm-none-eabi/8.3.1/../../../../arm-none-eabi/lib/thumb/v7e-m+fp/hard\libc_nano.a(lib_a-nano-mallocr.o)
                0x20000618                __malloc_free_list
 .bss.__malloc_sbrk_start
                0x2000061c        0x4 c:/program files (x86)/gnu tools arm embedded/8 2019-q3-update/bin/../lib/gcc/arm-none-eabi/8.3.1/../../../../arm-none-eabi/lib/thumb/v7e-m+fp/hard\libc_nano.a(lib_a-nano-mallocr.o)
                0x2000061c                __malloc_sbrk_start
 .bss.heap_end.5501
                0x20000620        0x4 c:/program files (x86)/gnu tools arm embedded/8 2019-q3-update/bin/../lib/gcc/arm-none-eabi/8.3.1/../../../../arm-none-eabi/lib/thumb/v7e-m+fp/hard\libnosys.a(sbrk.o)
 *(COMMON)
 *fill*         0x20000624        0x4 
 COMMON         0x20000628      0x6b8 ../../applications/murata-dualstack-example-ns/build/murata-dualstack-example-ns.o
                0x20000628                magRawData
                0x20000630                accRawData
                0x20000638                P3_DIO6
                0x20000640                defaultTaskHandle
                0x20000644                P2_DIO4
                0x2000064c                loraWANTimId
                0x20000650                P3_I2C
                0x2000069c                P2_UART
                0x20000714                P2_DIO5
                0x2000071c                FLASH_SPI
                0x20000780                P2_DIO1
                0x20000788                P3_UART
                0x20000800                P3_DIO1
                0x20000808                P1_UART
                0x20000880                P1_DIO4
                0x20000888                hiwdg
                0x20000898                P3_DIO2
                0x200008a0                P1_I2C
                0x200008ec                P3_SPI
                0x20000950                temp
                0x20000954                SHThi2cLib
                0x20000958                _i2caddr
                0x2000095c                P1_SPI
                0x200009c0                LSM303AGR_setting
                0x200009c4                magRegisterData
                0x200009cc                txMutexId
                0x200009d0                USB_UART
                0x20000a48                common_I2C
                0x20000a94                P2_DIO6
                0x20000a9c                accRegisterData
                0x20000aa4                murata_reset_pin
                0x20000aa8                P3_DIO3
                0x20000ab0                humidity
                0x20000ab4                BLE_UART
                0x20000b2c                P1_DIO6
                0x20000b34                data
                0x20000b38                murata_wakeup_pin
                0x20000b3c                threadToNotify
                0x20000b40                P2_DIO3
                0x20000b48                P1_DIO3
                0x20000b50                P2_header
                0x20000b80                short_UID
                0x20000b88                SHTData
                0x20000b90                P3_header
                0x20000bbc                P1_header
                0x20000be8                P2_DIO2
                0x20000bf0                moduleCheckTimId
                0x20000bf4                LSM303AGR_hi2c
                0x20000bf8                murata_rx_processing_handle
                0x20000bfc                murata_rx_process_mutex_id
                0x20000c00                dash7TimId
                0x20000c04                P3_DIO5
                0x20000c0c                P1_DIO1
                0x20000c14                P1_DIO5
                0x20000c1c                P2_SPI
                0x20000c80                iwdgTimId
                0x20000c84                P2_I2C
                0x20000cd0                P1_DIO2
                0x20000cd8                P3_DIO4
 COMMON         0x20000ce0       0x20 ../../applications/murata-dualstack-example-ns/build/modem_interface.o
                0x20000ce0                rxData
                0x20000ce4                rx_fifo
                0x20000cf4                header
                0x20000cfc                uart
 COMMON         0x20000d00       0x2c ../../applications/murata-dualstack-example-ns/build/murata.o
                0x20000d00                murataHeader
 COMMON         0x20000d2c        0x4 ../../applications/murata-dualstack-example-ns/build/stm32l4xx_hal.o
                0x20000d2c                uwTick
 COMMON         0x20000d30       0x40 ../../applications/murata-dualstack-example-ns/build/stm32l4xx_hal_timebase_tim.o
                0x20000d30                htim1
 COMMON         0x20000d70        0x9 c:/program files (x86)/gnu tools arm embedded/8 2019-q3-update/bin/../lib/gcc/arm-none-eabi/8.3.1/../../../../arm-none-eabi/lib/thumb/v7e-m+fp/hard\libc_nano.a(lib_a-lock.o)
                0x20000d70                __lock___atexit_recursive_mutex
                0x20000d71                __lock___arc4random_mutex
                0x20000d72                __lock___env_recursive_mutex
                0x20000d73                __lock___sinit_recursive_mutex
                0x20000d74                __lock___malloc_recursive_mutex
                0x20000d75                __lock___at_quick_exit_mutex
                0x20000d76                __lock___dd_hash_mutex