Archive member included to satisfy reference by file (symbol)

c:/program files (x86)/gnu tools arm embedded/8 2019-q3-update/bin/../lib/gcc/arm-none-eabi/8.3.1/../../../../arm-none-eabi/lib/thumb/v7e-m+fp/hard\libc_nano.a(lib_a-assert.o)
                              ../../applications/no-scheduler-example/build/alp.o (__assert_func)
c:/program files (x86)/gnu tools arm embedded/8 2019-q3-update/bin/../lib/gcc/arm-none-eabi/8.3.1/../../../../arm-none-eabi/lib/thumb/v7e-m+fp/hard\libc_nano.a(lib_a-exit.o)
                              c:/program files (x86)/gnu tools arm embedded/8 2019-q3-update/bin/../lib/gcc/arm-none-eabi/8.3.1/../../../../arm-none-eabi/lib/thumb/v7e-m+fp/hard/crt0.o (exit)
c:/program files (x86)/gnu tools arm embedded/8 2019-q3-update/bin/../lib/gcc/arm-none-eabi/8.3.1/../../../../arm-none-eabi/lib/thumb/v7e-m+fp/hard\libc_nano.a(lib_a-fprintf.o)
                              c:/program files (x86)/gnu tools arm embedded/8 2019-q3-update/bin/../lib/gcc/arm-none-eabi/8.3.1/../../../../arm-none-eabi/lib/thumb/v7e-m+fp/hard\libc_nano.a(lib_a-assert.o) (fiprintf)
c:/program files (x86)/gnu tools arm embedded/8 2019-q3-update/bin/../lib/gcc/arm-none-eabi/8.3.1/../../../../arm-none-eabi/lib/thumb/v7e-m+fp/hard\libc_nano.a(lib_a-impure.o)
                              c:/program files (x86)/gnu tools arm embedded/8 2019-q3-update/bin/../lib/gcc/arm-none-eabi/8.3.1/../../../../arm-none-eabi/lib/thumb/v7e-m+fp/hard\libc_nano.a(lib_a-exit.o) (_global_impure_ptr)
c:/program files (x86)/gnu tools arm embedded/8 2019-q3-update/bin/../lib/gcc/arm-none-eabi/8.3.1/../../../../arm-none-eabi/lib/thumb/v7e-m+fp/hard\libc_nano.a(lib_a-init.o)
                              c:/program files (x86)/gnu tools arm embedded/8 2019-q3-update/bin/../lib/gcc/arm-none-eabi/8.3.1/../../../../arm-none-eabi/lib/thumb/v7e-m+fp/hard/crt0.o (__libc_init_array)
c:/program files (x86)/gnu tools arm embedded/8 2019-q3-update/bin/../lib/gcc/arm-none-eabi/8.3.1/../../../../arm-none-eabi/lib/thumb/v7e-m+fp/hard\libc_nano.a(lib_a-memcpy-stub.o)
                              ../../applications/no-scheduler-example/build/fifo.o (memcpy)
c:/program files (x86)/gnu tools arm embedded/8 2019-q3-update/bin/../lib/gcc/arm-none-eabi/8.3.1/../../../../arm-none-eabi/lib/thumb/v7e-m+fp/hard\libc_nano.a(lib_a-memset.o)
                              c:/program files (x86)/gnu tools arm embedded/8 2019-q3-update/bin/../lib/gcc/arm-none-eabi/8.3.1/../../../../arm-none-eabi/lib/thumb/v7e-m+fp/hard/crt0.o (memset)
c:/program files (x86)/gnu tools arm embedded/8 2019-q3-update/bin/../lib/gcc/arm-none-eabi/8.3.1/../../../../arm-none-eabi/lib/thumb/v7e-m+fp/hard\libc_nano.a(lib_a-nano-vfprintf.o)
                              c:/program files (x86)/gnu tools arm embedded/8 2019-q3-update/bin/../lib/gcc/arm-none-eabi/8.3.1/../../../../arm-none-eabi/lib/thumb/v7e-m+fp/hard\libc_nano.a(lib_a-fprintf.o) (_vfprintf_r)
c:/program files (x86)/gnu tools arm embedded/8 2019-q3-update/bin/../lib/gcc/arm-none-eabi/8.3.1/../../../../arm-none-eabi/lib/thumb/v7e-m+fp/hard\libc_nano.a(lib_a-nano-vfprintf_float.o)
                              c:/program files (x86)/gnu tools arm embedded/8 2019-q3-update/bin/../lib/gcc/arm-none-eabi/8.3.1/../../../../arm-none-eabi/lib/thumb/v7e-m+fp/hard\libc_nano.a(lib_a-nano-vfprintf.o) (_printf_float)
c:/program files (x86)/gnu tools arm embedded/8 2019-q3-update/bin/../lib/gcc/arm-none-eabi/8.3.1/../../../../arm-none-eabi/lib/thumb/v7e-m+fp/hard\libc_nano.a(lib_a-nano-vfprintf_i.o)
                              c:/program files (x86)/gnu tools arm embedded/8 2019-q3-update/bin/../lib/gcc/arm-none-eabi/8.3.1/../../../../arm-none-eabi/lib/thumb/v7e-m+fp/hard\libc_nano.a(lib_a-nano-vfprintf_float.o) (_printf_common)
c:/program files (x86)/gnu tools arm embedded/8 2019-q3-update/bin/../lib/gcc/arm-none-eabi/8.3.1/../../../../arm-none-eabi/lib/thumb/v7e-m+fp/hard\libc_nano.a(lib_a-printf.o)
                              ../../applications/no-scheduler-example/build/no-scheduler-example.o (printf)
c:/program files (x86)/gnu tools arm embedded/8 2019-q3-update/bin/../lib/gcc/arm-none-eabi/8.3.1/../../../../arm-none-eabi/lib/thumb/v7e-m+fp/hard\libc_nano.a(lib_a-puts.o)
                              ../../applications/no-scheduler-example/build/no-scheduler-example.o (puts)
c:/program files (x86)/gnu tools arm embedded/8 2019-q3-update/bin/../lib/gcc/arm-none-eabi/8.3.1/../../../../arm-none-eabi/lib/thumb/v7e-m+fp/hard\libc_nano.a(lib_a-strlen.o)
                              c:/program files (x86)/gnu tools arm embedded/8 2019-q3-update/bin/../lib/gcc/arm-none-eabi/8.3.1/../../../../arm-none-eabi/lib/thumb/v7e-m+fp/hard\libc_nano.a(lib_a-nano-vfprintf_float.o) (strlen)
c:/program files (x86)/gnu tools arm embedded/8 2019-q3-update/bin/../lib/gcc/arm-none-eabi/8.3.1/../../../../arm-none-eabi/lib/thumb/v7e-m+fp/hard\libc_nano.a(lib_a-strnlen.o)
[...]
Memory Configuration

Name             Origin             Length             Attributes
RAM              0x20000000         0x00050000         xrw
FLASH            0x08000000         0x00100000         xr
*default*        0x00000000         0xffffffff

Linker script and memory map

LOAD c:/program files (x86)/gnu tools arm embedded/8 2019-q3-update/bin/../lib/gcc/arm-none-eabi/8.3.1/thumb/v7e-m+fp/hard/crti.o
LOAD c:/program files (x86)/gnu tools arm embedded/8 2019-q3-update/bin/../lib/gcc/arm-none-eabi/8.3.1/thumb/v7e-m+fp/hard/crtbegin.o
LOAD c:/program files (x86)/gnu tools arm embedded/8 2019-q3-update/bin/../lib/gcc/arm-none-eabi/8.3.1/../../../../arm-none-eabi/lib/thumb/v7e-m+fp/hard/crt0.o
LOAD ../../applications/no-scheduler-example/build/no-scheduler-example.o
LOAD ../../applications/no-scheduler-example/build/alp.o
LOAD ../../applications/no-scheduler-example/build/crc.o
LOAD ../../applications/no-scheduler-example/build/fifo.o
LOAD ../../applications/no-scheduler-example/build/modem.o
LOAD ../../applications/no-scheduler-example/build/modem_interface.o
LOAD ../../applications/no-scheduler-example/build/murata.o
LOAD ../../applications/no-scheduler-example/build/platform.o
LOAD ../../applications/no-scheduler-example/build/stm32l4xx_hal_i2c.o
LOAD ../../applications/no-scheduler-example/build/stm32l4xx_hal_i2c_ex.o
LOAD ../../applications/no-scheduler-example/build/stm32l4xx_hal_spi.o
LOAD ../../applications/no-scheduler-example/build/stm32l4xx_hal_spi_ex.o
LOAD ../../applications/no-scheduler-example/build/stm32l4xx_hal_iwdg.o
LOAD ../../applications/no-scheduler-example/build/stm32l4xx_hal_uart.o
LOAD ../../applications/no-scheduler-example/build/stm32l4xx_hal_uart_ex.o
LOAD ../../applications/no-scheduler-example/build/stm32l4xx_hal_tim.o
LOAD ../../applications/no-scheduler-example/build/stm32l4xx_hal_tim_ex.o
LOAD ../../applications/no-scheduler-example/build/stm32l4xx_hal.o
LOAD ../../applications/no-scheduler-example/build/stm32l4xx_hal_rcc.o
LOAD ../../applications/no-scheduler-example/build/stm32l4xx_hal_rcc_ex.o
LOAD ../../applications/no-scheduler-example/build/stm32l4xx_hal_flash.o
LOAD ../../applications/no-scheduler-example/build/stm32l4xx_hal_flash_ex.o
LOAD ../../applications/no-scheduler-example/build/stm32l4xx_hal_flash_ramfunc.o
LOAD ../../applications/no-scheduler-example/build/stm32l4xx_hal_gpio.o
LOAD ../../applications/no-scheduler-example/build/stm32l4xx_hal_dma.o
LOAD ../../applications/no-scheduler-example/build/stm32l4xx_hal_dma_ex.o
LOAD ../../applications/no-scheduler-example/build/stm32l4xx_hal_pwr.o
LOAD ../../applications/no-scheduler-example/build/stm32l4xx_hal_pwr_ex.o
LOAD ../../applications/no-scheduler-example/build/stm32l4xx_hal_cortex.o
LOAD ../../applications/no-scheduler-example/build/stm32l4xx_hal_crc.o
LOAD ../../applications/no-scheduler-example/build/stm32l4xx_hal_crc_ex.o
LOAD ../../applications/no-scheduler-example/build/croutine.o
LOAD ../../applications/no-scheduler-example/build/event_groups.o
LOAD ../../applications/no-scheduler-example/build/list.o
LOAD ../../applications/no-scheduler-example/build/queue.o
LOAD ../../applications/no-scheduler-example/build/stream_buffer.o
LOAD ../../applications/no-scheduler-example/build/tasks.o
LOAD ../../applications/no-scheduler-example/build/timers.o
LOAD ../../applications/no-scheduler-example/build/cmsis_os.o
LOAD ../../applications/no-scheduler-example/build/heap_4.o
LOAD ../../applications/no-scheduler-example/build/port.o
LOAD ../../applications/no-scheduler-example/build/freertos.o
LOAD ../../applications/no-scheduler-example/build/gpio.o
LOAD ../../applications/no-scheduler-example/build/i2c.o
LOAD ../../applications/no-scheduler-example/build/iwdg.o
LOAD ../../applications/no-scheduler-example/build/octa.o
LOAD ../../applications/no-scheduler-example/build/rtosmacros.o
LOAD ../../applications/no-scheduler-example/build/spi.o
LOAD ../../applications/no-scheduler-example/build/stm32l4xx_hal_msp.o
LOAD ../../applications/no-scheduler-example/build/stm32l4xx_hal_timebase_tim.o
LOAD ../../applications/no-scheduler-example/build/stm32l4xx_it.o
LOAD ../../applications/no-scheduler-example/build/sysclock.o
LOAD ../../applications/no-scheduler-example/build/system_stm32l4xx.o
LOAD ../../applications/no-scheduler-example/build/uart.o
LOAD ../../applications/no-scheduler-example/build/LSM303AGRSensor.o
LOAD ../../applications/no-scheduler-example/build/S25FL256.o
LOAD ../../applications/no-scheduler-example/build/sht31.o
LOAD ../../applications/no-scheduler-example/build/stc3115.o
LOAD ../../applications/no-scheduler-example/build/TCS3472.o
LOAD ../../applications/no-scheduler-example/build/startup_stm32l496xx.o
LOAD c:/program files (x86)/gnu tools arm embedded/8 2019-q3-update/bin/../lib/gcc/arm-none-eabi/8.3.1/../../../../arm-none-eabi/lib/thumb/v7e-m+fp/hard\libc_nano.a
LOAD c:/program files (x86)/gnu tools arm embedded/8 2019-q3-update/bin/../lib/gcc/arm-none-eabi/8.3.1/../../../../arm-none-eabi/lib/thumb/v7e-m+fp/hard\libm.a
LOAD c:/program files (x86)/gnu tools arm embedded/8 2019-q3-update/bin/../lib/gcc/arm-none-eabi/8.3.1/../../../../arm-none-eabi/lib/thumb/v7e-m+fp/hard\libnosys.a
START GROUP
LOAD c:/program files (x86)/gnu tools arm embedded/8 2019-q3-update/bin/../lib/gcc/arm-none-eabi/8.3.1/thumb/v7e-m+fp/hard\libgcc.a
LOAD c:/program files (x86)/gnu tools arm embedded/8 2019-q3-update/bin/../lib/gcc/arm-none-eabi/8.3.1/../../../../arm-none-eabi/lib/thumb/v7e-m+fp/hard\libc_nano.a
END GROUP
START GROUP
LOAD c:/program files (x86)/gnu tools arm embedded/8 2019-q3-update/bin/../lib/gcc/arm-none-eabi/8.3.1/thumb/v7e-m+fp/hard\libgcc.a
LOAD c:/program files (x86)/gnu tools arm embedded/8 2019-q3-update/bin/../lib/gcc/arm-none-eabi/8.3.1/../../../../arm-none-eabi/lib/thumb/v7e-m+fp/hard\libc_nano.a
END GROUP
LOAD c:/program files (x86)/gnu tools arm embedded/8 2019-q3-update/bin/../lib/gcc/arm-none-eabi/8.3.1/thumb/v7e-m+fp/hard/crtend.o
LOAD c:/program files (x86)/gnu tools arm embedded/8 2019-q3-update/bin/../lib/gcc/arm-none-eabi/8.3.1/thumb/v7e-m+fp/hard/crtn.o
                0x20050000                _estack = 0x20050000
                0x00000200                _Min_Heap_Size = 0x200
                0x00000400                _Min_Stack_Size = 0x400

.isr_vector     0x08000000      0x1b0
                0x08000000                . = ALIGN (0x8)
 *(.isr_vector)
 .isr_vector    0x08000000      0x1ac ../../applications/no-scheduler-example/build/startup_stm32l496xx.o
                0x08000000                g_pfnVectors
                0x080001b0                . = ALIGN (0x8)
 *fill*         0x080001ac        0x4 

.text           0x080001b0     0x8500
                0x080001b0                . = ALIGN (0x8)
 *(.text)
 .text          0x080001b0       0x40 c:/program files (x86)/gnu tools arm embedded/8 2019-q3-update/bin/../lib/gcc/arm-none-eabi/8.3.1/thumb/v7e-m+fp/hard/crtbegin.o
 .text          0x080001f0       0x10 c:/program files (x86)/gnu tools arm embedded/8 2019-q3-update/bin/../lib/gcc/arm-none-eabi/8.3.1/../../../../arm-none-eabi/lib/thumb/v7e-m+fp/hard\libc_nano.a(lib_a-strlen.o)
                0x080001f0                strlen
 .text          0x08000200       0xa0 c:/program files (x86)/gnu tools arm embedded/8 2019-q3-update/bin/../lib/gcc/arm-none-eabi/8.3.1/../../../../arm-none-eabi/lib/thumb/v7e-m+fp/hard\libc_nano.a(lib_a-memchr.o)
                0x08000200                memchr
 .text          0x080002a0      0x378 c:/program files (x86)/gnu tools arm embedded/8 2019-q3-update/bin/../lib/gcc/arm-none-eabi/8.3.1/thumb/v7e-m+fp/hard\libgcc.a(_arm_addsubdf3.o)
                0x080002a0                __aeabi_drsub
                0x080002a8                __aeabi_dsub
                0x080002a8                __subdf3
                0x080002ac                __aeabi_dadd
                0x080002ac                __adddf3
                0x08000524                __floatunsidf
                0x08000524                __aeabi_ui2d
                0x08000544                __floatsidf
                0x08000544                __aeabi_i2d
                0x08000568                __aeabi_f2d
                0x08000568                __extendsfdf2
                0x080005ac                __floatundidf
                0x080005ac                __aeabi_ul2d
                0x080005bc                __floatdidf
                0x080005bc                __aeabi_l2d
 .text          0x08000618      0x424 c:/program files (x86)/gnu tools arm embedded/8 2019-q3-update/bin/../lib/gcc/arm-none-eabi/8.3.1/thumb/v7e-m+fp/hard\libgcc.a(_arm_muldivdf3.o)
                0x08000618                __aeabi_dmul
                0x08000618                __muldf3
                0x0800086c                __divdf3
                0x0800086c                __aeabi_ddiv
 .text          0x08000a3c      0x110 c:/program files (x86)/gnu tools arm embedded/8 2019-q3-update/bin/../lib/gcc/arm-none-eabi/8.3.1/thumb/v7e-m+fp/hard\libgcc.a(_arm_cmpdf2.o)
                0x08000a3c                __gtdf2
                0x08000a3c                __gedf2
                0x08000a44                __ltdf2
                0x08000a44                __ledf2
                0x08000a4c                __nedf2
                0x08000a4c                __eqdf2
                0x08000a4c                __cmpdf2
                0x08000ac8                __aeabi_cdrcmple
                0x08000ad8                __aeabi_cdcmpeq
                0x08000ad8                __aeabi_cdcmple
                0x08000ae8                __aeabi_dcmpeq
                0x08000afc                __aeabi_dcmplt
                0x08000b10                __aeabi_dcmple
                0x08000b24                __aeabi_dcmpge
                0x08000b38                __aeabi_dcmpgt
 .text          0x08000b4c       0x2c c:/program files (x86)/gnu tools arm embedded/8 2019-q3-update/bin/../lib/gcc/arm-none-eabi/8.3.1/thumb/v7e-m+fp/hard\libgcc.a(_arm_unorddf2.o)
                0x08000b4c                __unorddf2
                0x08000b4c                __aeabi_dcmpun
 .text          0x08000b78       0x50 c:/program files (x86)/gnu tools arm embedded/8 2019-q3-update/bin/../lib/gcc/arm-none-eabi/8.3.1/thumb/v7e-m+fp/hard\libgcc.a(_arm_fixdfsi.o)
                0x08000b78                __aeabi_d2iz
                0x08000b78                __fixdfsi
 .text          0x08000bc8       0xa0 c:/program files (x86)/gnu tools arm embedded/8 2019-q3-update/bin/../lib/gcc/arm-none-eabi/8.3.1/thumb/v7e-m+fp/hard\libgcc.a(_arm_truncdfsf2.o)
                0x08000bc8                __truncdfsf2
                0x08000bc8                __aeabi_d2f
 .text          0x08000c68       0x30 c:/program files (x86)/gnu tools arm embedded/8 2019-q3-update/bin/../lib/gcc/arm-none-eabi/8.3.1/thumb/v7e-m+fp/hard\libgcc.a(_aeabi_uldivmod.o)
                0x08000c68                __aeabi_uldivmod
 .text          0x08000c98      0x2d0 c:/program files (x86)/gnu tools arm embedded/8 2019-q3-update/bin/../lib/gcc/arm-none-eabi/8.3.1/thumb/v7e-m+fp/hard\libgcc.a(_udivmoddi4.o)
                0x08000c98                __udivmoddi4
 .text          0x08000f68        0x4 c:/program files (x86)/gnu tools arm embedded/8 2019-q3-update/bin/../lib/gcc/arm-none-eabi/8.3.1/thumb/v7e-m+fp/hard\libgcc.a(_dvmd_tls.o)
                0x08000f68                __aeabi_idiv0
                0x08000f68                __aeabi_ldiv0
 *(.text*)
 .text.printWelcome
                0x08000f6c       0x54 ../../applications/no-scheduler-example/build/no-scheduler-example.o
                0x08000f6c                printWelcome
 .text.HAL_TIM_PeriodElapsedCallback
                0x08000fc0       0x18 ../../applications/no-scheduler-example/build/no-scheduler-example.o
                0x08000fc0                HAL_TIM_PeriodElapsedCallback
 .text.print_temp_hum
                0x08000fd8       0x44 ../../applications/no-scheduler-example/build/no-scheduler-example.o
                0x08000fd8                print_temp_hum
 .text.temp_hum_measurement
                0x0800101c       0x14 ../../applications/no-scheduler-example/build/no-scheduler-example.o
                0x0800101c                temp_hum_measurement
 .text.main     0x08001030       0xc8 ../../applications/no-scheduler-example/build/no-scheduler-example.o
                0x08001030                main
 .text.HAL_UART_RxCpltCallback
                0x080010f8        0x2 ../../applications/no-scheduler-example/build/no-scheduler-example.o
                0x080010f8                HAL_UART_RxCpltCallback
 *fill*         0x080010fa        0x2 
 .text.HAL_GPIO_EXTI_Callback
                0x080010fc       0x20 ../../applications/no-scheduler-example/build/no-scheduler-example.o
                0x080010fc                HAL_GPIO_EXTI_Callback
 .text.Error_Handler
                0x0800111c        0x2 ../../applications/no-scheduler-example/build/no-scheduler-example.o
                0x0800111c                Error_Handler
 *fill*         0x0800111e        0x2 
 .text.parse_op_return_tag
                0x08001120       0x2c ../../applications/no-scheduler-example/build/alp.o
 .text.parse_op_return_status
                0x0800114c      0x17c ../../applications/no-scheduler-example/build/alp.o
 .text.alp_parse_length_operand
                0x080012c8       0x38 ../../applications/no-scheduler-example/build/alp.o
                0x080012c8                alp_parse_length_operand
 .text.alp_parse_file_offset_operand
                0x08001300       0x44 ../../applications/no-scheduler-example/build/alp.o
                0x08001300                alp_parse_file_offset_operand
 .text.parse_operand_file_data
                0x08001344       0x50 ../../applications/no-scheduler-example/build/alp.o
 .text.parse_op_write_file_data
                0x08001394        0x8 ../../applications/no-scheduler-example/build/alp.o
 .text.parse_op_return_file_data
                0x0800139c        0x8 ../../applications/no-scheduler-example/build/alp.o
 .text.alp_parse_action
                0x080013a4       0xa8 ../../applications/no-scheduler-example/build/alp.o
                0x080013a4                alp_parse_action
 .text.update_crc
                0x0800144c       0x2c ../../applications/no-scheduler-example/build/crc.o
 .text.crc_calculate
                0x08001478       0x2c ../../applications/no-scheduler-example/build/crc.o
                0x08001478                crc_calculate
 .text.skip     0x080014a4       0x1a ../../applications/no-scheduler-example/build/fifo.o
 .text.fifo_init_filled
                0x080014be       0x10 ../../applications/no-scheduler-example/build/fifo.o
                0x080014be                fifo_init_filled
 .text.fifo_init
                0x080014ce        0xc ../../applications/no-scheduler-example/build/fifo.o
                0x080014ce                fifo_init
 .text.fifo_init_subview
                0x080014da       0x2e ../../applications/no-scheduler-example/build/fifo.o
                0x080014da                fifo_init_subview
 .text.fifo_put
                0x08001508       0x8a ../../applications/no-scheduler-example/build/fifo.o
                0x08001508                fifo_put
 .text.fifo_get_size
                0x08001592       0x1a ../../applications/no-scheduler-example/build/fifo.o
                0x08001592                fifo_get_size
 .text.check_len
                0x080015ac       0x1c ../../applications/no-scheduler-example/build/fifo.o
 .text.fifo_skip
                0x080015c8       0x1c ../../applications/no-scheduler-example/build/fifo.o
                0x080015c8                fifo_skip
 .text.fifo_peek
                0x080015e4       0x64 ../../applications/no-scheduler-example/build/fifo.o
                0x080015e4                fifo_peek
 .text.fifo_pop
                0x08001648       0x20 ../../applications/no-scheduler-example/build/fifo.o
                0x08001648                fifo_pop
 .text.process_serial_frame
                0x08001668      0x1c4 ../../applications/no-scheduler-example/build/modem.o
 .text.modem_cb_init
                0x0800182c       0x14 ../../applications/no-scheduler-example/build/modem.o
                0x0800182c                modem_cb_init
 .text.modem_init
                0x08001840       0x20 ../../applications/no-scheduler-example/build/modem.o
                0x08001840                modem_init
 .text.modem_reinit
                0x08001860        0xc ../../applications/no-scheduler-example/build/modem.o
                0x08001860                modem_reinit
 .text.verify_payload
                0x0800186c       0x5c ../../applications/no-scheduler-example/build/modem_interface.o
 .text.flush_modem_interface_tx_fifo
                0x080018c8       0x34 ../../applications/no-scheduler-example/build/modem_interface.o
 .text.modem_interface_transfer_bytes
                0x080018fc       0x64 ../../applications/no-scheduler-example/build/modem_interface.o
                0x080018fc                modem_interface_transfer_bytes
 .text.process_rx_fifo
                0x08001960      0x168 ../../applications/no-scheduler-example/build/modem_interface.o
                0x08001960                process_rx_fifo
 .text.modem_interface_init
                0x08001ac8       0x4c ../../applications/no-scheduler-example/build/modem_interface.o
                0x08001ac8                modem_interface_init
 .text.modem_interface_register_handler
                0x08001b14       0x2c ../../applications/no-scheduler-example/build/modem_interface.o
                0x08001b14                modem_interface_register_handler
 .text.modem_interface_set_target_rebooted_callback
                0x08001b40        0xc ../../applications/no-scheduler-example/build/modem_interface.o
                0x08001b40                modem_interface_set_target_rebooted_callback
 .text.on_modem_command_completed_callback
                0x08001b4c       0x1c ../../applications/no-scheduler-example/build/murata.o
                0x08001b4c                on_modem_command_completed_callback
 .text.on_modem_return_file_data_callback
                0x08001b68       0x24 ../../applications/no-scheduler-example/build/murata.o
                0x08001b68                on_modem_return_file_data_callback
 .text.on_modem_write_file_data_callback
                0x08001b8c       0x24 ../../applications/no-scheduler-example/build/murata.o
                0x08001b8c                on_modem_write_file_data_callback
 .text.on_modem_reboot_callback
                0x08001bb0       0x1c ../../applications/no-scheduler-example/build/murata.o
                0x08001bb0                on_modem_reboot_callback
 .text.Murata_Initialize
                0x08001bcc       0xcc ../../applications/no-scheduler-example/build/murata.o
                0x08001bcc                Murata_Initialize
 .text.Initialize_Platform
                0x08001c98        0x8 ../../applications/no-scheduler-example/build/platform.o
                0x08001c98                Initialize_Platform
 .text.I2C_Flush_TXDR
                0x08001ca0       0x22 ../../applications/no-scheduler-example/build/stm32l4xx_hal_i2c.o
 .text.I2C_TransferConfig
                0x08001cc2       0x36 ../../applications/no-scheduler-example/build/stm32l4xx_hal_i2c.o
 .text.I2C_IsAcknowledgeFailed
                0x08001cf8       0x90 ../../applications/no-scheduler-example/build/stm32l4xx_hal_i2c.o
 .text.I2C_WaitOnTXISFlagUntilTimeout
                0x08001d88       0x56 ../../applications/no-scheduler-example/build/stm32l4xx_hal_i2c.o
 .text.I2C_WaitOnFlagUntilTimeout
                0x08001dde       0x52 ../../applications/no-scheduler-example/build/stm32l4xx_hal_i2c.o
 .text.I2C_RequestMemoryWrite
                0x08001e30       0x74 ../../applications/no-scheduler-example/build/stm32l4xx_hal_i2c.o
 .text.I2C_WaitOnSTOPFlagUntilTimeout
                0x08001ea4       0x50 ../../applications/no-scheduler-example/build/stm32l4xx_hal_i2c.o
 .text.I2C_WaitOnRXNEFlagUntilTimeout
                0x08001ef4       0x98 ../../applications/no-scheduler-example/build/stm32l4xx_hal_i2c.o
 .text.HAL_I2C_Init
                0x08001f8c       0xbc ../../applications/no-scheduler-example/build/stm32l4xx_hal_i2c.o
                0x08001f8c                HAL_I2C_Init
 .text.HAL_I2C_Master_Transmit
                0x08002048      0x17c ../../applications/no-scheduler-example/build/stm32l4xx_hal_i2c.o
                0x08002048                HAL_I2C_Master_Transmit
 .text.HAL_I2C_Master_Receive
                0x080021c4      0x17c ../../applications/no-scheduler-example/build/stm32l4xx_hal_i2c.o
                0x080021c4                HAL_I2C_Master_Receive
 .text.HAL_I2C_Mem_Write
                0x08002340      0x1a4 ../../applications/no-scheduler-example/build/stm32l4xx_hal_i2c.o
                0x08002340                HAL_I2C_Mem_Write
 .text.HAL_I2CEx_ConfigAnalogFilter
                0x080024e4       0x62 ../../applications/no-scheduler-example/build/stm32l4xx_hal_i2c_ex.o
                0x080024e4                HAL_I2CEx_ConfigAnalogFilter
 .text.HAL_I2CEx_ConfigDigitalFilter
                0x08002546       0x5e ../../applications/no-scheduler-example/build/stm32l4xx_hal_i2c_ex.o
                0x08002546                HAL_I2CEx_ConfigDigitalFilter
 .text.HAL_SPI_Init
                0x080025a4       0xb0 ../../applications/no-scheduler-example/build/stm32l4xx_hal_spi.o
                0x080025a4                HAL_SPI_Init
 .text.HAL_SPI_ErrorCallback
                0x08002654        0x2 ../../applications/no-scheduler-example/build/stm32l4xx_hal_spi.o
                0x08002654                HAL_SPI_ErrorCallback
 *fill*         0x08002656        0x2 
 .text.HAL_SPI_IRQHandler
                0x08002658      0x11c ../../applications/no-scheduler-example/build/stm32l4xx_hal_spi.o
                0x08002658                HAL_SPI_IRQHandler
 .text.SPI_DMAAbortOnError
                0x08002774       0x12 ../../applications/no-scheduler-example/build/stm32l4xx_hal_spi.o
 .text.HAL_IWDG_Init
                0x08002786       0x58 ../../applications/no-scheduler-example/build/stm32l4xx_hal_iwdg.o
                0x08002786                HAL_IWDG_Init
 .text.UART_EndRxTransfer
                0x080027de       0x20 ../../applications/no-scheduler-example/build/stm32l4xx_hal_uart.o
 *fill*         0x080027fe        0x2 
 .text.HAL_UART_Receive_IT
                0x08002800       0xd4 ../../applications/no-scheduler-example/build/stm32l4xx_hal_uart.o
                0x08002800                HAL_UART_Receive_IT
 .text.HAL_UART_TxCpltCallback
                0x080028d4        0x2 ../../applications/no-scheduler-example/build/stm32l4xx_hal_uart.o
                0x080028d4                HAL_UART_TxCpltCallback
 .text.UART_EndTransmit_IT
                0x080028d6       0x1c ../../applications/no-scheduler-example/build/stm32l4xx_hal_uart.o
 .text.UART_RxISR_8BIT
                0x080028f2       0x60 ../../applications/no-scheduler-example/build/stm32l4xx_hal_uart.o
 .text.UART_RxISR_16BIT
                0x08002952       0x60 ../../applications/no-scheduler-example/build/stm32l4xx_hal_uart.o
 .text.HAL_UART_ErrorCallback
                0x080029b2        0x2 ../../applications/no-scheduler-example/build/stm32l4xx_hal_uart.o
                0x080029b2                HAL_UART_ErrorCallback
 .text.HAL_UART_IRQHandler
                0x080029b4      0x15c ../../applications/no-scheduler-example/build/stm32l4xx_hal_uart.o
                0x080029b4                HAL_UART_IRQHandler
 .text.UART_DMAAbortOnError
                0x08002b10       0x14 ../../applications/no-scheduler-example/build/stm32l4xx_hal_uart.o
 .text.UART_SetConfig
                0x08002b24      0x41c ../../applications/no-scheduler-example/build/stm32l4xx_hal_uart.o
                0x08002b24                UART_SetConfig
 .text.UART_AdvFeatureConfig
                0x08002f40       0xca ../../applications/no-scheduler-example/build/stm32l4xx_hal_uart.o
                0x08002f40                UART_AdvFeatureConfig
 .text.UART_WaitOnFlagUntilTimeout
                0x0800300a       0x62 ../../applications/no-scheduler-example/build/stm32l4xx_hal_uart.o
                0x0800300a                UART_WaitOnFlagUntilTimeout
 .text.HAL_UART_Transmit
                0x0800306c       0xce ../../applications/no-scheduler-example/build/stm32l4xx_hal_uart.o
                0x0800306c                HAL_UART_Transmit
 .text.UART_CheckIdleState
                0x0800313a       0x70 ../../applications/no-scheduler-example/build/stm32l4xx_hal_uart.o
                0x0800313a                UART_CheckIdleState
 .text.HAL_UART_Init
                0x080031aa       0x66 ../../applications/no-scheduler-example/build/stm32l4xx_hal_uart.o
                0x080031aa                HAL_UART_Init
 .text.HAL_UARTEx_WakeupCallback
                0x08003210        0x2 ../../applications/no-scheduler-example/build/stm32l4xx_hal_uart_ex.o
                0x08003210                HAL_UARTEx_WakeupCallback
 .text.HAL_TIM_Base_MspInit
                0x08003212        0x2 ../../applications/no-scheduler-example/build/stm32l4xx_hal_tim.o
                0x08003212                HAL_TIM_Base_MspInit
 .text.HAL_TIM_Base_Start_IT
                0x08003214       0x34 ../../applications/no-scheduler-example/build/stm32l4xx_hal_tim.o
                0x08003214                HAL_TIM_Base_Start_IT
 .text.HAL_TIM_OC_DelayElapsedCallback
                0x08003248        0x2 ../../applications/no-scheduler-example/build/stm32l4xx_hal_tim.o
                0x08003248                HAL_TIM_OC_DelayElapsedCallback
 .text.HAL_TIM_IC_CaptureCallback
                0x0800324a        0x2 ../../applications/no-scheduler-example/build/stm32l4xx_hal_tim.o
                0x0800324a                HAL_TIM_IC_CaptureCallback
 .text.HAL_TIM_PWM_PulseFinishedCallback
                0x0800324c        0x2 ../../applications/no-scheduler-example/build/stm32l4xx_hal_tim.o
                0x0800324c                HAL_TIM_PWM_PulseFinishedCallback
 .text.HAL_TIM_TriggerCallback
                0x0800324e        0x2 ../../applications/no-scheduler-example/build/stm32l4xx_hal_tim.o
                0x0800324e                HAL_TIM_TriggerCallback
 .text.HAL_TIM_IRQHandler
                0x08003250      0x19a ../../applications/no-scheduler-example/build/stm32l4xx_hal_tim.o
                0x08003250                HAL_TIM_IRQHandler
 *fill*         0x080033ea        0x2 
 .text.TIM_Base_SetConfig
                0x080033ec       0xc8 ../../applications/no-scheduler-example/build/stm32l4xx_hal_tim.o
                0x080033ec                TIM_Base_SetConfig
 .text.HAL_TIM_Base_Init
                0x080034b4       0x34 ../../applications/no-scheduler-example/build/stm32l4xx_hal_tim.o
                0x080034b4                HAL_TIM_Base_Init
 .text.HAL_TIMEx_CommutationCallback
                0x080034e8        0x2 ../../applications/no-scheduler-example/build/stm32l4xx_hal_tim_ex.o
                0x080034e8                HAL_TIMEx_CommutationCallback
 .text.HAL_TIMEx_BreakCallback
                0x080034ea        0x2 ../../applications/no-scheduler-example/build/stm32l4xx_hal_tim_ex.o
                0x080034ea                HAL_TIMEx_BreakCallback
 .text.HAL_TIMEx_Break2Callback
                0x080034ec        0x2 ../../applications/no-scheduler-example/build/stm32l4xx_hal_tim_ex.o
                0x080034ec                HAL_TIMEx_Break2Callback
 .text.HAL_Init
                0x080034ee       0x1e ../../applications/no-scheduler-example/build/stm32l4xx_hal.o
                0x080034ee                HAL_Init
 .text.HAL_IncTick
                0x0800350c       0x10 ../../applications/no-scheduler-example/build/stm32l4xx_hal.o
                0x0800350c                HAL_IncTick
 .text.HAL_GetTick
                0x0800351c        0xc ../../applications/no-scheduler-example/build/stm32l4xx_hal.o
                0x0800351c                HAL_GetTick
 .text.HAL_Delay
                0x08003528       0x1e ../../applications/no-scheduler-example/build/stm32l4xx_hal.o
                0x08003528                HAL_Delay
 *fill*         0x08003546        0x2 
 .text.RCC_SetFlashLatencyFromMSIRange
                0x08003548       0x90 ../../applications/no-scheduler-example/build/stm32l4xx_hal_rcc.o
 .text.HAL_RCC_GetSysClockFreq
                0x080035d8       0xd8 ../../applications/no-scheduler-example/build/stm32l4xx_hal_rcc.o
                0x080035d8                HAL_RCC_GetSysClockFreq
 .text.HAL_RCC_OscConfig
                0x080036b0      0x5b4 ../../applications/no-scheduler-example/build/stm32l4xx_hal_rcc.o
                0x080036b0                HAL_RCC_OscConfig
 .text.HAL_RCC_ClockConfig
                0x08003c64      0x154 ../../applications/no-scheduler-example/build/stm32l4xx_hal_rcc.o
                0x08003c64                HAL_RCC_ClockConfig
 .text.HAL_RCC_GetHCLKFreq
                0x08003db8        0xc ../../applications/no-scheduler-example/build/stm32l4xx_hal_rcc.o
                0x08003db8                HAL_RCC_GetHCLKFreq
 .text.HAL_RCC_GetPCLK1Freq
                0x08003dc4       0x24 ../../applications/no-scheduler-example/build/stm32l4xx_hal_rcc.o
                0x08003dc4                HAL_RCC_GetPCLK1Freq
 .text.HAL_RCC_GetPCLK2Freq
                0x08003de8       0x24 ../../applications/no-scheduler-example/build/stm32l4xx_hal_rcc.o
                0x08003de8                HAL_RCC_GetPCLK2Freq
 .text.HAL_RCC_GetClockConfig
                0x08003e0c       0x3c ../../applications/no-scheduler-example/build/stm32l4xx_hal_rcc.o
                0x08003e0c                HAL_RCC_GetClockConfig
 .text.RCCEx_PLLSAI1_Config
                0x08003e48      0x16c ../../applications/no-scheduler-example/build/stm32l4xx_hal_rcc_ex.o
 .text.RCCEx_PLLSAI2_Config
                0x08003fb4      0x148 ../../applications/no-scheduler-example/build/stm32l4xx_hal_rcc_ex.o
 .text.HAL_RCCEx_PeriphCLKConfig
                0x080040fc      0x474 ../../applications/no-scheduler-example/build/stm32l4xx_hal_rcc_ex.o
                0x080040fc                HAL_RCCEx_PeriphCLKConfig
 .text.HAL_GPIO_Init
                0x08004570      0x1b8 ../../applications/no-scheduler-example/build/stm32l4xx_hal_gpio.o
                0x08004570                HAL_GPIO_Init
 .text.HAL_GPIO_WritePin
                0x08004728        0xa ../../applications/no-scheduler-example/build/stm32l4xx_hal_gpio.o
                0x08004728                HAL_GPIO_WritePin
 .text.HAL_GPIO_TogglePin
                0x08004732        0x8 ../../applications/no-scheduler-example/build/stm32l4xx_hal_gpio.o
                0x08004732                HAL_GPIO_TogglePin
 *fill*         0x0800473a        0x2 
 .text.HAL_GPIO_EXTI_IRQHandler
                0x0800473c       0x1c ../../applications/no-scheduler-example/build/stm32l4xx_hal_gpio.o
                0x0800473c                HAL_GPIO_EXTI_IRQHandler
 .text.HAL_DMA_Abort_IT
                0x08004758       0x50 ../../applications/no-scheduler-example/build/stm32l4xx_hal_dma.o
                0x08004758                HAL_DMA_Abort_IT
 .text.HAL_PWR_EnterSLEEPMode
                0x080047a8       0x4c ../../applications/no-scheduler-example/build/stm32l4xx_hal_pwr.o
                0x080047a8                HAL_PWR_EnterSLEEPMode
 .text.HAL_PWREx_GetVoltageRange
                0x080047f4       0x10 ../../applications/no-scheduler-example/build/stm32l4xx_hal_pwr_ex.o
                0x080047f4                HAL_PWREx_GetVoltageRange
 .text.HAL_PWREx_ControlVoltageScaling
                0x08004804       0x8c ../../applications/no-scheduler-example/build/stm32l4xx_hal_pwr_ex.o
                0x08004804                HAL_PWREx_ControlVoltageScaling
 .text.HAL_PWREx_EnableVddIO2
                0x08004890       0x10 ../../applications/no-scheduler-example/build/stm32l4xx_hal_pwr_ex.o
                0x08004890                HAL_PWREx_EnableVddIO2
 .text.HAL_PWREx_EnableLowPowerRunMode
                0x080048a0       0x10 ../../applications/no-scheduler-example/build/stm32l4xx_hal_pwr_ex.o
                0x080048a0                HAL_PWREx_EnableLowPowerRunMode
 .text.HAL_PWREx_DisableLowPowerRunMode
                0x080048b0       0x4c ../../applications/no-scheduler-example/build/stm32l4xx_hal_pwr_ex.o
                0x080048b0                HAL_PWREx_DisableLowPowerRunMode
 .text.HAL_NVIC_SetPriorityGrouping
                0x080048fc       0x24 ../../applications/no-scheduler-example/build/stm32l4xx_hal_cortex.o
                0x080048fc                HAL_NVIC_SetPriorityGrouping
 .text.HAL_NVIC_SetPriority
                0x08004920       0x68 ../../applications/no-scheduler-example/build/stm32l4xx_hal_cortex.o
                0x08004920                HAL_NVIC_SetPriority
 .text.HAL_NVIC_EnableIRQ
                0x08004988       0x18 ../../applications/no-scheduler-example/build/stm32l4xx_hal_cortex.o
                0x08004988                HAL_NVIC_EnableIRQ
 .text.vListInsertEnd
                0x080049a0       0x16 ../../applications/no-scheduler-example/build/list.o
                0x080049a0                vListInsertEnd
 .text.uxListRemove
                0x080049b6       0x26 ../../applications/no-scheduler-example/build/list.o
                0x080049b6                uxListRemove
 .text.prvResetNextTaskUnblockTime
                0x080049dc       0x2c ../../applications/no-scheduler-example/build/tasks.o
 .text.xTaskIncrementTick
                0x08004a08      0x118 ../../applications/no-scheduler-example/build/tasks.o
                0x08004a08                xTaskIncrementTick
 .text.vTaskSwitchContext
                0x08004b20       0x9c ../../applications/no-scheduler-example/build/tasks.o
                0x08004b20                vTaskSwitchContext
 *fill*         0x08004bbc        0x4 
 .text.SVC_Handler
                0x08004bc0       0x24 ../../applications/no-scheduler-example/build/port.o
                0x08004bc0                SVC_Handler
 *fill*         0x08004be4        0xc 
 .text.PendSV_Handler
                0x08004bf0       0x64 ../../applications/no-scheduler-example/build/port.o
                0x08004bf0                PendSV_Handler
 .text.SysTick_Handler
                0x08004c54       0x2c ../../applications/no-scheduler-example/build/port.o
                0x08004c54                SysTick_Handler
 .text.OCTA_GPIO_Init
                0x08004c80      0x324 ../../applications/no-scheduler-example/build/gpio.o
                0x08004c80                OCTA_GPIO_Init
 .text.common_I2C_Init
                0x08004fa4       0x58 ../../applications/no-scheduler-example/build/i2c.o
                0x08004fa4                common_I2C_Init
 .text.OCTA_IWDG_Init
                0x08004ffc       0x2c ../../applications/no-scheduler-example/build/iwdg.o
                0x08004ffc                OCTA_IWDG_Init
 .text.IWDG_feed
                0x08005028       0x10 ../../applications/no-scheduler-example/build/iwdg.o
                0x08005028                IWDG_feed
 .text.OCTA_Initialize_Common_Peripherals
                0x08005038       0x1c ../../applications/no-scheduler-example/build/octa.o
                0x08005038                OCTA_Initialize_Common_Peripherals
 .text.OCTA_Initialize_P1_Peripherals
                0x08005054       0x54 ../../applications/no-scheduler-example/build/octa.o
                0x08005054                OCTA_Initialize_P1_Peripherals
 .text.OCTA_Initialize_P2_Peripherals
                0x080050a8       0x54 ../../applications/no-scheduler-example/build/octa.o
                0x080050a8                OCTA_Initialize_P2_Peripherals
 .text.OCTA_Initialize_P3_Peripherals
                0x080050fc       0x54 ../../applications/no-scheduler-example/build/octa.o
                0x080050fc                OCTA_Initialize_P3_Peripherals
 .text.OCTA_Initialize_Platform
                0x08005150       0x14 ../../applications/no-scheduler-example/build/octa.o
                0x08005150                OCTA_Initialize_Platform
 .text.get_UID  0x08005164       0x24 ../../applications/no-scheduler-example/build/octa.o
                0x08005164                get_UID
 .text.platform_initialize_UART
                0x08005188       0x3c ../../applications/no-scheduler-example/build/octa.o
                0x08005188                platform_initialize_UART
 .text.platform_getHeader
                0x080051c4       0x9c ../../applications/no-scheduler-example/build/octa.o
                0x080051c4                platform_getHeader
 .text.FLASH_SPI_Init
                0x08005260       0x4c ../../applications/no-scheduler-example/build/spi.o
                0x08005260                FLASH_SPI_Init
 .text.HAL_MspInit
                0x080052ac       0x40 ../../applications/no-scheduler-example/build/stm32l4xx_hal_msp.o
                0x080052ac                HAL_MspInit
 .text.HAL_I2C_MspInit
                0x080052ec      0x18c ../../applications/no-scheduler-example/build/stm32l4xx_hal_msp.o
                0x080052ec                HAL_I2C_MspInit
 .text.HAL_UART_MspInit
                0x08005478      0x188 ../../applications/no-scheduler-example/build/stm32l4xx_hal_msp.o
                0x08005478                HAL_UART_MspInit
 .text.HAL_SPI_MspInit
                0x08005600      0x160 ../../applications/no-scheduler-example/build/stm32l4xx_hal_msp.o
                0x08005600                HAL_SPI_MspInit
 .text.HAL_InitTick
                0x08005760       0x78 ../../applications/no-scheduler-example/build/stm32l4xx_hal_timebase_tim.o
                0x08005760                HAL_InitTick
 .text.NMI_Handler
                0x080057d8        0x2 ../../applications/no-scheduler-example/build/stm32l4xx_it.o
                0x080057d8                NMI_Handler
 .text.HardFault_Handler
                0x080057da        0x2 ../../applications/no-scheduler-example/build/stm32l4xx_it.o
                0x080057da                HardFault_Handler
 .text.MemManage_Handler
                0x080057dc        0x2 ../../applications/no-scheduler-example/build/stm32l4xx_it.o
                0x080057dc                MemManage_Handler
 .text.BusFault_Handler
                0x080057de        0x2 ../../applications/no-scheduler-example/build/stm32l4xx_it.o
                0x080057de                BusFault_Handler
 .text.UsageFault_Handler
                0x080057e0        0x2 ../../applications/no-scheduler-example/build/stm32l4xx_it.o
                0x080057e0                UsageFault_Handler
 .text.DebugMon_Handler
                0x080057e2        0x2 ../../applications/no-scheduler-example/build/stm32l4xx_it.o
                0x080057e2                DebugMon_Handler
 .text.TIM1_UP_TIM16_IRQHandler
                0x080057e4       0x10 ../../applications/no-scheduler-example/build/stm32l4xx_it.o
                0x080057e4                TIM1_UP_TIM16_IRQHandler
 .text.USART2_IRQHandler
                0x080057f4       0x10 ../../applications/no-scheduler-example/build/stm32l4xx_it.o
                0x080057f4                USART2_IRQHandler
 .text.USART3_IRQHandler
                0x08005804       0x10 ../../applications/no-scheduler-example/build/stm32l4xx_it.o
                0x08005804                USART3_IRQHandler
 .text.UART5_IRQHandler
                0x08005814       0x10 ../../applications/no-scheduler-example/build/stm32l4xx_it.o
                0x08005814                UART5_IRQHandler
 .text.SPI1_IRQHandler
                0x08005824       0x10 ../../applications/no-scheduler-example/build/stm32l4xx_it.o
                0x08005824                SPI1_IRQHandler
 .text.SPI2_IRQHandler
                0x08005834       0x10 ../../applications/no-scheduler-example/build/stm32l4xx_it.o
                0x08005834                SPI2_IRQHandler
 .text.SPI3_IRQHandler
                0x08005844       0x10 ../../applications/no-scheduler-example/build/stm32l4xx_it.o
                0x08005844                SPI3_IRQHandler
 .text.EXTI15_10_IRQHandler
                0x08005854        0xc ../../applications/no-scheduler-example/build/stm32l4xx_it.o
                0x08005854                EXTI15_10_IRQHandler
 .text.SystemClock_Config
                0x08005860       0xb8 ../../applications/no-scheduler-example/build/sysclock.o
                0x08005860                SystemClock_Config
 .text.SystemInit
                0x08005918       0x48 ../../applications/no-scheduler-example/build/system_stm32l4xx.o
                0x08005918                SystemInit
 .text.USB_UART_Init
                0x08005960       0x34 ../../applications/no-scheduler-example/build/uart.o
                0x08005960                USB_UART_Init
 .text.P1_UART_Init
                0x08005994       0x48 ../../applications/no-scheduler-example/build/uart.o
                0x08005994                P1_UART_Init
 .text.P2_UART_Init
                0x080059dc       0x48 ../../applications/no-scheduler-example/build/uart.o
                0x080059dc                P2_UART_Init
 .text.P3_UART_Init
                0x08005a24       0x48 ../../applications/no-scheduler-example/build/uart.o
                0x08005a24                P3_UART_Init
 .text.__io_putchar
                0x08005a6c       0x20 ../../applications/no-scheduler-example/build/uart.o
                0x08005a6c                __io_putchar
 .text._write   0x08005a8c       0x1c ../../applications/no-scheduler-example/build/uart.o
                0x08005a8c                _write
 .text.LSM303AGR_setI2CInterface
                0x08005aa8        0xc ../../applications/no-scheduler-example/build/LSM303AGRSensor.o
                0x08005aa8                LSM303AGR_setI2CInterface
 .text.LSM303AGR_writeRegister
                0x08005ab4       0x50 ../../applications/no-scheduler-example/build/LSM303AGRSensor.o
                0x08005ab4                LSM303AGR_writeRegister
 .text.LSM303AGR_init
                0x08005b04       0x72 ../../applications/no-scheduler-example/build/LSM303AGRSensor.o
                0x08005b04                LSM303AGR_init
 *fill*         0x08005b76        0x2 
 .text.setI2CInterface_SHT31
                0x08005b78        0xc ../../applications/no-scheduler-example/build/sht31.o
                0x08005b78                setI2CInterface_SHT31
 .text.WRITE_REGISTER_SHT31
                0x08005b84       0x24 ../../applications/no-scheduler-example/build/sht31.o
                0x08005b84                WRITE_REGISTER_SHT31
 .text.READ_REG_SHT31
                0x08005ba8       0x24 ../../applications/no-scheduler-example/build/sht31.o
                0x08005ba8                READ_REG_SHT31
 .text.writeCommand
                0x08005bcc       0x1c ../../applications/no-scheduler-example/build/sht31.o
                0x08005bcc                writeCommand
 .text.SHT31_reset
                0x08005be8        0xc ../../applications/no-scheduler-example/build/sht31.o
                0x08005be8                SHT31_reset
 .text.SHT31_begin
                0x08005bf4        0xa ../../applications/no-scheduler-example/build/sht31.o
                0x08005bf4                SHT31_begin
 *fill*         0x08005bfe        0x2 
 .text.readTempHum
                0x08005c00       0xa0 ../../applications/no-scheduler-example/build/sht31.o
                0x08005c00                readTempHum
 .text.SHT31_get_temp_hum
                0x08005ca0       0x20 ../../applications/no-scheduler-example/build/sht31.o
                0x08005ca0                SHT31_get_temp_hum
 .text.Reset_Handler
                0x08005cc0       0x50 ../../applications/no-scheduler-example/build/startup_stm32l496xx.o
                0x08005cc0                Reset_Handler
 .text.Default_Handler
                0x08005d10        0x2 ../../applications/no-scheduler-example/build/startup_stm32l496xx.o
                0x08005d10                RTC_Alarm_IRQHandler
                0x08005d10                EXTI2_IRQHandler
                0x08005d10                TIM8_TRG_COM_IRQHandler
                0x08005d10                TIM8_CC_IRQHandler
                0x08005d10                TIM1_CC_IRQHandler
                0x08005d10                TSC_IRQHandler
                0x08005d10                TAMP_STAMP_IRQHandler
                0x08005d10                CAN2_RX1_IRQHandler
                0x08005d10                EXTI3_IRQHandler
                0x08005d10                LPTIM2_IRQHandler
                0x08005d10                DFSDM1_FLT1_IRQHandler
                0x08005d10                I2C3_ER_IRQHandler
                0x08005d10                DFSDM1_FLT2_IRQHandler
                0x08005d10                EXTI0_IRQHandler
                0x08005d10                I2C2_EV_IRQHandler
                0x08005d10                CAN1_RX0_IRQHandler
                0x08005d10                FPU_IRQHandler
                0x08005d10                CAN2_SCE_IRQHandler
                0x08005d10                ADC1_2_IRQHandler
                0x08005d10                TIM6_DAC_IRQHandler
                0x08005d10                DCMI_IRQHandler
                0x08005d10                CAN2_RX0_IRQHandler
                0x08005d10                TIM8_UP_IRQHandler
                0x08005d10                DMA2_Channel2_IRQHandler
                0x08005d10                DMA1_Channel4_IRQHandler
                0x08005d10                SAI2_IRQHandler
                0x08005d10                DFSDM1_FLT3_IRQHandler
                0x08005d10                DMA1_Channel7_IRQHandler
                0x08005d10                CAN1_RX1_IRQHandler
                0x08005d10                LCD_IRQHandler
                0x08005d10                ADC3_IRQHandler
                0x08005d10                TIM4_IRQHandler
                0x08005d10                DMA2_Channel1_IRQHandler
                0x08005d10                QUADSPI_IRQHandler
                0x08005d10                I2C1_EV_IRQHandler
                0x08005d10                DMA1_Channel6_IRQHandler
                0x08005d10                UART4_IRQHandler
                0x08005d10                DMA2_Channel4_IRQHandler
                0x08005d10                TIM3_IRQHandler
                0x08005d10                RCC_IRQHandler
                0x08005d10                DMA1_Channel1_IRQHandler
                0x08005d10                Default_Handler
                0x08005d10                DMA2_Channel7_IRQHandler
                0x08005d10                TIM7_IRQHandler
                0x08005d10                SDMMC1_IRQHandler
                0x08005d10                CAN2_TX_IRQHandler
                0x08005d10                TIM5_IRQHandler
                0x08005d10                I2C3_EV_IRQHandler
                0x08005d10                EXTI9_5_IRQHandler
                0x08005d10                RTC_WKUP_IRQHandler
                0x08005d10                PVD_PVM_IRQHandler
                0x08005d10                CAN1_TX_IRQHandler
                0x08005d10                DMA2_Channel5_IRQHandler
                0x08005d10                CRS_IRQHandler
                0x08005d10                DMA1_Channel5_IRQHandler
                0x08005d10                EXTI4_IRQHandler
                0x08005d10                RNG_IRQHandler
                0x08005d10                TIM1_TRG_COM_TIM17_IRQHandler
                0x08005d10                DMA1_Channel3_IRQHandler
                0x08005d10                COMP_IRQHandler
                0x08005d10                WWDG_IRQHandler
                0x08005d10                I2C4_EV_IRQHandler
                0x08005d10                LPUART1_IRQHandler
                0x08005d10                DMA2_Channel6_IRQHandler
                0x08005d10                TIM2_IRQHandler
                0x08005d10                EXTI1_IRQHandler
                0x08005d10                DFSDM1_FLT0_IRQHandler
                0x08005d10                I2C2_ER_IRQHandler
                0x08005d10                DMA1_Channel2_IRQHandler
                0x08005d10                TIM8_BRK_IRQHandler
                0x08005d10                CAN1_SCE_IRQHandler
                0x08005d10                FLASH_IRQHandler
                0x08005d10                USART1_IRQHandler
                0x08005d10                OTG_FS_IRQHandler
                0x08005d10                I2C1_ER_IRQHandler
                0x08005d10                FMC_IRQHandler
                0x08005d10                SWPMI1_IRQHandler
                0x08005d10                LPTIM1_IRQHandler
                0x08005d10                I2C4_ER_IRQHandler
                0x08005d10                SAI1_IRQHandler
                0x08005d10                DMA2_Channel3_IRQHandler
                0x08005d10                TIM1_BRK_TIM15_IRQHandler
 *fill*         0x08005d12        0x2 
 .text.__assert_func
                0x08005d14       0x3c c:/program files (x86)/gnu tools arm embedded/8 2019-q3-update/bin/../lib/gcc/arm-none-eabi/8.3.1/../../../../arm-none-eabi/lib/thumb/v7e-m+fp/hard\libc_nano.a(lib_a-assert.o)
                0x08005d14                __assert_func
 .text.fprintf  0x08005d50       0x24 c:/program files (x86)/gnu tools arm embedded/8 2019-q3-update/bin/../lib/gcc/arm-none-eabi/8.3.1/../../../../arm-none-eabi/lib/thumb/v7e-m+fp/hard\libc_nano.a(lib_a-fprintf.o)
                0x08005d50                fiprintf
                0x08005d50                fprintf
 .text.__libc_init_array
                0x08005d74       0x48 c:/program files (x86)/gnu tools arm embedded/8 2019-q3-update/bin/../lib/gcc/arm-none-eabi/8.3.1/../../../../arm-none-eabi/lib/thumb/v7e-m+fp/hard\libc_nano.a(lib_a-init.o)
                0x08005d74                __libc_init_array
 .text.memcpy   0x08005dbc       0x1c c:/program files (x86)/gnu tools arm embedded/8 2019-q3-update/bin/../lib/gcc/arm-none-eabi/8.3.1/../../../../arm-none-eabi/lib/thumb/v7e-m+fp/hard\libc_nano.a(lib_a-memcpy-stub.o)
                0x08005dbc                memcpy
 .text.memset   0x08005dd8       0x10 c:/program files (x86)/gnu tools arm embedded/8 2019-q3-update/bin/../lib/gcc/arm-none-eabi/8.3.1/../../../../arm-none-eabi/lib/thumb/v7e-m+fp/hard\libc_nano.a(lib_a-memset.o)
                0x08005dd8                memset
 .text.__sfputc_r
                0x08005de8       0x2e c:/program files (x86)/gnu tools arm embedded/8 2019-q3-update/bin/../lib/gcc/arm-none-eabi/8.3.1/../../../../arm-none-eabi/lib/thumb/v7e-m+fp/hard\libc_nano.a(lib_a-nano-vfprintf.o)
 .text.__sfputs_r
                0x08005e16       0x24 c:/program files (x86)/gnu tools arm embedded/8 2019-q3-update/bin/../lib/gcc/arm-none-eabi/8.3.1/../../../../arm-none-eabi/lib/thumb/v7e-m+fp/hard\libc_nano.a(lib_a-nano-vfprintf.o)
                0x08005e16                __sfputs_r
 *fill*         0x08005e3a        0x2 
 .text._vfprintf_r
                0x08005e3c      0x250 c:/program files (x86)/gnu tools arm embedded/8 2019-q3-update/bin/../lib/gcc/arm-none-eabi/8.3.1/../../../../arm-none-eabi/lib/thumb/v7e-m+fp/hard\libc_nano.a(lib_a-nano-vfprintf.o)
                0x08005e3c                _vfprintf_r
                0x08005e3c                _vfiprintf_r
 .text.__cvt    0x0800608c       0xba c:/program files (x86)/gnu tools arm embedded/8 2019-q3-update/bin/../lib/gcc/arm-none-eabi/8.3.1/../../../../arm-none-eabi/lib/thumb/v7e-m+fp/hard\libc_nano.a(lib_a-nano-vfprintf_float.o)
                0x0800608c                __cvt
 .text.__exponent
                0x08006146       0x64 c:/program files (x86)/gnu tools arm embedded/8 2019-q3-update/bin/../lib/gcc/arm-none-eabi/8.3.1/../../../../arm-none-eabi/lib/thumb/v7e-m+fp/hard\libc_nano.a(lib_a-nano-vfprintf_float.o)
                0x08006146                __exponent
 *fill*         0x080061aa        0x2 
 .text._printf_float
                0x080061ac      0x454 c:/program files (x86)/gnu tools arm embedded/8 2019-q3-update/bin/../lib/gcc/arm-none-eabi/8.3.1/../../../../arm-none-eabi/lib/thumb/v7e-m+fp/hard\libc_nano.a(lib_a-nano-vfprintf_float.o)
                0x080061ac                _printf_float
 .text._printf_common
                0x08006600       0xea c:/program files (x86)/gnu tools arm embedded/8 2019-q3-update/bin/../lib/gcc/arm-none-eabi/8.3.1/../../../../arm-none-eabi/lib/thumb/v7e-m+fp/hard\libc_nano.a(lib_a-nano-vfprintf_i.o)
                0x08006600                _printf_common
 *fill*         0x080066ea        0x2 
 .text._printf_i
                0x080066ec      0x228 c:/program files (x86)/gnu tools arm embedded/8 2019-q3-update/bin/../lib/gcc/arm-none-eabi/8.3.1/../../../../arm-none-eabi/lib/thumb/v7e-m+fp/hard\libc_nano.a(lib_a-nano-vfprintf_i.o)
                0x080066ec                _printf_i
 .text.printf   0x08006914       0x30 c:/program files (x86)/gnu tools arm embedded/8 2019-q3-update/bin/../lib/gcc/arm-none-eabi/8.3.1/../../../../arm-none-eabi/lib/thumb/v7e-m+fp/hard\libc_nano.a(lib_a-printf.o)
                0x08006914                iprintf
                0x08006914                printf
 .text._puts_r  0x08006944       0xdc c:/program files (x86)/gnu tools arm embedded/8 2019-q3-update/bin/../lib/gcc/arm-none-eabi/8.3.1/../../../../arm-none-eabi/lib/thumb/v7e-m+fp/hard\libc_nano.a(lib_a-puts.o)
                0x08006944                _puts_r
 .text.puts     0x08006a20       0x10 c:/program files (x86)/gnu tools arm embedded/8 2019-q3-update/bin/../lib/gcc/arm-none-eabi/8.3.1/../../../../arm-none-eabi/lib/thumb/v7e-m+fp/hard\libc_nano.a(lib_a-puts.o)
                0x08006a20                puts
 .text.__swbuf_r
                0x08006a30       0xa4 c:/program files (x86)/gnu tools arm embedded/8 2019-q3-update/bin/../lib/gcc/arm-none-eabi/8.3.1/../../../../arm-none-eabi/lib/thumb/v7e-m+fp/hard\libc_nano.a(lib_a-wbuf.o)
                0x08006a30                __swbuf_r
 .text.__swsetup_r
                0x08006ad4       0xdc c:/program files (x86)/gnu tools arm embedded/8 2019-q3-update/bin/../lib/gcc/arm-none-eabi/8.3.1/../../../../arm-none-eabi/lib/thumb/v7e-m+fp/hard\libc_nano.a(lib_a-wsetup.o)
                0x08006ad4                __swsetup_r
 .text.abort    0x08006bb0        0xe c:/program files (x86)/gnu tools arm embedded/8 2019-q3-update/bin/../lib/gcc/arm-none-eabi/8.3.1/../../../../arm-none-eabi/lib/thumb/v7e-m+fp/hard\libc_nano.a(lib_a-abort.o)
                0x08006bb0                abort
 .text.quorem   0x08006bbe      0x112 c:/program files (x86)/gnu tools arm embedded/8 2019-q3-update/bin/../lib/gcc/arm-none-eabi/8.3.1/../../../../arm-none-eabi/lib/thumb/v7e-m+fp/hard\libc_nano.a(lib_a-dtoa.o)
 .text._dtoa_r  0x08006cd0      0xb74 c:/program files (x86)/gnu tools arm embedded/8 2019-q3-update/bin/../lib/gcc/arm-none-eabi/8.3.1/../../../../arm-none-eabi/lib/thumb/v7e-m+fp/hard\libc_nano.a(lib_a-dtoa.o)
                0x08006cd0                _dtoa_r
 .text.__sflush_r
                0x08007844      0x10c c:/program files (x86)/gnu tools arm embedded/8 2019-q3-update/bin/../lib/gcc/arm-none-eabi/8.3.1/../../../../arm-none-eabi/lib/thumb/v7e-m+fp/hard\libc_nano.a(lib_a-fflush.o)
                0x08007844                __sflush_r
 .text._fflush_r
                0x08007950       0x78 c:/program files (x86)/gnu tools arm embedded/8 2019-q3-update/bin/../lib/gcc/arm-none-eabi/8.3.1/../../../../arm-none-eabi/lib/thumb/v7e-m+fp/hard\libc_nano.a(lib_a-fflush.o)
                0x08007950                _fflush_r
 .text.std      0x080079c8       0x48 c:/program files (x86)/gnu tools arm embedded/8 2019-q3-update/bin/../lib/gcc/arm-none-eabi/8.3.1/../../../../arm-none-eabi/lib/thumb/v7e-m+fp/hard\libc_nano.a(lib_a-findfp.o)
 .text._cleanup_r
                0x08007a10        0xc c:/program files (x86)/gnu tools arm embedded/8 2019-q3-update/bin/../lib/gcc/arm-none-eabi/8.3.1/../../../../arm-none-eabi/lib/thumb/v7e-m+fp/hard\libc_nano.a(lib_a-findfp.o)
                0x08007a10                _cleanup_r
 .text.__sfmoreglue
                0x08007a1c       0x2c c:/program files (x86)/gnu tools arm embedded/8 2019-q3-update/bin/../lib/gcc/arm-none-eabi/8.3.1/../../../../arm-none-eabi/lib/thumb/v7e-m+fp/hard\libc_nano.a(lib_a-findfp.o)
                0x08007a1c                __sfmoreglue
 .text.__sfp_lock_acquire
                0x08007a48        0xc c:/program files (x86)/gnu tools arm embedded/8 2019-q3-update/bin/../lib/gcc/arm-none-eabi/8.3.1/../../../../arm-none-eabi/lib/thumb/v7e-m+fp/hard\libc_nano.a(lib_a-findfp.o)
                0x08007a48                __sfp_lock_acquire
 .text.__sfp_lock_release
                0x08007a54        0xc c:/program files (x86)/gnu tools arm embedded/8 2019-q3-update/bin/../lib/gcc/arm-none-eabi/8.3.1/../../../../arm-none-eabi/lib/thumb/v7e-m+fp/hard\libc_nano.a(lib_a-findfp.o)
                0x08007a54                __sfp_lock_release
 .text.__sinit_lock_acquire
                0x08007a60        0xc c:/program files (x86)/gnu tools arm embedded/8 2019-q3-update/bin/../lib/gcc/arm-none-eabi/8.3.1/../../../../arm-none-eabi/lib/thumb/v7e-m+fp/hard\libc_nano.a(lib_a-findfp.o)
                0x08007a60                __sinit_lock_acquire
 .text.__sinit_lock_release
                0x08007a6c        0xc c:/program files (x86)/gnu tools arm embedded/8 2019-q3-update/bin/../lib/gcc/arm-none-eabi/8.3.1/../../../../arm-none-eabi/lib/thumb/v7e-m+fp/hard\libc_nano.a(lib_a-findfp.o)
                0x08007a6c                __sinit_lock_release
 .text.__sinit  0x08007a78       0x70 c:/program files (x86)/gnu tools arm embedded/8 2019-q3-update/bin/../lib/gcc/arm-none-eabi/8.3.1/../../../../arm-none-eabi/lib/thumb/v7e-m+fp/hard\libc_nano.a(lib_a-findfp.o)
                0x08007a78                __sinit
 .text.__sfp    0x08007ae8       0x8c c:/program files (x86)/gnu tools arm embedded/8 2019-q3-update/bin/../lib/gcc/arm-none-eabi/8.3.1/../../../../arm-none-eabi/lib/thumb/v7e-m+fp/hard\libc_nano.a(lib_a-findfp.o)
                0x08007ae8                __sfp
 .text._fwalk_reent
                0x08007b74       0x3c c:/program files (x86)/gnu tools arm embedded/8 2019-q3-update/bin/../lib/gcc/arm-none-eabi/8.3.1/../../../../arm-none-eabi/lib/thumb/v7e-m+fp/hard\libc_nano.a(lib_a-fwalk.o)
                0x08007b74                _fwalk_reent
 .text._localeconv_r
                0x08007bb0        0x8 c:/program files (x86)/gnu tools arm embedded/8 2019-q3-update/bin/../lib/gcc/arm-none-eabi/8.3.1/../../../../arm-none-eabi/lib/thumb/v7e-m+fp/hard\libc_nano.a(lib_a-localeconv.o)
                0x08007bb0                _localeconv_r
 .text.__retarget_lock_init_recursive
                0x08007bb8        0x2 c:/program files (x86)/gnu tools arm embedded/8 2019-q3-update/bin/../lib/gcc/arm-none-eabi/8.3.1/../../../../arm-none-eabi/lib/thumb/v7e-m+fp/hard\libc_nano.a(lib_a-lock.o)
                0x08007bb8                __retarget_lock_init_recursive
 .text.__retarget_lock_acquire_recursive
                0x08007bba        0x2 c:/program files (x86)/gnu tools arm embedded/8 2019-q3-update/bin/../lib/gcc/arm-none-eabi/8.3.1/../../../../arm-none-eabi/lib/thumb/v7e-m+fp/hard\libc_nano.a(lib_a-lock.o)
                0x08007bba                __retarget_lock_acquire_recursive
 .text.__retarget_lock_release_recursive
                0x08007bbc        0x2 c:/program files (x86)/gnu tools arm embedded/8 2019-q3-update/bin/../lib/gcc/arm-none-eabi/8.3.1/../../../../arm-none-eabi/lib/thumb/v7e-m+fp/hard\libc_nano.a(lib_a-lock.o)
                0x08007bbc                __retarget_lock_release_recursive
 .text.__swhatbuf_r
                0x08007bbe       0x48 c:/program files (x86)/gnu tools arm embedded/8 2019-q3-update/bin/../lib/gcc/arm-none-eabi/8.3.1/../../../../arm-none-eabi/lib/thumb/v7e-m+fp/hard\libc_nano.a(lib_a-makebuf.o)
                0x08007bbe                __swhatbuf_r
 *fill*         0x08007c06        0x2 
 .text.__smakebuf_r
                0x08007c08       0x80 c:/program files (x86)/gnu tools arm embedded/8 2019-q3-update/bin/../lib/gcc/arm-none-eabi/8.3.1/../../../../arm-none-eabi/lib/thumb/v7e-m+fp/hard\libc_nano.a(lib_a-makebuf.o)
                0x08007c08                __smakebuf_r
 .text.malloc   0x08007c88       0x10 c:/program files (x86)/gnu tools arm embedded/8 2019-q3-update/bin/../lib/gcc/arm-none-eabi/8.3.1/../../../../arm-none-eabi/lib/thumb/v7e-m+fp/hard\libc_nano.a(lib_a-malloc.o)
                0x08007c88                malloc
 .text._Balloc  0x08007c98       0x68 c:/program files (x86)/gnu tools arm embedded/8 2019-q3-update/bin/../lib/gcc/arm-none-eabi/8.3.1/../../../../arm-none-eabi/lib/thumb/v7e-m+fp/hard\libc_nano.a(lib_a-mprec.o)
                0x08007c98                _Balloc
 .text._Bfree   0x08007d00       0x2e c:/program files (x86)/gnu tools arm embedded/8 2019-q3-update/bin/../lib/gcc/arm-none-eabi/8.3.1/../../../../arm-none-eabi/lib/thumb/v7e-m+fp/hard\libc_nano.a(lib_a-mprec.o)
                0x08007d00                _Bfree
 .text.__multadd
                0x08007d2e       0x76 c:/program files (x86)/gnu tools arm embedded/8 2019-q3-update/bin/../lib/gcc/arm-none-eabi/8.3.1/../../../../arm-none-eabi/lib/thumb/v7e-m+fp/hard\libc_nano.a(lib_a-mprec.o)
                0x08007d2e                __multadd
 .text.__hi0bits
                0x08007da4       0x40 c:/program files (x86)/gnu tools arm embedded/8 2019-q3-update/bin/../lib/gcc/arm-none-eabi/8.3.1/../../../../arm-none-eabi/lib/thumb/v7e-m+fp/hard\libc_nano.a(lib_a-mprec.o)
                0x08007da4                __hi0bits
 .text.__lo0bits
                0x08007de4       0x60 c:/program files (x86)/gnu tools arm embedded/8 2019-q3-update/bin/../lib/gcc/arm-none-eabi/8.3.1/../../../../arm-none-eabi/lib/thumb/v7e-m+fp/hard\libc_nano.a(lib_a-mprec.o)
                0x08007de4                __lo0bits
 .text.__i2b    0x08007e44       0x12 c:/program files (x86)/gnu tools arm embedded/8 2019-q3-update/bin/../lib/gcc/arm-none-eabi/8.3.1/../../../../arm-none-eabi/lib/thumb/v7e-m+fp/hard\libc_nano.a(lib_a-mprec.o)
                0x08007e44                __i2b
 .text.__multiply
                0x08007e56      0x120 c:/program files (x86)/gnu tools arm embedded/8 2019-q3-update/bin/../lib/gcc/arm-none-eabi/8.3.1/../../../../arm-none-eabi/lib/thumb/v7e-m+fp/hard\libc_nano.a(lib_a-mprec.o)
                0x08007e56                __multiply
 *fill*         0x08007f76        0x2 
 .text.__pow5mult
                0x08007f78       0x9c c:/program files (x86)/gnu tools arm embedded/8 2019-q3-update/bin/../lib/gcc/arm-none-eabi/8.3.1/../../../../arm-none-eabi/lib/thumb/v7e-m+fp/hard\libc_nano.a(lib_a-mprec.o)
                0x08007f78                __pow5mult
 .text.__lshift
                0x08008014       0xa6 c:/program files (x86)/gnu tools arm embedded/8 2019-q3-update/bin/../lib/gcc/arm-none-eabi/8.3.1/../../../../arm-none-eabi/lib/thumb/v7e-m+fp/hard\libc_nano.a(lib_a-mprec.o)
                0x08008014                __lshift
 .text.__mcmp   0x080080ba       0x34 c:/program files (x86)/gnu tools arm embedded/8 2019-q3-update/bin/../lib/gcc/arm-none-eabi/8.3.1/../../../../arm-none-eabi/lib/thumb/v7e-m+fp/hard\libc_nano.a(lib_a-mprec.o)
                0x080080ba                __mcmp
 .text.__mdiff  0x080080ee       0xba c:/program files (x86)/gnu tools arm embedded/8 2019-q3-update/bin/../lib/gcc/arm-none-eabi/8.3.1/../../../../arm-none-eabi/lib/thumb/v7e-m+fp/hard\libc_nano.a(lib_a-mprec.o)
                0x080080ee                __mdiff
 .text.__d2b    0x080081a8       0x9c c:/program files (x86)/gnu tools arm embedded/8 2019-q3-update/bin/../lib/gcc/arm-none-eabi/8.3.1/../../../../arm-none-eabi/lib/thumb/v7e-m+fp/hard\libc_nano.a(lib_a-mprec.o)
                0x080081a8                __d2b
 .text._calloc_r
                0x08008244       0x1c c:/program files (x86)/gnu tools arm embedded/8 2019-q3-update/bin/../lib/gcc/arm-none-eabi/8.3.1/../../../../arm-none-eabi/lib/thumb/v7e-m+fp/hard\libc_nano.a(lib_a-nano-callocr.o)
                0x08008244                _calloc_r
 .text._free_r  0x08008260       0x9c c:/program files (x86)/gnu tools arm embedded/8 2019-q3-update/bin/../lib/gcc/arm-none-eabi/8.3.1/../../../../arm-none-eabi/lib/thumb/v7e-m+fp/hard\libc_nano.a(lib_a-nano-freer.o)
                0x08008260                _free_r
 .text._malloc_r
                0x080082fc       0xb4 c:/program files (x86)/gnu tools arm embedded/8 2019-q3-update/bin/../lib/gcc/arm-none-eabi/8.3.1/../../../../arm-none-eabi/lib/thumb/v7e-m+fp/hard\libc_nano.a(lib_a-nano-mallocr.o)
                0x080082fc                _malloc_r
 .text._sbrk_r  0x080083b0       0x20 c:/program files (x86)/gnu tools arm embedded/8 2019-q3-update/bin/../lib/gcc/arm-none-eabi/8.3.1/../../../../arm-none-eabi/lib/thumb/v7e-m+fp/hard\libc_nano.a(lib_a-sbrkr.o)
                0x080083b0                _sbrk_r
 .text._raise_r
                0x080083d0       0x50 c:/program files (x86)/gnu tools arm embedded/8 2019-q3-update/bin/../lib/gcc/arm-none-eabi/8.3.1/../../../../arm-none-eabi/lib/thumb/v7e-m+fp/hard\libc_nano.a(lib_a-signal.o)
                0x080083d0                _raise_r
 .text.raise    0x08008420       0x10 c:/program files (x86)/gnu tools arm embedded/8 2019-q3-update/bin/../lib/gcc/arm-none-eabi/8.3.1/../../../../arm-none-eabi/lib/thumb/v7e-m+fp/hard\libc_nano.a(lib_a-signal.o)
                0x08008420                raise
 .text._kill_r  0x08008430       0x24 c:/program files (x86)/gnu tools arm embedded/8 2019-q3-update/bin/../lib/gcc/arm-none-eabi/8.3.1/../../../../arm-none-eabi/lib/thumb/v7e-m+fp/hard\libc_nano.a(lib_a-signalr.o)
                0x08008430                _kill_r
 .text._getpid_r
                0x08008454        0x4 c:/program files (x86)/gnu tools arm embedded/8 2019-q3-update/bin/../lib/gcc/arm-none-eabi/8.3.1/../../../../arm-none-eabi/lib/thumb/v7e-m+fp/hard\libc_nano.a(lib_a-signalr.o)
                0x08008454                _getpid_r
 .text.__sread  0x08008458       0x22 c:/program files (x86)/gnu tools arm embedded/8 2019-q3-update/bin/../lib/gcc/arm-none-eabi/8.3.1/../../../../arm-none-eabi/lib/thumb/v7e-m+fp/hard\libc_nano.a(lib_a-stdio.o)
                0x08008458                __sread
 .text.__swrite
                0x0800847a       0x38 c:/program files (x86)/gnu tools arm embedded/8 2019-q3-update/bin/../lib/gcc/arm-none-eabi/8.3.1/../../../../arm-none-eabi/lib/thumb/v7e-m+fp/hard\libc_nano.a(lib_a-stdio.o)
                0x0800847a                __swrite
 .text.__sseek  0x080084b2       0x24 c:/program files (x86)/gnu tools arm embedded/8 2019-q3-update/bin/../lib/gcc/arm-none-eabi/8.3.1/../../../../arm-none-eabi/lib/thumb/v7e-m+fp/hard\libc_nano.a(lib_a-stdio.o)
                0x080084b2                __sseek
 .text.__sclose
                0x080084d6        0x8 c:/program files (x86)/gnu tools arm embedded/8 2019-q3-update/bin/../lib/gcc/arm-none-eabi/8.3.1/../../../../arm-none-eabi/lib/thumb/v7e-m+fp/hard\libc_nano.a(lib_a-stdio.o)
                0x080084d6                __sclose
 *fill*         0x080084de        0x2 
 .text._write_r
                0x080084e0       0x24 c:/program files (x86)/gnu tools arm embedded/8 2019-q3-update/bin/../lib/gcc/arm-none-eabi/8.3.1/../../../../arm-none-eabi/lib/thumb/v7e-m+fp/hard\libc_nano.a(lib_a-writer.o)
                0x080084e0                _write_r
 .text._close_r
                0x08008504       0x20 c:/program files (x86)/gnu tools arm embedded/8 2019-q3-update/bin/../lib/gcc/arm-none-eabi/8.3.1/../../../../arm-none-eabi/lib/thumb/v7e-m+fp/hard\libc_nano.a(lib_a-closer.o)
                0x08008504                _close_r
 .text._fstat_r
                0x08008524       0x24 c:/program files (x86)/gnu tools arm embedded/8 2019-q3-update/bin/../lib/gcc/arm-none-eabi/8.3.1/../../../../arm-none-eabi/lib/thumb/v7e-m+fp/hard\libc_nano.a(lib_a-fstatr.o)
                0x08008524                _fstat_r
 .text._isatty_r
                0x08008548       0x20 c:/program files (x86)/gnu tools arm embedded/8 2019-q3-update/bin/../lib/gcc/arm-none-eabi/8.3.1/../../../../arm-none-eabi/lib/thumb/v7e-m+fp/hard\libc_nano.a(lib_a-isattyr.o)
                0x08008548                _isatty_r
 .text._lseek_r
                0x08008568       0x24 c:/program files (x86)/gnu tools arm embedded/8 2019-q3-update/bin/../lib/gcc/arm-none-eabi/8.3.1/../../../../arm-none-eabi/lib/thumb/v7e-m+fp/hard\libc_nano.a(lib_a-lseekr.o)
                0x08008568                _lseek_r
 .text.__ascii_mbtowc
                0x0800858c       0x24 c:/program files (x86)/gnu tools arm embedded/8 2019-q3-update/bin/../lib/gcc/arm-none-eabi/8.3.1/../../../../arm-none-eabi/lib/thumb/v7e-m+fp/hard\libc_nano.a(lib_a-mbtowc_r.o)
                0x0800858c                __ascii_mbtowc
 .text.__malloc_lock
                0x080085b0        0xc c:/program files (x86)/gnu tools arm embedded/8 2019-q3-update/bin/../lib/gcc/arm-none-eabi/8.3.1/../../../../arm-none-eabi/lib/thumb/v7e-m+fp/hard\libc_nano.a(lib_a-mlock.o)
                0x080085b0                __malloc_lock
 .text.__malloc_unlock
                0x080085bc        0xc c:/program files (x86)/gnu tools arm embedded/8 2019-q3-update/bin/../lib/gcc/arm-none-eabi/8.3.1/../../../../arm-none-eabi/lib/thumb/v7e-m+fp/hard\libc_nano.a(lib_a-mlock.o)
                0x080085bc                __malloc_unlock
 .text._read_r  0x080085c8       0x24 c:/program files (x86)/gnu tools arm embedded/8 2019-q3-update/bin/../lib/gcc/arm-none-eabi/8.3.1/../../../../arm-none-eabi/lib/thumb/v7e-m+fp/hard\libc_nano.a(lib_a-readr.o)
                0x080085c8                _read_r
 .text.__ascii_wctomb
                0x080085ec       0x1a c:/program files (x86)/gnu tools arm embedded/8 2019-q3-update/bin/../lib/gcc/arm-none-eabi/8.3.1/../../../../arm-none-eabi/lib/thumb/v7e-m+fp/hard\libc_nano.a(lib_a-wctomb_r.o)
                0x080085ec                __ascii_wctomb
 *fill*         0x08008606        0x2 
 .text._close   0x08008608       0x10 c:/program files (x86)/gnu tools arm embedded/8 2019-q3-update/bin/../lib/gcc/arm-none-eabi/8.3.1/../../../../arm-none-eabi/lib/thumb/v7e-m+fp/hard\libnosys.a(close.o)
                0x08008608                _close
 .text._fstat   0x08008618       0x10 c:/program files (x86)/gnu tools arm embedded/8 2019-q3-update/bin/../lib/gcc/arm-none-eabi/8.3.1/../../../../arm-none-eabi/lib/thumb/v7e-m+fp/hard\libnosys.a(fstat.o)
                0x08008618                _fstat
 .text._getpid  0x08008628       0x10 c:/program files (x86)/gnu tools arm embedded/8 2019-q3-update/bin/../lib/gcc/arm-none-eabi/8.3.1/../../../../arm-none-eabi/lib/thumb/v7e-m+fp/hard\libnosys.a(getpid.o)
                0x08008628                _getpid
 .text._isatty  0x08008638       0x10 c:/program files (x86)/gnu tools arm embedded/8 2019-q3-update/bin/../lib/gcc/arm-none-eabi/8.3.1/../../../../arm-none-eabi/lib/thumb/v7e-m+fp/hard\libnosys.a(isatty.o)
                0x08008638                _isatty
 .text._kill    0x08008648       0x10 c:/program files (x86)/gnu tools arm embedded/8 2019-q3-update/bin/../lib/gcc/arm-none-eabi/8.3.1/../../../../arm-none-eabi/lib/thumb/v7e-m+fp/hard\libnosys.a(kill.o)
                0x08008648                _kill
 .text._lseek   0x08008658       0x10 c:/program files (x86)/gnu tools arm embedded/8 2019-q3-update/bin/../lib/gcc/arm-none-eabi/8.3.1/../../../../arm-none-eabi/lib/thumb/v7e-m+fp/hard\libnosys.a(lseek.o)
                0x08008658                _lseek
 .text._read    0x08008668       0x10 c:/program files (x86)/gnu tools arm embedded/8 2019-q3-update/bin/../lib/gcc/arm-none-eabi/8.3.1/../../../../arm-none-eabi/lib/thumb/v7e-m+fp/hard\libnosys.a(read.o)
                0x08008668                _read
 .text._sbrk    0x08008678       0x1c c:/program files (x86)/gnu tools arm embedded/8 2019-q3-update/bin/../lib/gcc/arm-none-eabi/8.3.1/../../../../arm-none-eabi/lib/thumb/v7e-m+fp/hard\libnosys.a(sbrk.o)
                0x08008678                _sbrk
 .text._exit    0x08008694        0x4 c:/program files (x86)/gnu tools arm embedded/8 2019-q3-update/bin/../lib/gcc/arm-none-eabi/8.3.1/../../../../arm-none-eabi/lib/thumb/v7e-m+fp/hard\libnosys.a(_exit.o)
                0x08008694                _exit
 *(.glue_7)
 .glue_7        0x08008698        0x0 linker stubs
 *(.glue_7t)
 .glue_7t       0x08008698        0x0 linker stubs
 *(.eh_frame)
 .eh_frame      0x08008698        0x0 c:/program files (x86)/gnu tools arm embedded/8 2019-q3-update/bin/../lib/gcc/arm-none-eabi/8.3.1/thumb/v7e-m+fp/hard/crtbegin.o
 *(.init)
 .init          0x08008698        0x4 c:/program files (x86)/gnu tools arm embedded/8 2019-q3-update/bin/../lib/gcc/arm-none-eabi/8.3.1/thumb/v7e-m+fp/hard/crti.o
                0x08008698                _init
 .init          0x0800869c        0x8 c:/program files (x86)/gnu tools arm embedded/8 2019-q3-update/bin/../lib/gcc/arm-none-eabi/8.3.1/thumb/v7e-m+fp/hard/crtn.o
 *(.fini)
 .fini          0x080086a4        0x4 c:/program files (x86)/gnu tools arm embedded/8 2019-q3-update/bin/../lib/gcc/arm-none-eabi/8.3.1/thumb/v7e-m+fp/hard/crti.o
                0x080086a4                _fini
 .fini          0x080086a8        0x8 c:/program files (x86)/gnu tools arm embedded/8 2019-q3-update/bin/../lib/gcc/arm-none-eabi/8.3.1/thumb/v7e-m+fp/hard/crtn.o
                0x080086b0                . = ALIGN (0x8)
                0x080086b0                _etext = .

.vfp11_veneer   0x080086b0        0x0
 .vfp11_veneer  0x080086b0        0x0 linker stubs

.v4_bx          0x080086b0        0x0
 .v4_bx         0x080086b0        0x0 linker stubs

.iplt           0x080086b0        0x0
 .iplt          0x080086b0        0x0 c:/program files (x86)/gnu tools arm embedded/8 2019-q3-update/bin/../lib/gcc/arm-none-eabi/8.3.1/thumb/v7e-m+fp/hard/crtbegin.o

.rodata         0x080086b0      0x900
                0x080086b0                . = ALIGN (0x8)
 *(.rodata)
 *(.rodata*)
 .rodata.HAL_GPIO_EXTI_Callback.str1.4
                0x080086b0       0x1b ../../applications/no-scheduler-example/build/no-scheduler-example.o
 *fill*         0x080086cb        0x1 
 .rodata.main.str1.4
                0x080086cc       0x54 ../../applications/no-scheduler-example/build/no-scheduler-example.o
 .rodata.printWelcome.str1.4
                0x08008720       0x42 ../../applications/no-scheduler-example/build/no-scheduler-example.o
                                 0x46 (size before relaxing)
 *fill*         0x08008762        0x2 
 .rodata.print_temp_hum.str1.4
                0x08008764       0x31 ../../applications/no-scheduler-example/build/no-scheduler-example.o
 *fill*         0x08008795        0x3 
 .rodata.__func__.6325
                0x08008798       0x19 ../../applications/no-scheduler-example/build/alp.o
 *fill*         0x080087b1        0x3 
 .rodata.__func__.6767
                0x080087b4       0x1e ../../applications/no-scheduler-example/build/alp.o
 *fill*         0x080087d2        0x2 
 .rodata.__func__.6821
                0x080087d4       0x18 ../../applications/no-scheduler-example/build/alp.o
 .rodata.__func__.6836
                0x080087ec       0x14 ../../applications/no-scheduler-example/build/alp.o
 .rodata.__func__.6843
                0x08008800       0x17 ../../applications/no-scheduler-example/build/alp.o
 *fill*         0x08008817        0x1 
 .rodata.__func__.6853
                0x08008818       0x11 ../../applications/no-scheduler-example/build/alp.o
 *fill*         0x08008829        0x3 
 .rodata.alp_parse_action.str1.4
                0x0800882c       0x26 ../../applications/no-scheduler-example/build/alp.o
 *fill*         0x08008852        0x2 
 .rodata.alp_parse_file_offset_operand.str1.4
                0x08008854       0x13 ../../applications/no-scheduler-example/build/alp.o
 *fill*         0x08008867        0x1 
 .rodata.parse_op_return_status.str1.4
                0x08008868       0xac ../../applications/no-scheduler-example/build/alp.o
 .rodata.parse_op_return_tag.str1.4
                0x08008914       0x5f ../../applications/no-scheduler-example/build/alp.o
 *fill*         0x08008973        0x1 
 .rodata.parse_operand_file_data.str1.4
                0x08008974       0x59 ../../applications/no-scheduler-example/build/alp.o
 *fill*         0x080089cd        0x3 
 .rodata.__func__.11166
                0x080089d0       0x15 ../../applications/no-scheduler-example/build/modem.o
 *fill*         0x080089e5        0x3 
 .rodata.__func__.5707
                0x080089e8       0x19 ../../applications/no-scheduler-example/build/modem.o
 *fill*         0x08008a01        0x3 
 .rodata.process_serial_frame.str1.4
                0x08008a04       0x69 ../../applications/no-scheduler-example/build/modem.o
                                 0x91 (size before relaxing)
 *fill*         0x08008a6d        0x3 
 .rodata.process_rx_fifo.str1.4
                0x08008a70       0x1c ../../applications/no-scheduler-example/build/modem_interface.o
 .rodata.Murata_Initialize.str1.4
                0x08008a8c       0xd6 ../../applications/no-scheduler-example/build/murata.o
 *fill*         0x08008b62        0x2 
 .rodata.on_modem_command_completed_callback.str1.4
                0x08008b64       0x3d ../../applications/no-scheduler-example/build/murata.o
 *fill*         0x08008ba1        0x3 
 .rodata.on_modem_reboot_callback.str1.4
                0x08008ba4       0x24 ../../applications/no-scheduler-example/build/murata.o
 .rodata.on_modem_return_file_data_callback.str1.4
                0x08008bc8       0x47 ../../applications/no-scheduler-example/build/murata.o
 *fill*         0x08008c0f        0x1 
 .rodata.on_modem_write_file_data_callback.str1.4
                0x08008c10       0x46 ../../applications/no-scheduler-example/build/murata.o
 *fill*         0x08008c56        0x2 
 .rodata.platform_getHeader.str1.4
                0x08008c58       0x14 ../../applications/no-scheduler-example/build/octa.o
                                 0x13 (size before relaxing)
 .rodata.AHBPrescTable
                0x08008c6c       0x10 ../../applications/no-scheduler-example/build/system_stm32l4xx.o
                0x08008c6c                AHBPrescTable
 .rodata.APBPrescTable
                0x08008c7c        0x8 ../../applications/no-scheduler-example/build/system_stm32l4xx.o
                0x08008c7c                APBPrescTable
 .rodata.MSIRangeTable
                0x08008c84       0x30 ../../applications/no-scheduler-example/build/system_stm32l4xx.o
                0x08008c84                MSIRangeTable
 .rodata.__assert_func.str1.1
                0x08008cb4       0x3c c:/program files (x86)/gnu tools arm embedded/8 2019-q3-update/bin/../lib/gcc/arm-none-eabi/8.3.1/../../../../arm-none-eabi/lib/thumb/v7e-m+fp/hard\libc_nano.a(lib_a-assert.o)
                                 0x3d (size before relaxing)
 .rodata._global_impure_ptr
                0x08008cf0        0x4 c:/program files (x86)/gnu tools arm embedded/8 2019-q3-update/bin/../lib/gcc/arm-none-eabi/8.3.1/../../../../arm-none-eabi/lib/thumb/v7e-m+fp/hard\libc_nano.a(lib_a-impure.o)
                0x08008cf0                _global_impure_ptr
 .rodata._vfprintf_r.str1.1
                0x08008cf4       0x11 c:/program files (x86)/gnu tools arm embedded/8 2019-q3-update/bin/../lib/gcc/arm-none-eabi/8.3.1/../../../../arm-none-eabi/lib/thumb/v7e-m+fp/hard\libc_nano.a(lib_a-nano-vfprintf.o)
 .rodata._printf_float.str1.1
                0x08008d05       0x12 c:/program files (x86)/gnu tools arm embedded/8 2019-q3-update/bin/../lib/gcc/arm-none-eabi/8.3.1/../../../../arm-none-eabi/lib/thumb/v7e-m+fp/hard\libc_nano.a(lib_a-nano-vfprintf_float.o)
 .rodata._printf_i.str1.1
                0x08008d17       0x22 c:/program files (x86)/gnu tools arm embedded/8 2019-q3-update/bin/../lib/gcc/arm-none-eabi/8.3.1/../../../../arm-none-eabi/lib/thumb/v7e-m+fp/hard\libc_nano.a(lib_a-nano-vfprintf_i.o)
 .rodata._dtoa_r.str1.1
                0x08008d39        0xd c:/program files (x86)/gnu tools arm embedded/8 2019-q3-update/bin/../lib/gcc/arm-none-eabi/8.3.1/../../../../arm-none-eabi/lib/thumb/v7e-m+fp/hard\libc_nano.a(lib_a-dtoa.o)
                                  0xf (size before relaxing)
 *fill*         0x08008d46        0x2 
 .rodata.__sf_fake_stderr
                0x08008d48       0x20 c:/program files (x86)/gnu tools arm embedded/8 2019-q3-update/bin/../lib/gcc/arm-none-eabi/8.3.1/../../../../arm-none-eabi/lib/thumb/v7e-m+fp/hard\libc_nano.a(lib_a-findfp.o)
                0x08008d48                __sf_fake_stderr
 .rodata.__sf_fake_stdin
                0x08008d68       0x20 c:/program files (x86)/gnu tools arm embedded/8 2019-q3-update/bin/../lib/gcc/arm-none-eabi/8.3.1/../../../../arm-none-eabi/lib/thumb/v7e-m+fp/hard\libc_nano.a(lib_a-findfp.o)
                0x08008d68                __sf_fake_stdin
 .rodata.__sf_fake_stdout
                0x08008d88       0x20 c:/program files (x86)/gnu tools arm embedded/8 2019-q3-update/bin/../lib/gcc/arm-none-eabi/8.3.1/../../../../arm-none-eabi/lib/thumb/v7e-m+fp/hard\libc_nano.a(lib_a-findfp.o)
                0x08008d88                __sf_fake_stdout
 .rodata.__mprec_bigtens
                0x08008da8       0x28 c:/program files (x86)/gnu tools arm embedded/8 2019-q3-update/bin/../lib/gcc/arm-none-eabi/8.3.1/../../../../arm-none-eabi/lib/thumb/v7e-m+fp/hard\libc_nano.a(lib_a-mprec.o)
                0x08008da8                __mprec_bigtens
 .rodata.__mprec_tens
                0x08008dd0       0xc8 c:/program files (x86)/gnu tools arm embedded/8 2019-q3-update/bin/../lib/gcc/arm-none-eabi/8.3.1/../../../../arm-none-eabi/lib/thumb/v7e-m+fp/hard\libc_nano.a(lib_a-mprec.o)
                0x08008dd0                __mprec_tens
 .rodata.p05.7444
                0x08008e98        0xc c:/program files (x86)/gnu tools arm embedded/8 2019-q3-update/bin/../lib/gcc/arm-none-eabi/8.3.1/../../../../arm-none-eabi/lib/thumb/v7e-m+fp/hard\libc_nano.a(lib_a-mprec.o)
 .rodata._setlocale_r.str1.1
                0x08008ea4        0x8 c:/program files (x86)/gnu tools arm embedded/8 2019-q3-update/bin/../lib/gcc/arm-none-eabi/8.3.1/../../../../arm-none-eabi/lib/thumb/v7e-m+fp/hard\libc_nano.a(lib_a-locale.o)
                                  0x9 (size before relaxing)
 .rodata.str1.1
                0x08008eac        0x2 c:/program files (x86)/gnu tools arm embedded/8 2019-q3-update/bin/../lib/gcc/arm-none-eabi/8.3.1/../../../../arm-none-eabi/lib/thumb/v7e-m+fp/hard\libc_nano.a(lib_a-locale.o)
 .rodata._ctype_
                0x08008eae      0x101 c:/program files (x86)/gnu tools arm embedded/8 2019-q3-update/bin/../lib/gcc/arm-none-eabi/8.3.1/../../../../arm-none-eabi/lib/thumb/v7e-m+fp/hard\libc_nano.a(lib_a-ctype_.o)
                0x08008eae                _ctype_
                0x08008fb0                . = ALIGN (0x8)
 *fill*         0x08008faf        0x1 

.ARM.extab      0x08008fb0        0x0
                0x08008fb0                . = ALIGN (0x8)
 *(.ARM.extab* .gnu.linkonce.armextab.*)
                0x08008fb0                . = ALIGN (0x8)

.ARM            0x08008fb0        0x8
                0x08008fb0                . = ALIGN (0x8)
                0x08008fb0                __exidx_start = .
 *(.ARM.exidx*)
 .ARM.exidx     0x08008fb0        0x8 c:/program files (x86)/gnu tools arm embedded/8 2019-q3-update/bin/../lib/gcc/arm-none-eabi/8.3.1/thumb/v7e-m+fp/hard\libgcc.a(_udivmoddi4.o)
                0x08008fb8                __exidx_end = .
                0x08008fb8                . = ALIGN (0x8)

.rel.dyn        0x08008fb8        0x0
 .rel.iplt      0x08008fb8        0x0 c:/program files (x86)/gnu tools arm embedded/8 2019-q3-update/bin/../lib/gcc/arm-none-eabi/8.3.1/thumb/v7e-m+fp/hard/crtbegin.o

.preinit_array  0x08008fb8        0x0
                0x08008fb8                . = ALIGN (0x8)
                0x08008fb8                PROVIDE (__preinit_array_start = .)
 *(.preinit_array*)
                0x08008fb8                PROVIDE (__preinit_array_end = .)
                0x08008fb8                . = ALIGN (0x8)

.init_array     0x08008fb8        0x8
                0x08008fb8                . = ALIGN (0x8)
                0x08008fb8                PROVIDE (__init_array_start = .)
 *(SORT_BY_NAME(.init_array.*))
 *(.init_array*)
 .init_array    0x08008fb8        0x4 c:/program files (x86)/gnu tools arm embedded/8 2019-q3-update/bin/../lib/gcc/arm-none-eabi/8.3.1/thumb/v7e-m+fp/hard/crtbegin.o
                0x08008fbc                PROVIDE (__init_array_end = .)
                0x08008fc0                . = ALIGN (0x8)
 *fill*         0x08008fbc        0x4 

.fini_array     0x08008fc0        0x8
                0x08008fc0                . = ALIGN (0x8)
                [!provide]                PROVIDE (__fini_array_start = .)
 *(SORT_BY_NAME(.fini_array.*))
 *(.fini_array*)
 .fini_array    0x08008fc0        0x4 c:/program files (x86)/gnu tools arm embedded/8 2019-q3-update/bin/../lib/gcc/arm-none-eabi/8.3.1/thumb/v7e-m+fp/hard/crtbegin.o
                [!provide]                PROVIDE (__fini_array_end = .)
                0x08008fc8                . = ALIGN (0x8)
 *fill*         0x08008fc4        0x4 
                0x08008fc8                _sidata = LOADADDR (.data)

.data           0x20000000      0x218 load address 0x08008fc8
                0x20000000                . = ALIGN (0x8)
                0x20000000                _sdata = .
 *(.data)
 *(.data*)
 .data.modem_callbacks
                0x20000000       0x14 ../../applications/no-scheduler-example/build/murata.o
                0x20000000                modem_callbacks
 .data.session_config
                0x20000014       0x30 ../../applications/no-scheduler-example/build/murata.o
                0x20000014                session_config
 .data.SystemCoreClock
                0x20000044        0x4 ../../applications/no-scheduler-example/build/system_stm32l4xx.o
                0x20000044                SystemCoreClock
 .data._impure_ptr
                0x20000048        0x4 c:/program files (x86)/gnu tools arm embedded/8 2019-q3-update/bin/../lib/gcc/arm-none-eabi/8.3.1/../../../../arm-none-eabi/lib/thumb/v7e-m+fp/hard\libc_nano.a(lib_a-impure.o)
                0x20000048                _impure_ptr
 .data.impure_data
                0x2000004c       0x60 c:/program files (x86)/gnu tools arm embedded/8 2019-q3-update/bin/../lib/gcc/arm-none-eabi/8.3.1/../../../../arm-none-eabi/lib/thumb/v7e-m+fp/hard\libc_nano.a(lib_a-impure.o)
 .data.__global_locale
                0x200000ac      0x16c c:/program files (x86)/gnu tools arm embedded/8 2019-q3-update/bin/../lib/gcc/arm-none-eabi/8.3.1/../../../../arm-none-eabi/lib/thumb/v7e-m+fp/hard\libc_nano.a(lib_a-locale.o)
                0x200000ac                __global_locale
                0x20000218                . = ALIGN (0x8)
                0x20000218                _edata = .

.igot.plt       0x20000218        0x0 load address 0x080091e0
 .igot.plt      0x20000218        0x0 c:/program files (x86)/gnu tools arm embedded/8 2019-q3-update/bin/../lib/gcc/arm-none-eabi/8.3.1/thumb/v7e-m+fp/hard/crtbegin.o
                0x20000218                . = ALIGN (0x4)

.bss            0x20000218      0xb7c load address 0x080091e0
                0x20000218                _sbss = .
                0x20000218                __bss_start__ = _sbss
 *(.bss)
 .bss           0x20000218       0x1c c:/program files (x86)/gnu tools arm embedded/8 2019-q3-update/bin/../lib/gcc/arm-none-eabi/8.3.1/thumb/v7e-m+fp/hard/crtbegin.o
 *(.bss*)
 .bss.lora_init
                0x20000234        0x1 ../../applications/no-scheduler-example/build/no-scheduler-example.o
                0x20000234                lora_init
 *fill*         0x20000235        0x1 
 .bss.rep_counter
                0x20000236        0x2 ../../applications/no-scheduler-example/build/no-scheduler-example.o
                0x20000236                rep_counter
 .bss.temperatureflag
                0x20000238        0x1 ../../applications/no-scheduler-example/build/no-scheduler-example.o
                0x20000238                temperatureflag
 *fill*         0x20000239        0x1 
 .bss.crc       0x2000023a        0x2 ../../applications/no-scheduler-example/build/crc.o
 .bss.callbacks
                0x2000023c        0x4 ../../applications/no-scheduler-example/build/modem.o
 .bss.command   0x20000240      0x114 ../../applications/no-scheduler-example/build/modem.o
 .bss.alp_handler
                0x20000354        0x4 ../../applications/no-scheduler-example/build/modem_interface.o
 .bss.logging_handler
                0x20000358        0x4 ../../applications/no-scheduler-example/build/modem_interface.o
 .bss.modem_interface_tx_buffer
                0x2000035c       0xff ../../applications/no-scheduler-example/build/modem_interface.o
 *fill*         0x2000045b        0x1 
 .bss.modem_interface_tx_fifo
                0x2000045c       0x10 ../../applications/no-scheduler-example/build/modem_interface.o
 .bss.packet_down_counter
                0x2000046c        0x1 ../../applications/no-scheduler-example/build/modem_interface.o
 .bss.packet_up_counter
                0x2000046d        0x1 ../../applications/no-scheduler-example/build/modem_interface.o
 .bss.parsed_header
                0x2000046e        0x1 ../../applications/no-scheduler-example/build/modem_interface.o
 .bss.payload_len
                0x2000046f        0x1 ../../applications/no-scheduler-example/build/modem_interface.o
 .bss.ping_response_handler
                0x20000470        0x4 ../../applications/no-scheduler-example/build/modem_interface.o
 .bss.rx_buffer
                0x20000474      0x100 ../../applications/no-scheduler-example/build/modem_interface.o
 .bss.target_rebooted_cb
                0x20000574        0x4 ../../applications/no-scheduler-example/build/modem_interface.o
 .bss.murata_notification_sent
                0x20000578        0x1 ../../applications/no-scheduler-example/build/murata.o
                0x20000578                murata_notification_sent
 *fill*         0x20000579        0x3 
 .bss.pxCurrentTCB
                0x2000057c        0x4 ../../applications/no-scheduler-example/build/tasks.o
                0x2000057c                pxCurrentTCB
 .bss.pxDelayedTaskList
                0x20000580        0x4 ../../applications/no-scheduler-example/build/tasks.o
 .bss.pxOverflowDelayedTaskList
                0x20000584        0x4 ../../applications/no-scheduler-example/build/tasks.o
 .bss.pxReadyTasksLists
                0x20000588       0x8c ../../applications/no-scheduler-example/build/tasks.o
 .bss.uxPendedTicks
                0x20000614        0x4 ../../applications/no-scheduler-example/build/tasks.o
 .bss.uxSchedulerSuspended
                0x20000618        0x4 ../../applications/no-scheduler-example/build/tasks.o
 .bss.uxTopReadyPriority
                0x2000061c        0x4 ../../applications/no-scheduler-example/build/tasks.o
 .bss.xNextTaskUnblockTime
                0x20000620        0x4 ../../applications/no-scheduler-example/build/tasks.o
 .bss.xNumOfOverflows
                0x20000624        0x4 ../../applications/no-scheduler-example/build/tasks.o
 .bss.xTickCount
                0x20000628        0x4 ../../applications/no-scheduler-example/build/tasks.o
 .bss.xYieldPending
                0x2000062c        0x4 ../../applications/no-scheduler-example/build/tasks.o
 .bss.__malloc_free_list
                0x20000630        0x4 c:/program files (x86)/gnu tools arm embedded/8 2019-q3-update/bin/../lib/gcc/arm-none-eabi/8.3.1/../../../../arm-none-eabi/lib/thumb/v7e-m+fp/hard\libc_nano.a(lib_a-nano-mallocr.o)
                0x20000630                __malloc_free_list
 .bss.__malloc_sbrk_start
                0x20000634        0x4 c:/program files (x86)/gnu tools arm embedded/8 2019-q3-update/bin/../lib/gcc/arm-none-eabi/8.3.1/../../../../arm-none-eabi/lib/thumb/v7e-m+fp/hard\libc_nano.a(lib_a-nano-mallocr.o)
                0x20000634                __malloc_sbrk_start
 .bss.heap_end.5501
                0x20000638        0x4 c:/program files (x86)/gnu tools arm embedded/8 2019-q3-update/bin/../lib/gcc/arm-none-eabi/8.3.1/../../../../arm-none-eabi/lib/thumb/v7e-m+fp/hard\libnosys.a(sbrk.o)
 *(COMMON)
 *fill*         0x2000063c        0x4 
 COMMON         0x20000640      0x6b4 ../../applications/no-scheduler-example/build/no-scheduler-example.o
                0x20000640                magRawData
                0x20000648                accRawData
                0x20000650                P3_DIO6
                0x20000658                defaultTaskHandle
                0x2000065c                P2_DIO4
                0x20000664                loraWANTimId
                0x20000668                P3_I2C
                0x200006b4                P2_UART
                0x2000072c                P2_DIO5
                0x20000734                FLASH_SPI
                0x20000798                P2_DIO1
                0x200007a0                P3_UART
                0x20000818                P3_DIO1
                0x20000820                P1_UART
                0x20000898                P1_DIO4
                0x200008a0                hiwdg
                0x200008b0                P3_DIO2
                0x200008b8                P1_I2C
                0x20000904                P3_SPI
                0x20000968                temp
                0x2000096c                SHThi2cLib
                0x20000970                _i2caddr
                0x20000974                P1_SPI
                0x200009d8                LSM303AGR_setting
                0x200009dc                magRegisterData
                0x200009e4                txMutexId
                0x200009e8                USB_UART
                0x20000a60                common_I2C
                0x20000aac                P2_DIO6
                0x20000ab4                accRegisterData
                0x20000abc                murata_reset_pin
                0x20000ac0                P3_DIO3
                0x20000ac8                humidity
                0x20000acc                BLE_UART
                0x20000b44                P1_DIO6
                0x20000b4c                murata_wakeup_pin
                0x20000b50                temp_hum_timer_id
                0x20000b54                threadToNotify
                0x20000b58                P2_DIO3
                0x20000b60                P1_DIO3